Component: ARM Compiler 5.06 update 6 (build 750) Tool: armlink [4d35ed]

==============================================================================

Section Cross References

    startup_stm32f407xx.o(RESET) refers to startup_stm32f407xx.o(STACK) for __initial_sp
    startup_stm32f407xx.o(RESET) refers to startup_stm32f407xx.o(.text) for Reset_Handler
    startup_stm32f407xx.o(RESET) refers to stm32f4xx_it.o(i.NMI_Handler) for NMI_Handler
    startup_stm32f407xx.o(RESET) refers to stm32f4xx_it.o(i.HardFault_Handler) for HardFault_Handler
    startup_stm32f407xx.o(RESET) refers to stm32f4xx_it.o(i.MemManage_Handler) for MemManage_Handler
    startup_stm32f407xx.o(RESET) refers to stm32f4xx_it.o(i.BusFault_Handler) for BusFault_Handler
    startup_stm32f407xx.o(RESET) refers to stm32f4xx_it.o(i.UsageFault_Handler) for UsageFault_Handler
    startup_stm32f407xx.o(RESET) refers to port.o(.emb_text) for SVC_Handler
    startup_stm32f407xx.o(RESET) refers to stm32f4xx_it.o(i.DebugMon_Handler) for DebugMon_Handler
    startup_stm32f407xx.o(RESET) refers to port.o(i.SysTick_Handler) for SysTick_Handler
    startup_stm32f407xx.o(RESET) refers to stm32f4xx_it.o(i.DMA1_Stream1_IRQHandler) for DMA1_Stream1_IRQHandler
    startup_stm32f407xx.o(RESET) refers to stm32f4xx_it.o(i.CAN1_RX0_IRQHandler) for CAN1_RX0_IRQHandler
    startup_stm32f407xx.o(RESET) refers to stm32f4xx_it.o(i.CAN1_RX1_IRQHandler) for CAN1_RX1_IRQHandler
    startup_stm32f407xx.o(RESET) refers to stm32f4xx_it.o(i.SPI1_IRQHandler) for SPI1_IRQHandler
    startup_stm32f407xx.o(RESET) refers to stm32f4xx_it.o(i.USART1_IRQHandler) for USART1_IRQHandler
    startup_stm32f407xx.o(RESET) refers to stm32f4xx_it.o(i.USART3_IRQHandler) for USART3_IRQHandler
    startup_stm32f407xx.o(RESET) refers to stm32f4xx_it.o(i.TIM7_IRQHandler) for TIM7_IRQHandler
    startup_stm32f407xx.o(RESET) refers to stm32f4xx_it.o(i.DMA2_Stream1_IRQHandler) for DMA2_Stream1_IRQHandler
    startup_stm32f407xx.o(RESET) refers to stm32f4xx_it.o(i.CAN2_RX0_IRQHandler) for CAN2_RX0_IRQHandler
    startup_stm32f407xx.o(RESET) refers to stm32f4xx_it.o(i.CAN2_RX1_IRQHandler) for CAN2_RX1_IRQHandler
    startup_stm32f407xx.o(RESET) refers to stm32f4xx_it.o(i.DMA2_Stream6_IRQHandler) for DMA2_Stream6_IRQHandler
    startup_stm32f407xx.o(RESET) refers to stm32f4xx_it.o(i.USART6_IRQHandler) for USART6_IRQHandler
    startup_stm32f407xx.o(RESET) refers to stm32f4xx_it.o(i.I2C3_EV_IRQHandler) for I2C3_EV_IRQHandler
    startup_stm32f407xx.o(.text) refers to system_stm32f4xx.o(i.SystemInit) for SystemInit
    startup_stm32f407xx.o(.text) refers to entry.o(.ARM.Collect$$$$00000000) for __main
    main.o(i.HAL_TIM_PeriodElapsedCallback) refers to stm32f4xx_hal.o(i.HAL_IncTick) for HAL_IncTick
    main.o(i.SystemClock_Config) refers to memseta.o(.text) for __aeabi_memclr4
    main.o(i.SystemClock_Config) refers to stm32f4xx_hal_rcc.o(i.HAL_RCC_OscConfig) for HAL_RCC_OscConfig
    main.o(i.SystemClock_Config) refers to stm32f4xx_hal_rcc.o(i.HAL_RCC_ClockConfig) for HAL_RCC_ClockConfig
    main.o(i.main) refers to stm32f4xx_hal.o(i.HAL_Init) for HAL_Init
    main.o(i.main) refers to main.o(i.SystemClock_Config) for SystemClock_Config
    main.o(i.main) refers to gpio.o(i.MX_GPIO_Init) for MX_GPIO_Init
    main.o(i.main) refers to dma.o(i.MX_DMA_Init) for MX_DMA_Init
    main.o(i.main) refers to can.o(i.MX_CAN1_Init) for MX_CAN1_Init
    main.o(i.main) refers to can.o(i.MX_CAN2_Init) for MX_CAN2_Init
    main.o(i.main) refers to tim.o(i.MX_TIM1_Init) for MX_TIM1_Init
    main.o(i.main) refers to tim.o(i.MX_TIM4_Init) for MX_TIM4_Init
    main.o(i.main) refers to tim.o(i.MX_TIM10_Init) for MX_TIM10_Init
    main.o(i.main) refers to i2c.o(i.MX_I2C3_Init) for MX_I2C3_Init
    main.o(i.main) refers to spi.o(i.MX_SPI1_Init) for MX_SPI1_Init
    main.o(i.main) refers to usart.o(i.MX_USART1_UART_Init) for MX_USART1_UART_Init
    main.o(i.main) refers to usart.o(i.MX_USART3_UART_Init) for MX_USART3_UART_Init
    main.o(i.main) refers to usart.o(i.MX_USART6_UART_Init) for MX_USART6_UART_Init
    main.o(i.main) refers to crc.o(i.MX_CRC_Init) for MX_CRC_Init
    main.o(i.main) refers to tim.o(i.MX_TIM14_Init) for MX_TIM14_Init
    main.o(i.main) refers to remote.o(i.Remote_init) for Remote_init
    main.o(i.main) refers to attituderesolve.o(i.IMU_init) for IMU_init
    main.o(i.main) refers to bsp_can.o(i.CanFilterInit) for CanFilterInit
    main.o(i.main) refers to stm32f4xx_hal_tim.o(i.HAL_TIM_PWM_Start) for HAL_TIM_PWM_Start
    main.o(i.main) refers to stm32f4xx_hal_gpio.o(i.HAL_GPIO_WritePin) for HAL_GPIO_WritePin
    main.o(i.main) refers to pc_communicate.o(i.PC_communicate_init) for PC_communicate_init
    main.o(i.main) refers to cmsis_os2.o(i.osKernelInitialize) for osKernelInitialize
    main.o(i.main) refers to freertos.o(i.MX_FREERTOS_Init) for MX_FREERTOS_Init
    main.o(i.main) refers to cmsis_os2.o(i.osKernelStart) for osKernelStart
[...]
    HAL_RCC_GetSysClockFreq                  0x08002c55   Thumb Code    88  stm32f4xx_hal_rcc.o(i.HAL_RCC_GetSysClockFreq)
    HAL_RCC_OscConfig                        0x08002cb9   Thumb Code   840  stm32f4xx_hal_rcc.o(i.HAL_RCC_OscConfig)
    HAL_SPI_ErrorCallback                    0x08003015   Thumb Code     2  stm32f4xx_hal_spi.o(i.HAL_SPI_ErrorCallback)
    HAL_SPI_IRQHandler                       0x08003019   Thumb Code   246  stm32f4xx_hal_spi.o(i.HAL_SPI_IRQHandler)
    HAL_SPI_Init                             0x08003115   Thumb Code   128  stm32f4xx_hal_spi.o(i.HAL_SPI_Init)
    HAL_SPI_MspInit                          0x08003195   Thumb Code   144  spi.o(i.HAL_SPI_MspInit)
    HAL_SPI_TransmitReceive                  0x08003235   Thumb Code   482  stm32f4xx_hal_spi.o(i.HAL_SPI_TransmitReceive)
    HAL_TIMEx_BreakCallback                  0x08003417   Thumb Code     2  stm32f4xx_hal_tim_ex.o(i.HAL_TIMEx_BreakCallback)
    HAL_TIMEx_CommutCallback                 0x08003419   Thumb Code     2  stm32f4xx_hal_tim_ex.o(i.HAL_TIMEx_CommutCallback)
    HAL_TIMEx_ConfigBreakDeadTime            0x0800341b   Thumb Code    84  stm32f4xx_hal_tim_ex.o(i.HAL_TIMEx_ConfigBreakDeadTime)
    HAL_TIMEx_MasterConfigSynchronization    0x08003471   Thumb Code   116  stm32f4xx_hal_tim_ex.o(i.HAL_TIMEx_MasterConfigSynchronization)
    HAL_TIM_Base_Init                        0x08003501   Thumb Code    54  stm32f4xx_hal_tim.o(i.HAL_TIM_Base_Init)
    HAL_TIM_Base_MspInit                     0x08003539   Thumb Code    56  tim.o(i.HAL_TIM_Base_MspInit)
    HAL_TIM_Base_Start                       0x0800357d   Thumb Code    36  stm32f4xx_hal_tim.o(i.HAL_TIM_Base_Start)
    HAL_TIM_Base_Start_IT                    0x080035a1   Thumb Code    34  stm32f4xx_hal_tim.o(i.HAL_TIM_Base_Start_IT)
    HAL_TIM_Base_Stop                        0x080035c3   Thumb Code    44  stm32f4xx_hal_tim.o(i.HAL_TIM_Base_Stop)
    HAL_TIM_IC_CaptureCallback               0x080035ef   Thumb Code     2  stm32f4xx_hal_tim.o(i.HAL_TIM_IC_CaptureCallback)
    HAL_TIM_IRQHandler                       0x080035f1   Thumb Code   358  stm32f4xx_hal_tim.o(i.HAL_TIM_IRQHandler)
    HAL_TIM_MspPostInit                      0x08003759   Thumb Code   152  tim.o(i.HAL_TIM_MspPostInit)
    HAL_TIM_OC_DelayElapsedCallback          0x0800380d   Thumb Code     2  stm32f4xx_hal_tim.o(i.HAL_TIM_OC_DelayElapsedCallback)
    HAL_TIM_PWM_ConfigChannel                0x0800380f   Thumb Code   208  stm32f4xx_hal_tim.o(i.HAL_TIM_PWM_ConfigChannel)
    HAL_TIM_PWM_Init                         0x080038df   Thumb Code    54  stm32f4xx_hal_tim.o(i.HAL_TIM_PWM_Init)
    HAL_TIM_PWM_MspInit                      0x08003915   Thumb Code    56  tim.o(i.HAL_TIM_PWM_MspInit)
    HAL_TIM_PWM_PulseFinishedCallback        0x08003959   Thumb Code     2  stm32f4xx_hal_tim.o(i.HAL_TIM_PWM_PulseFinishedCallback)
    HAL_TIM_PWM_Start                        0x0800395d   Thumb Code    58  stm32f4xx_hal_tim.o(i.HAL_TIM_PWM_Start)
    HAL_TIM_PWM_Stop                         0x080039a1   Thumb Code    84  stm32f4xx_hal_tim.o(i.HAL_TIM_PWM_Stop)
    HAL_TIM_PeriodElapsedCallback            0x080039fd   Thumb Code    14  main.o(i.HAL_TIM_PeriodElapsedCallback)
    HAL_TIM_TriggerCallback                  0x08003a11   Thumb Code     2  stm32f4xx_hal_tim.o(i.HAL_TIM_TriggerCallback)
    HAL_UART_DMAStop                         0x08003a13   Thumb Code    88  stm32f4xx_hal_uart.o(i.HAL_UART_DMAStop)
    HAL_UART_ErrorCallback                   0x08003a6b   Thumb Code     2  stm32f4xx_hal_uart.o(i.HAL_UART_ErrorCallback)
    HAL_UART_IRQHandler                      0x08003a6d   Thumb Code   270  stm32f4xx_hal_uart.o(i.HAL_UART_IRQHandler)
    HAL_UART_Init                            0x08003b81   Thumb Code    98  stm32f4xx_hal_uart.o(i.HAL_UART_Init)
    HAL_UART_MspInit                         0x08003be5   Thumb Code   452  usart.o(i.HAL_UART_MspInit)
    HAL_UART_Receive_DMA                     0x08003dd5   Thumb Code   138  stm32f4xx_hal_uart.o(i.HAL_UART_Receive_DMA)
    HAL_UART_Receive_IT                      0x08003e6d   Thumb Code    82  stm32f4xx_hal_uart.o(i.HAL_UART_Receive_IT)
    HAL_UART_RxCpltCallback                  0x08003ec1   Thumb Code    12  pc_communicate.o(i.HAL_UART_RxCpltCallback)
    HAL_UART_RxHalfCpltCallback              0x08003ed1   Thumb Code     2  stm32f4xx_hal_uart.o(i.HAL_UART_RxHalfCpltCallback)
    HAL_UART_TxCpltCallback                  0x08003ed3   Thumb Code     2  stm32f4xx_hal_uart.o(i.HAL_UART_TxCpltCallback)
    HardFault_Handler                        0x08003ed5   Thumb Code     2  stm32f4xx_it.o(i.HardFault_Handler)
    I2C3_EV_IRQHandler                       0x08003ed9   Thumb Code     6  stm32f4xx_it.o(i.I2C3_EV_IRQHandler)
    IMU_Heat_Control                         0x08004781   Thumb Code    32  imu_heat.o(i.IMU_Heat_Control)
    IMU_Heat_init                            0x080047a9   Thumb Code    62  imu_heat.o(i.IMU_Heat_init)
    IMU_init                                 0x08004805   Thumb Code   106  attituderesolve.o(i.IMU_init)
    Is_Error                                 0x0800488d   Thumb Code     8  supervise.o(i.Is_Error)
    KalmanInit                               0x08004899   Thumb Code    38  kalman.o(i.KalmanInit)
    Kalman_Filter                            0x080048c9   Thumb Code   212  kalman.o(i.Kalman_Filter)
    KeyStateChange                           0x0800499d   Thumb Code    34  remote.o(i.KeyStateChange)
    LedTimer                                 0x080049c5   Thumb Code    58  freertos.o(i.LedTimer)
    LostCounterFeed                          0x08004a09   Thumb Code    10  supervise.o(i.LostCounterFeed)
    MX_CAN1_Init                             0x08004a19   Thumb Code    64  can.o(i.MX_CAN1_Init)
    MX_CAN2_Init                             0x08004a61   Thumb Code    64  can.o(i.MX_CAN2_Init)
    MX_CRC_Init                              0x08004aa9   Thumb Code    28  crc.o(i.MX_CRC_Init)
    MX_DMA_Init                              0x08004acd   Thumb Code    88  dma.o(i.MX_DMA_Init)
    MX_FREERTOS_Init                         0x08004b29   Thumb Code   150  freertos.o(i.MX_FREERTOS_Init)
    MX_GPIO_Init                             0x08004bed   Thumb Code   266  gpio.o(i.MX_GPIO_Init)
    MX_I2C3_Init                             0x08004d11   Thumb Code    50  i2c.o(i.MX_I2C3_Init)
    MX_SPI1_Init                             0x08004d51   Thumb Code    64  spi.o(i.MX_SPI1_Init)
    MX_TIM10_Init                            0x08004d99   Thumb Code    94  tim.o(i.MX_TIM10_Init)
    MX_TIM14_Init                            0x08004e01   Thumb Code    46  tim.o(i.MX_TIM14_Init)
    MX_TIM1_Init                             0x08004e39   Thumb Code   152  tim.o(i.MX_TIM1_Init)
    MX_TIM4_Init                             0x08004ed9   Thumb Code   104  tim.o(i.MX_TIM4_Init)
    MX_USART1_UART_Init                      0x08004f49   Thumb Code    48  usart.o(i.MX_USART1_UART_Init)
    MX_USART3_UART_Init                      0x08004f81   Thumb Code    54  usart.o(i.MX_USART3_UART_Init)
    MX_USART6_UART_Init                      0x08004fc5   Thumb Code    48  usart.o(i.MX_USART6_UART_Init)
    MemManage_Handler                        0x08004ffd   Thumb Code     2  stm32f4xx_it.o(i.MemManage_Handler)
    MotorEncoderProcess                      0x08004fff   Thumb Code    74  motor.o(i.MotorEncoderProcess)
    MotorParamInit                           0x08005049   Thumb Code    42  motor.o(i.MotorParamInit)
    NMI_Handler                              0x08005073   Thumb Code     2  stm32f4xx_it.o(i.NMI_Handler)
    PC_RxCpltCallback                        0x08005075   Thumb Code    20  pc_communicate.o(i.PC_RxCpltCallback)
    PC_communicate_init                      0x08005091   Thumb Code    10  pc_communicate.o(i.PC_communicate_init)
    PID_Calc                                 0x080050a5   Thumb Code   232  pid.o(i.PID_Calc)
    PcDataReceiveHandle                      0x0800518d   Thumb Code    62  pc_communicate.o(i.PcDataReceiveHandle)
    REMOTE_IDLE_Callback                     0x080051d5   Thumb Code   116  remote.o(i.REMOTE_IDLE_Callback)
    Referee_Data_Init                        0x08005259   Thumb Code   102  referee_solve.o(i.Referee_Data_Init)
    Referee_Data_Solve                       0x080052c9   Thumb Code   282  referee_solve.o(i.Referee_Data_Solve)
    Referee_IDLE_Callback                    0x080053ed   Thumb Code   126  referee_usart.o(i.Referee_IDLE_Callback)
    Referee_Unpack_FIFO_Data                 0x08005481   Thumb Code   254  referee_usart.o(i.Referee_Unpack_FIFO_Data)
    RemoteData                               0x08005585   Thumb Code   174  remote.o(i.RemoteData)
    Remote_init                              0x08005639   Thumb Code    22  remote.o(i.Remote_init)
    RobotParamInit                           0x08005659   Thumb Code   566  robot.o(i.RobotParamInit)
    RobotStateChange                         0x080058ed   Thumb Code   252  robot.o(i.RobotStateChange)
    SPI1_IRQHandler                          0x08005a21   Thumb Code     6  stm32f4xx_it.o(i.SPI1_IRQHandler)
    ShootCtrl_MouseKey                       0x08005b29   Thumb Code   154  shoot_interface.o(i.ShootCtrl_MouseKey)
    ShootCtrl_Remote                         0x08005be5   Thumb Code    42  shoot_interface.o(i.ShootCtrl_Remote)
    ShootParamCalculate                      0x08005c1d   Thumb Code   138  shoot_calculate.o(i.ShootParamCalculate)
    ShootParamChange                         0x08005cb9   Thumb Code   186  shoot_calculate.o(i.ShootParamChange)
    StartChassisTask                         0x08005d95   Thumb Code    12  freertos.o(i.StartChassisTask)
    StartDefaultTask                         0x08005da1   Thumb Code    18  freertos.o(i.StartDefaultTask)
    StartGimbalTask                          0x08005db9   Thumb Code    12  freertos.o(i.StartGimbalTask)
    StartImuTask                             0x08005dc5   Thumb Code    28  freertos.o(i.StartImuTask)
    StartRefereeTask                         0x08005de5   Thumb Code    32  freertos.o(i.StartRefereeTask)
    StartRobotCMDTask                        0x08005e0d   Thumb Code    16  freertos.o(i.StartRobotCMDTask)
    StartShootTask                           0x08005e1d   Thumb Code    12  freertos.o(i.StartShootTask)
    SuperviseTaskHandle                      0x08005e29   Thumb Code    50  supervise.o(i.SuperviseTaskHandle)
    SuperviseTimer                           0x08005e65   Thumb Code     4  freertos.o(i.SuperviseTimer)
    SysTick_Handler                          0x08005e69   Thumb Code    38  port.o(i.SysTick_Handler)
    SystemClock_Config                       0x08005e95   Thumb Code   140  main.o(i.SystemClock_Config)
    SystemInit                               0x08005f29   Thumb Code    22  system_stm32f4xx.o(i.SystemInit)
    TIM7_IRQHandler                          0x08005f45   Thumb Code     6  stm32f4xx_it.o(i.TIM7_IRQHandler)
    TIM_Base_SetConfig                       0x08005f51   Thumb Code   156  stm32f4xx_hal_tim.o(i.TIM_Base_SetConfig)
    TIM_CCxChannelCmd                        0x08006019   Thumb Code    26  stm32f4xx_hal_tim.o(i.TIM_CCxChannelCmd)
    TIM_OC2_SetConfig                        0x08006095   Thumb Code    98  stm32f4xx_hal_tim.o(i.TIM_OC2_SetConfig)
    USART1_IRQHandler                        0x080064c1   Thumb Code     6  stm32f4xx_it.o(i.USART1_IRQHandler)
    USART3_IRQHandler                        0x080064cd   Thumb Code     6  stm32f4xx_it.o(i.USART3_IRQHandler)
    USART6_IRQHandler                        0x080064d9   Thumb Code     4  stm32f4xx_it.o(i.USART6_IRQHandler)
    USART6_Init                              0x080064dd   Thumb Code   168  referee_usart.o(i.USART6_Init)
    UsageFault_Handler                       0x080065a1   Thumb Code     2  stm32f4xx_it.o(i.UsageFault_Handler)
    __ARM_fpclassify                         0x080065a3   Thumb Code    48  fpclassify.o(i.__ARM_fpclassify)
    __ARM_fpclassifyf                        0x080065d3   Thumb Code    38  fpclassifyf.o(i.__ARM_fpclassifyf)
    __hardfp_asinf                           0x08006619   Thumb Code   258  asinf.o(i.__hardfp_asinf)
    __hardfp_atan2f                          0x08006745   Thumb Code   502  atan2f.o(i.__hardfp_atan2f)
    __hardfp_cos                             0x08006999   Thumb Code   180  cos.o(i.__hardfp_cos)
    __hardfp_powf                            0x08006a61   Thumb Code  1606  powf.o(i.__hardfp_powf)
    __mathlib_powf                           0x08006a61   Thumb Code     0  powf.o(i.__hardfp_powf)
    __hardfp_sin                             0x080070c9   Thumb Code   180  sin.o(i.__hardfp_sin)
    __hardfp_sqrt                            0x08007191   Thumb Code   122  sqrt.o(i.__hardfp_sqrt)
    __hardfp_sqrtf                           0x0800720b   Thumb Code    58  sqrtf.o(i.__hardfp_sqrtf)
    __ieee754_rem_pio2                       0x08007249   Thumb Code   938  rred.o(i.__ieee754_rem_pio2)
    __kernel_cos                             0x08007681   Thumb Code   322  cos_i.o(i.__kernel_cos)
    __kernel_poly                            0x080077f1   Thumb Code   248  poly.o(i.__kernel_poly)
    __kernel_sin                             0x080078e9   Thumb Code   280  sin_i.o(i.__kernel_sin)
    __mathlib_dbl_infnan                     0x08007a19   Thumb Code    20  dunder.o(i.__mathlib_dbl_infnan)
    __mathlib_dbl_invalid                    0x08007a31   Thumb Code    24  dunder.o(i.__mathlib_dbl_invalid)
    __mathlib_dbl_underflow                  0x08007a51   Thumb Code    24  dunder.o(i.__mathlib_dbl_underflow)
    __mathlib_flt_divzero                    0x08007a71   Thumb Code    14  funder.o(i.__mathlib_flt_divzero)
    __mathlib_flt_infnan                     0x08007a85   Thumb Code     6  funder.o(i.__mathlib_flt_infnan)
    __mathlib_flt_infnan2                    0x08007a8b   Thumb Code     6  funder.o(i.__mathlib_flt_infnan2)
    __mathlib_flt_invalid                    0x08007a91   Thumb Code    10  funder.o(i.__mathlib_flt_invalid)
    __mathlib_flt_overflow                   0x08007aa1   Thumb Code    10  funder.o(i.__mathlib_flt_overflow)
    __mathlib_flt_underflow                  0x08007ab1   Thumb Code    10  funder.o(i.__mathlib_flt_underflow)
    __scatterload_copy                       0x08007ac1   Thumb Code    14  handlers.o(i.__scatterload_copy)
    __scatterload_null                       0x08007acf   Thumb Code     2  handlers.o(i.__scatterload_null)
    __scatterload_zeroinit                   0x08007ad1   Thumb Code    14  handlers.o(i.__scatterload_zeroinit)
    __set_errno                              0x08007ae1   Thumb Code     6  errno.o(i.__set_errno)
    bmi088_accel_init                        0x08007aed   Thumb Code   266  bmi088driver.o(i.bmi088_accel_init)
    bmi088_gyro_init                         0x08007bfd   Thumb Code   214  bmi088driver.o(i.bmi088_gyro_init)
    fabs                                     0x08007cd9   Thumb Code    24  fabs.o(i.fabs)
    fifo_s_get                               0x08007cf1   Thumb Code    44  fifo.o(i.fifo_s_get)
    fifo_s_init                              0x08007d1d   Thumb Code    22  fifo.o(i.fifo_s_init)
    fifo_s_puts                              0x08007d33   Thumb Code   124  fifo.o(i.fifo_s_puts)
    fifo_s_used                              0x08007daf   Thumb Code     4  fifo.o(i.fifo_s_used)
    get_CRC16_check_sum                      0x08007db5   Thumb Code    38  crc8_crc16.o(i.get_CRC16_check_sum)
    get_CRC8_check_sum                       0x08007de1   Thumb Code    24  crc8_crc16.o(i.get_CRC8_check_sum)
    imuDataHandle                            0x08007dfd   Thumb Code   262  attituderesolve.o(i.imuDataHandle)
    imuUpdate                                0x08007f1d   Thumb Code   890  attituderesolve.o(i.imuUpdate)
    main                                     0x080082b5   Thumb Code   170  main.o(i.main)
    osDelay                                  0x08008381   Thumb Code    46  cmsis_os2.o(i.osDelay)
    osKernelInitialize                       0x080083b5   Thumb Code    48  cmsis_os2.o(i.osKernelInitialize)
    osKernelStart                            0x080083e9   Thumb Code    56  cmsis_os2.o(i.osKernelStart)
    osThreadNew                              0x08008425   Thumb Code   158  cmsis_os2.o(i.osThreadNew)
    osTimerNew                               0x080084c9   Thumb Code   124  cmsis_os2.o(i.osTimerNew)
    osTimerStart                             0x0800854d   Thumb Code    70  cmsis_os2.o(i.osTimerStart)
    processAccScale                          0x08008599   Thumb Code   122  attituderesolve.o(i.processAccScale)
    processGyroBias                          0x0800861d   Thumb Code   156  attituderesolve.o(i.processGyroBias)
    pvPortMalloc                             0x08008ea9   Thumb Code   210  heap_4.o(i.pvPortMalloc)
    pvTimerGetTimerID                        0x08008f81   Thumb Code    36  timers.o(i.pvTimerGetTimerID)
    pxPortInitialiseStack                    0x08008fa5   Thumb Code    40  port.o(i.pxPortInitialiseStack)
    sqrtf                                    0x080090ad   Thumb Code    62  sqrtf.o(i.sqrtf)
    uxListRemove                             0x080090eb   Thumb Code    38  list.o(i.uxListRemove)
    vApplicationGetIdleTaskMemory            0x08009111   Thumb Code    16  cmsis_os2.o(i.vApplicationGetIdleTaskMemory)
    vApplicationGetTimerTaskMemory           0x08009125   Thumb Code    18  cmsis_os2.o(i.vApplicationGetTimerTaskMemory)
    vListInitialise                          0x0800913d   Thumb Code    22  list.o(i.vListInitialise)
    vListInitialiseItem                      0x08009153   Thumb Code     6  list.o(i.vListInitialiseItem)
    vListInsert                              0x08009159   Thumb Code    48  list.o(i.vListInsert)
    vListInsertEnd                           0x08009189   Thumb Code    24  list.o(i.vListInsertEnd)
    vPortEnterCritical                       0x080091a1   Thumb Code    54  port.o(i.vPortEnterCritical)
    vPortExitCritical                        0x080091e1   Thumb Code    34  port.o(i.vPortExitCritical)
    vPortFree                                0x08009209   Thumb Code    88  heap_4.o(i.vPortFree)
    vPortSetupTimerInterrupt                 0x08009265   Thumb Code    32  port.o(i.vPortSetupTimerInterrupt)
    vPortValidateInterruptPriority           0x08009289   Thumb Code    74  port.o(i.vPortValidateInterruptPriority)
    vQueueAddToRegistry                      0x080092dd   Thumb Code    34  queue.o(i.vQueueAddToRegistry)
    vQueueWaitForMessageRestricted           0x08009305   Thumb Code    68  queue.o(i.vQueueWaitForMessageRestricted)
    vTaskDelay                               0x08009349   Thumb Code    66  tasks.o(i.vTaskDelay)
    vTaskInternalSetTimeOutState             0x08009395   Thumb Code    12  tasks.o(i.vTaskInternalSetTimeOutState)
    vTaskMissedYield                         0x080093a5   Thumb Code     8  tasks.o(i.vTaskMissedYield)
    vTaskPlaceOnEventList                    0x080093b1   Thumb Code    44  tasks.o(i.vTaskPlaceOnEventList)
    vTaskPlaceOnEventListRestricted          0x080093e1   Thumb Code    52  tasks.o(i.vTaskPlaceOnEventListRestricted)
    vTaskStartScheduler                      0x08009419   Thumb Code   118  tasks.o(i.vTaskStartScheduler)
    vTaskSuspendAll                          0x080094a1   Thumb Code    10  tasks.o(i.vTaskSuspendAll)
    vTaskSwitchContext                       0x080094b1   Thumb Code    90  tasks.o(i.vTaskSwitchContext)
    verify_CRC16_check_sum                   0x08009515   Thumb Code    54  crc8_crc16.o(i.verify_CRC16_check_sum)
    verify_CRC8_check_sum                    0x08009551   Thumb Code    38  crc8_crc16.o(i.verify_CRC8_check_sum)
    xPortStartScheduler                      0x08009579   Thumb Code   222  port.o(i.xPortStartScheduler)
    xQueueGenericCreateStatic                0x0800966d   Thumb Code   102  queue.o(i.xQueueGenericCreateStatic)
    xQueueGenericReset                       0x080096d5   Thumb Code   132  queue.o(i.xQueueGenericReset)
    xQueueGenericSend                        0x0800975d   Thumb Code   346  queue.o(i.xQueueGenericSend)
    xQueueGenericSendFromISR                 0x080098bd   Thumb Code   188  queue.o(i.xQueueGenericSendFromISR)
    xQueueReceive                            0x08009979   Thumb Code   308  queue.o(i.xQueueReceive)
    xTaskCheckForTimeOut                     0x08009ab1   Thumb Code   112  tasks.o(i.xTaskCheckForTimeOut)
    xTaskCreate                              0x08009b25   Thumb Code    90  tasks.o(i.xTaskCreate)
    xTaskCreateStatic                        0x08009b7f   Thumb Code    86  tasks.o(i.xTaskCreateStatic)
    xTaskGetSchedulerState                   0x08009bd5   Thumb Code    22  tasks.o(i.xTaskGetSchedulerState)
    xTaskGetTickCount                        0x08009bf1   Thumb Code     6  tasks.o(i.xTaskGetTickCount)
    xTaskIncrementTick                       0x08009bfd   Thumb Code   190  tasks.o(i.xTaskIncrementTick)
    xTaskPriorityDisinherit                  0x08009cc5   Thumb Code   118  tasks.o(i.xTaskPriorityDisinherit)
    xTaskRemoveFromEventList                 0x08009d45   Thumb Code    98  tasks.o(i.xTaskRemoveFromEventList)
    xTaskResumeAll                           0x08009db5   Thumb Code   182  tasks.o(i.xTaskResumeAll)
    xTimerCreate                             0x08009e79   Thumb Code    52  timers.o(i.xTimerCreate)
    xTimerCreateStatic                       0x08009ead   Thumb Code    46  timers.o(i.xTimerCreateStatic)
    xTimerCreateTimerTask                    0x08009edd   Thumb Code    78  timers.o(i.xTimerCreateTimerTask)
    xTimerGenericCommand                     0x08009f3d   Thumb Code    98  timers.o(i.xTimerGenericCommand)
    defaultTask_attributes                   0x08009fa4   Data          36  freertos.o(.constdata)
    ImuTask_attributes                       0x08009fc8   Data          36  freertos.o(.constdata)
    ShootTask_attributes                     0x08009fec   Data          36  freertos.o(.constdata)
    ChassisTask_attributes                   0x0800a010   Data          36  freertos.o(.constdata)
    GimbalTask_attributes                    0x0800a034   Data          36  freertos.o(.constdata)
    RobotCMDTask_attributes                  0x0800a058   Data          36  freertos.o(.constdata)
    RefereeTask_attributes                   0x0800a07c   Data          36  freertos.o(.constdata)
    LED_Timer_attributes                     0x0800a0a0   Data          16  freertos.o(.constdata)
    Supervise_Timer_attributes               0x0800a0b0   Data          16  freertos.o(.constdata)
    AHBPrescTable                            0x0800a0c8   Data          16  system_stm32f4xx.o(.constdata)
    APBPrescTable                            0x0800a0d8   Data           8  system_stm32f4xx.o(.constdata)
    CRC8_table                               0x0800a0e0   Data         256  crc8_crc16.o(.constdata)
    wCRC_table                               0x0800a1e0   Data         512  crc8_crc16.o(.constdata)
    Region$$Table$$Base                      0x0800a6b0   Number         0  anon$$obj.o(Region$$Table)
    Region$$Table$$Limit                     0x0800a6d0   Number         0  anon$$obj.o(Region$$Table)
    defaultTaskHandle                        0x20000004   Data           4  freertos.o(.data)
    ImuTaskHandle                            0x20000008   Data           4  freertos.o(.data)
    ShootTaskHandle                          0x2000000c   Data           4  freertos.o(.data)
    ChassisTaskHandle                        0x20000010   Data           4  freertos.o(.data)
    GimbalTaskHandle                         0x20000014   Data           4  freertos.o(.data)
    RobotCMDTaskHandle                       0x20000018   Data           4  freertos.o(.data)
    RefereeTaskHandle                        0x2000001c   Data           4  freertos.o(.data)
    LED_TimerHandle                          0x20000020   Data           4  freertos.o(.data)
    Supervise_TimerHandle                    0x20000024   Data           4  freertos.o(.data)
    hcrc                                     0x2000002c   Data           8  crc.o(.data)
    uwTickFreq                               0x20000034   Data           1  stm32f4xx_hal.o(.data)
    uwTickPrio                               0x20000038   Data           4  stm32f4xx_hal.o(.data)
    uwTick                                   0x2000003c   Data           4  stm32f4xx_hal.o(.data)
    SystemCoreClock                          0x20000040   Data           4  system_stm32f4xx.o(.data)
    pxCurrentTCB                             0x20000044   Data           4  tasks.o(.data)
    CanRecvData_FIFO0                        0x200000bc   Data           8  bsp_can.o(.data)
    CanRecvData_FIFO1                        0x200000c4   Data           8  bsp_can.o(.data)
    TxMessage1_4                             0x200000cc   Data          24  motor.o(.data)
    TxMessage5_8                             0x200000e4   Data          24  motor.o(.data)
    TxMessage9_12                            0x200000fc   Data          24  motor.o(.data)
    CRC16_INIT                               0x20000114   Data           2  crc8_crc16.o(.data)
    accScale                                 0x20000124   Data           4  attituderesolve.o(.data)
    Kp                                       0x20000128   Data           4  attituderesolve.o(.data)
    Ki                                       0x2000012c   Data           4  attituderesolve.o(.data)
    exInt                                    0x20000130   Data           4  attituderesolve.o(.data)
    eyInt                                    0x20000134   Data           4  attituderesolve.o(.data)
    ezInt                                    0x20000138   Data           4  attituderesolve.o(.data)
    last_update                              0x2000014c   Data           4  attituderesolve.o(.data)
    now_update                               0x20000150   Data           4  attituderesolve.o(.data)
    lost_err                                 0x20000178   Data           4  supervise.o(.data)
    music_nxt                                0x20000180   Data         160  beep.o(.data)
    game_result                              0x20000220   Data           1  referee_solve.o(.data)
    buff_musk_t                              0x20000221   Data           1  referee_solve.o(.data)
    robot_hurt_t                             0x20000222   Data           1  referee_solve.o(.data)
    bullet_remaining_t                       0x20000223   Data           1  referee_solve.o(.data)
    referee_warning_t                        0x20000224   Data           2  referee_solve.o(.data)
    robot_energy_t                           0x20000226   Data           2  referee_solve.o(.data)
    game_state                               0x20000228   Data           3  referee_solve.o(.data)
    supply_projectile_booking_t              0x2000022b   Data           3  referee_solve.o(.data)
    field_event                              0x2000022e   Data           4  referee_solve.o(.data)
    supply_projectile_action_t               0x20000232   Data           4  referee_solve.o(.data)
    referee_receive_header                   0x20000236   Data           5  referee_solve.o(.data)
    referee_send_header                      0x2000023b   Data           5  referee_solve.o(.data)
    shoot_data_t                             0x20000240   Data           6  referee_solve.o(.data)
    pc_rx_buf                                0x20000248   Data           1  pc_communicate.o(.data)
    curr_position                            0x20000254   Data           4  shoot_interface.o(.data)
    expect_position                          0x20000258   Data           4  shoot_interface.o(.data)
    hcan1                                    0x20000260   Data          40  can.o(.bss)
    hcan2                                    0x20000288   Data          40  can.o(.bss)
    hi2c3                                    0x200002b0   Data          84  i2c.o(.bss)
    hspi1                                    0x20000304   Data          88  spi.o(.bss)
    htim1                                    0x2000035c   Data          64  tim.o(.bss)
    htim4                                    0x2000039c   Data          64  tim.o(.bss)
    htim10                                   0x200003dc   Data          64  tim.o(.bss)
    htim14                                   0x2000041c   Data          64  tim.o(.bss)
    huart1                                   0x2000045c   Data          64  usart.o(.bss)
    huart3                                   0x2000049c   Data          64  usart.o(.bss)
    huart6                                   0x200004dc   Data          64  usart.o(.bss)
    hdma_usart3_rx                           0x2000051c   Data          96  usart.o(.bss)
    hdma_usart6_rx                           0x2000057c   Data          96  usart.o(.bss)
    hdma_usart6_tx                           0x200005dc   Data          96  usart.o(.bss)
    htim7                                    0x2000063c   Data          64  stm32f4xx_hal_timebase_tim.o(.bss)
    xQueueRegistry                           0x2000067c   Data          64  queue.o(.bss)
    rc_data                                  0x20004f50   Data          18  remote.o(.bss)
    Remote                                   0x20004f64   Data         112  remote.o(.bss)
    can1_motor_1                             0x20004fd4   Data         232  motor.o(.bss)
    can1_motor_2                             0x200050bc   Data         232  motor.o(.bss)
    can1_motor_3                             0x200051a4   Data         232  motor.o(.bss)
    can1_motor_4                             0x2000528c   Data         232  motor.o(.bss)
    can1_motor_5                             0x20005374   Data         232  motor.o(.bss)
    can1_motor_6                             0x2000545c   Data         232  motor.o(.bss)
    can1_motor_7                             0x20005544   Data         232  motor.o(.bss)
    can1_motor_9                             0x2000562c   Data         232  motor.o(.bss)
    can2_motor_1                             0x20005714   Data         232  motor.o(.bss)
    can2_motor_2                             0x200057fc   Data         232  motor.o(.bss)
    can2_motor_3                             0x200058e4   Data         232  motor.o(.bss)
    can2_motor_4                             0x200059cc   Data         232  motor.o(.bss)
    can2_motor_5                             0x20005ab4   Data         232  motor.o(.bss)
    can2_motor_6                             0x20005b9c   Data         232  motor.o(.bss)
    can2_motor_7                             0x20005c84   Data         232  motor.o(.bss)
    can2_motor_9                             0x20005d6c   Data         232  motor.o(.bss)
    Kalman_yaw                               0x20005e54   Data          96  kalman.o(.bss)
    Kalman_pitch                             0x20005eb4   Data          96  kalman.o(.bss)
    Kalman_roll                              0x20005f14   Data          96  kalman.o(.bss)
    gyroBiasRunning                          0x20005f74   Data       12308  attituderesolve.o(.bss)
    bmi088                                   0x20008f88   Data         104  attituderesolve.o(.bss)
    imuHeat_pid_t                            0x20008ff0   Data          52  imu_heat.o(.bss)
    lost_counter                             0x20009024   Data          48  supervise.o(.bss)
    game_robot_HP_t                          0x20009054   Data          28  referee_solve.o(.bss)
    robot_state                              0x20009070   Data          15  referee_solve.o(.bss)
    power_heat_data_t                        0x2000907f   Data          14  referee_solve.o(.bss)
    game_robot_pos_t                         0x2000908d   Data          16  referee_solve.o(.bss)
    student_interactive_data_t               0x2000909d   Data          12  referee_solve.o(.bss)
    usart6_buf                               0x200090ac   Data        1024  referee_usart.o(.bss)
    referee_fifo                             0x200094ac   Data          24  referee_usart.o(.bss)
    referee_unpack_obj                       0x200094c4   Data         137  referee_usart.o(.bss)
    referee_fifo_buf                         0x2000954d   Data        1024  referee_usart.o(.bss)
    pc_tx                                    0x2000994d   Data          11  pc_communicate.o(.bss)
    pc_rx                                    0x20009958   Data          16  pc_communicate.o(.bss)
    data_rx                                  0x20009968   Data          16  pc_communicate.o(.bss)
    data_tx                                  0x20009978   Data          11  pc_communicate.o(.bss)
    infantry                                 0x20009984   Data          72  robot.o(.bss)
    __initial_sp                             0x2000c3d0   Data           0  startup_stm32f407xx.o(STACK)



==============================================================================

Memory Map of the image

  Image Entry point : 0x08000189

  Load Region LR_IROM1 (Base: 0x08000000, Size: 0x0000a930, Max: 0x00100000, ABSOLUTE, COMPRESSED[0x0000a730])

    Execution Region ER_IROM1 (Exec base: 0x08000000, Load base: 0x08000000, Size: 0x0000a6d0, Max: 0x00100000, ABSOLUTE)

    Exec Addr    Load Addr    Size         Type   Attr      Idx    E Section Name        Object

    0x08000000   0x08000000   0x00000188   Data   RO            3    RESET               startup_stm32f407xx.o
    0x08000188   0x08000188   0x00000000   Code   RO         7498  * .ARM.Collect$$$$00000000  mc_w.l(entry.o)
    0x08000188   0x08000188   0x00000004   Code   RO         7595    .ARM.Collect$$$$00000001  mc_w.l(entry2.o)
    0x0800018c   0x0800018c   0x00000004   Code   RO         7598    .ARM.Collect$$$$00000004  mc_w.l(entry5.o)
    0x08000190   0x08000190   0x00000000   Code   RO         7600    .ARM.Collect$$$$00000008  mc_w.l(entry7b.o)
    0x08000190   0x08000190   0x00000000   Code   RO         7602    .ARM.Collect$$$$0000000A  mc_w.l(entry8b.o)
    0x08000190   0x08000190   0x00000008   Code   RO         7603    .ARM.Collect$$$$0000000B  mc_w.l(entry9a.o)
    0x08000198   0x08000198   0x00000000   Code   RO         7605    .ARM.Collect$$$$0000000D  mc_w.l(entry10a.o)
    0x08000198   0x08000198   0x00000000   Code   RO         7607    .ARM.Collect$$$$0000000F  mc_w.l(entry11a.o)
    0x08000198   0x08000198   0x00000004   Code   RO         7596    .ARM.Collect$$$$00002712  mc_w.l(entry2.o)
    0x0800019c   0x0800019c   0x000000be   Code   RO         5992    .emb_text           port.o
    0x0800025a   0x0800025a   0x00000002   PAD
    0x0800025c   0x0800025c   0x00000024   Code   RO            4    .text               startup_stm32f407xx.o
    0x08000280   0x08000280   0x00000062   Code   RO         7501    .text               mc_w.l(uldiv.o)
    0x080002e2   0x080002e2   0x00000024   Code   RO         7503    .text               mc_w.l(memcpya.o)
    0x08000306   0x08000306   0x00000024   Code   RO         7507    .text               mc_w.l(memseta.o)
    0x0800032a   0x0800032a   0x0000014e   Code   RO         7539    .text               mf_w.l(dadd.o)
    0x08000478   0x08000478   0x000000e4   Code   RO         7541    .text               mf_w.l(dmul.o)
    0x0800055c   0x0800055c   0x00000022   Code   RO         7543    .text               mf_w.l(dflti.o)
    0x0800057e   0x0800057e   0x0000003e   Code   RO         7545    .text               mf_w.l(dfixi.o)
    0x080005bc   0x080005bc   0x00000026   Code   RO         7547    .text               mf_w.l(f2d.o)
    0x080005e2   0x080005e2   0x00000038   Code   RO         7549    .text               mf_w.l(d2f.o)
    0x0800061a   0x0800061a   0x0000001e   Code   RO         7609    .text               mc_w.l(llshl.o)
    0x08000638   0x08000638   0x00000020   Code   RO         7611    .text               mc_w.l(llushr.o)
    0x08000658   0x08000658   0x00000024   Code   RO         7613    .text               mc_w.l(llsshr.o)
    0x0800067c   0x0800067c   0x00000000   Code   RO         7624    .text               mc_w.l(iusefp.o)
    0x0800067c   0x0800067c   0x0000006e   Code   RO         7625    .text               mf_w.l(fepilogue.o)
    0x080006ea   0x080006ea   0x000000ba   Code   RO         7627    .text               mf_w.l(depilogue.o)
    0x080007a4   0x080007a4   0x000000a2   Code   RO         7631    .text               mf_w.l(dsqrt.o)
    0x08000846   0x08000846   0x00000004   Code   RO         7635    .text               mf_w.l(fpstat.o)
    0x0800084a   0x0800084a   0x00000002   PAD
    0x0800084c   0x0800084c   0x00000024   Code   RO         7647    .text               mc_w.l(init.o)
    0x08000870   0x08000870   0x000000de   Code   RO         7649    .text               mf_w.l(ddiv.o)
    0x0800094e   0x0800094e   0x0000001a   Code   RO         7651    .text               mf_w.l(dfltui.o)
    0x08000968   0x08000968   0x00000056   Code   RO         7661    .text               mc_w.l(__dczerorl2.o)
    0x080009be   0x080009be   0x00000002   PAD
    0x080009c0   0x080009c0   0x00000010   Code   RO         6868    i.BMI088_ACCEL_NS_H  bmi088middleware.o
    0x080009d0   0x080009d0   0x00000010   Code   RO         6869    i.BMI088_ACCEL_NS_L  bmi088middleware.o
    0x080009e0   0x080009e0   0x00000010   Code   RO         6870    i.BMI088_GYRO_NS_H  bmi088middleware.o
    0x080009f0   0x080009f0   0x00000010   Code   RO         6871    i.BMI088_GYRO_NS_L  bmi088middleware.o
    0x08000a00   0x08000a00   0x00000018   Code   RO         6872    i.BMI088_delay_ms   bmi088middleware.o
    0x08000a18   0x08000a18   0x00000030   Code   RO         6873    i.BMI088_delay_us   bmi088middleware.o
    0x08000a48   0x08000a48   0x00000010   Code   RO         6803    i.BMI088_init       bmi088driver.o
    0x08000a58   0x08000a58   0x00000150   Code   RO         6804    i.BMI088_read       bmi088driver.o
    0x08000ba8   0x08000ba8   0x00000024   Code   RO         6805    i.BMI088_read_muli_reg  bmi088driver.o
    0x08000bcc   0x08000bcc   0x00000016   Code   RO         6806    i.BMI088_read_single_reg  bmi088driver.o
    0x08000be2   0x08000be2   0x00000002   PAD
    0x08000be4   0x08000be4   0x00000020   Code   RO         6874    i.BMI088_read_write_byte  bmi088middleware.o
    0x08000c04   0x08000c04   0x00000012   Code   RO         6807    i.BMI088_write_single_reg  bmi088driver.o
    0x08000c16   0x08000c16   0x00000002   PAD
    0x08000c18   0x08000c18   0x00000044   Code   RO         7005    i.Beep              beep.o
    0x08000c5c   0x08000c5c   0x00000002   Code   RO          739    i.BusFault_Handler  stm32f4xx_it.o
    0x08000c5e   0x08000c5e   0x00000002   PAD
    0x08000c60   0x08000c60   0x0000000c   Code   RO          740    i.CAN1_RX0_IRQHandler  stm32f4xx_it.o
    0x08000c6c   0x08000c6c   0x0000000c   Code   RO          741    i.CAN1_RX1_IRQHandler  stm32f4xx_it.o
    0x08000c78   0x08000c78   0x0000000c   Code   RO          742    i.CAN2_RX0_IRQHandler  stm32f4xx_it.o
    0x08000c84   0x08000c84   0x0000000c   Code   RO          743    i.CAN2_RX1_IRQHandler  stm32f4xx_it.o
    0x08000c90   0x08000c90   0x000000a4   Code   RO         6123    i.Can1DataReceive   bsp_can.o
    0x08000d34   0x08000d34   0x000000a4   Code   RO         6124    i.Can2DataReceive   bsp_can.o
    0x08000dd8   0x08000dd8   0x000000c0   Code   RO         6125    i.CanFilterInit     bsp_can.o
    0x08000e98   0x08000e98   0x0000003c   Code   RO         6175    i.CanTransmit_1234  motor.o
    0x08000ed4   0x08000ed4   0x0000003c   Code   RO         6177    i.CanTransmit_9_12  motor.o
    0x08000f10   0x08000f10   0x000000a8   Code   RO         7251    i.ChassisCtrl_MouseKey  chassis_interface.o
    0x08000fb8   0x08000fb8   0x00000074   Code   RO         7252    i.ChassisCtrl_Remote  chassis_interface.o
    0x0800102c   0x0800102c   0x00000080   Code   RO         7209    i.ChassisParamCalculate  chassis_calculate.o
    0x080010ac   0x080010ac   0x000001c8   Code   RO         7210    i.ChassisParamChange  chassis_calculate.o
    0x08001274   0x08001274   0x0000000c   Code   RO          744    i.DMA1_Stream1_IRQHandler  stm32f4xx_it.o
    0x08001280   0x08001280   0x0000000c   Code   RO          745    i.DMA2_Stream1_IRQHandler  stm32f4xx_it.o
    0x0800128c   0x0800128c   0x0000000c   Code   RO          746    i.DMA2_Stream6_IRQHandler  stm32f4xx_it.o
    0x08001298   0x08001298   0x00000028   Code   RO         1631    i.DMA_CalcBaseAndBitshift  stm32f4xx_hal_dma.o
    0x080012c0   0x080012c0   0x00000054   Code   RO         1632    i.DMA_CheckFifoParam  stm32f4xx_hal_dma.o
    0x08001314   0x08001314   0x00000028   Code   RO         1633    i.DMA_SetConfig     stm32f4xx_hal_dma.o
    0x0800133c   0x0800133c   0x00000002   Code   RO          747    i.DebugMon_Handler  stm32f4xx_it.o
    0x0800133e   0x0800133e   0x00000004   Code   RO           13    i.Error_Handler     main.o
    0x08001342   0x08001342   0x00000002   PAD
    0x08001344   0x08001344   0x000000f4   Code   RO         7317    i.GimbalCtrl_MouseKey  gimbal_interface.o
    0x08001438   0x08001438   0x000000f4   Code   RO         7318    i.GimbalCtrl_Remote  gimbal_interface.o
    0x0800152c   0x0800152c   0x000000a4   Code   RO         7282    i.GimbalParamCalculate  gimbal_calculate.o
    0x080015d0   0x080015d0   0x000000f4   Code   RO         7283    i.GimbalParamChange  gimbal_calculate.o
    0x080016c4   0x080016c4   0x00000024   Code   RO          939    i.HAL_CAN_ActivateNotification  stm32f4xx_hal_can.o
    0x080016e8   0x080016e8   0x000000c8   Code   RO          940    i.HAL_CAN_AddTxMessage  stm32f4xx_hal_can.o
    0x080017b0   0x080017b0   0x0000010c   Code   RO          941    i.HAL_CAN_ConfigFilter  stm32f4xx_hal_can.o
    0x080018bc   0x080018bc   0x00000002   Code   RO          944    i.HAL_CAN_ErrorCallback  stm32f4xx_hal_can.o
    0x080018be   0x080018be   0x000000e8   Code   RO          947    i.HAL_CAN_GetRxMessage  stm32f4xx_hal_can.o
    0x080019a6   0x080019a6   0x000001fc   Code   RO          951    i.HAL_CAN_IRQHandler  stm32f4xx_hal_can.o
    0x08001ba2   0x08001ba2   0x0000011a   Code   RO          952    i.HAL_CAN_Init      stm32f4xx_hal_can.o
    0x08001cbc   0x08001cbc   0x0000011c   Code   RO          409    i.HAL_CAN_MspInit   can.o
    0x08001dd8   0x08001dd8   0x00000002   Code   RO          959    i.HAL_CAN_RxFifo0FullCallback  stm32f4xx_hal_can.o
    0x08001dda   0x08001dda   0x00000002   PAD
    0x08001ddc   0x08001ddc   0x00000044   Code   RO         6126    i.HAL_CAN_RxFifo0MsgPendingCallback  bsp_can.o
    0x08001e20   0x08001e20   0x00000002   Code   RO          961    i.HAL_CAN_RxFifo1FullCallback  stm32f4xx_hal_can.o
    0x08001e22   0x08001e22   0x00000002   PAD
    0x08001e24   0x08001e24   0x00000044   Code   RO         6127    i.HAL_CAN_RxFifo1MsgPendingCallback  bsp_can.o
    0x08001e68   0x08001e68   0x00000002   Code   RO          963    i.HAL_CAN_SleepCallback  stm32f4xx_hal_can.o
    0x08001e6a   0x08001e6a   0x00000002   PAD
    0x08001e6c   0x08001e6c   0x00000058   Code   RO          964    i.HAL_CAN_Start     stm32f4xx_hal_can.o
    0x08001ec4   0x08001ec4   0x00000002   Code   RO          966    i.HAL_CAN_TxMailbox0AbortCallback  stm32f4xx_hal_can.o
    0x08001ec6   0x08001ec6   0x00000002   Code   RO          967    i.HAL_CAN_TxMailbox0CompleteCallback  stm32f4xx_hal_can.o
    0x08001ec8   0x08001ec8   0x00000002   Code   RO          968    i.HAL_CAN_TxMailbox1AbortCallback  stm32f4xx_hal_can.o
    0x08001eca   0x08001eca   0x00000002   Code   RO          969    i.HAL_CAN_TxMailbox1CompleteCallback  stm32f4xx_hal_can.o
    0x08001ecc   0x08001ecc   0x00000002   Code   RO          970    i.HAL_CAN_TxMailbox2AbortCallback  stm32f4xx_hal_can.o
    0x08001ece   0x08001ece   0x00000002   Code   RO          971    i.HAL_CAN_TxMailbox2CompleteCallback  stm32f4xx_hal_can.o
    0x08001ed0   0x08001ed0   0x00000002   Code   RO          973    i.HAL_CAN_WakeUpFromRxMsgCallback  stm32f4xx_hal_can.o
    0x08001ed2   0x08001ed2   0x00000022   Code   RO         2308    i.HAL_CRC_Init      stm32f4xx_hal_crc.o
    0x08001ef4   0x08001ef4   0x00000028   Code   RO          458    i.HAL_CRC_MspInit   crc.o
    0x08001f1c   0x08001f1c   0x0000008e   Code   RO         1634    i.HAL_DMA_Abort     stm32f4xx_hal_dma.o
    0x08001faa   0x08001faa   0x00000024   Code   RO         1635    i.HAL_DMA_Abort_IT  stm32f4xx_hal_dma.o
    0x08001fce   0x08001fce   0x00000006   Code   RO         1638    i.HAL_DMA_GetState  stm32f4xx_hal_dma.o
    0x08001fd4   0x08001fd4   0x000001a0   Code   RO         1639    i.HAL_DMA_IRQHandler  stm32f4xx_hal_dma.o
    0x08002174   0x08002174   0x000000d4   Code   RO         1640    i.HAL_DMA_Init      stm32f4xx_hal_dma.o
    0x08002248   0x08002248   0x0000006e   Code   RO         1644    i.HAL_DMA_Start_IT  stm32f4xx_hal_dma.o
    0x080022b6   0x080022b6   0x00000002   PAD
    0x080022b8   0x080022b8   0x000001b8   Code   RO         1527    i.HAL_GPIO_Init     stm32f4xx_hal_gpio.o
    0x08002470   0x08002470   0x0000000e   Code   RO         1530    i.HAL_GPIO_TogglePin  stm32f4xx_hal_gpio.o
    0x0800247e   0x0800247e   0x0000000a   Code   RO         1531    i.HAL_GPIO_WritePin  stm32f4xx_hal_gpio.o
    0x08002488   0x08002488   0x0000000c   Code   RO         2059    i.HAL_GetTick       stm32f4xx_hal.o
    0x08002494   0x08002494   0x00000002   Code   RO         2364    i.HAL_I2C_AbortCpltCallback  stm32f4xx_hal_i2c.o
    0x08002496   0x08002496   0x00000002   Code   RO         2365    i.HAL_I2C_AddrCallback  stm32f4xx_hal_i2c.o
    0x08002498   0x08002498   0x00000266   Code   RO         2369    i.HAL_I2C_EV_IRQHandler  stm32f4xx_hal_i2c.o
    0x080026fe   0x080026fe   0x00000002   Code   RO         2371    i.HAL_I2C_ErrorCallback  stm32f4xx_hal_i2c.o
    0x08002700   0x08002700   0x00000188   Code   RO         2375    i.HAL_I2C_Init      stm32f4xx_hal_i2c.o
    0x08002888   0x08002888   0x00000002   Code   RO         2377    i.HAL_I2C_ListenCpltCallback  stm32f4xx_hal_i2c.o
    0x0800288a   0x0800288a   0x00000002   Code   RO         2378    i.HAL_I2C_MasterRxCpltCallback  stm32f4xx_hal_i2c.o
    0x0800288c   0x0800288c   0x00000002   Code   RO         2379    i.HAL_I2C_MasterTxCpltCallback  stm32f4xx_hal_i2c.o
    0x0800288e   0x0800288e   0x00000002   Code   RO         2391    i.HAL_I2C_MemRxCpltCallback  stm32f4xx_hal_i2c.o
    0x08002890   0x08002890   0x00000002   Code   RO         2392    i.HAL_I2C_MemTxCpltCallback  stm32f4xx_hal_i2c.o
    0x08002892   0x08002892   0x00000002   PAD
    0x08002894   0x08002894   0x00000098   Code   RO          524    i.HAL_I2C_MspInit   i2c.o
    0x0800292c   0x0800292c   0x00000002   Code   RO         2401    i.HAL_I2C_SlaveRxCpltCallback  stm32f4xx_hal_i2c.o
    0x0800292e   0x0800292e   0x00000002   Code   RO         2402    i.HAL_I2C_SlaveTxCpltCallback  stm32f4xx_hal_i2c.o
    0x08002930   0x08002930   0x00000010   Code   RO         2065    i.HAL_IncTick       stm32f4xx_hal.o
    0x08002940   0x08002940   0x00000034   Code   RO         2066    i.HAL_Init          stm32f4xx_hal.o
    0x08002974   0x08002974   0x00000074   Code   RO          899    i.HAL_InitTick      stm32f4xx_hal_timebase_tim.o
    0x080029e8   0x080029e8   0x00000038   Code   RO          875    i.HAL_MspInit       stm32f4xx_hal_msp.o
    0x08002a20   0x08002a20   0x0000001a   Code   RO         1916    i.HAL_NVIC_EnableIRQ  stm32f4xx_hal_cortex.o
    0x08002a3a   0x08002a3a   0x00000002   PAD
    0x08002a3c   0x08002a3c   0x00000040   Code   RO         1922    i.HAL_NVIC_SetPriority  stm32f4xx_hal_cortex.o
    0x08002a7c   0x08002a7c   0x00000024   Code   RO         1923    i.HAL_NVIC_SetPriorityGrouping  stm32f4xx_hal_cortex.o
    0x08002aa0   0x08002aa0   0x00000134   Code   RO         1173    i.HAL_RCC_ClockConfig  stm32f4xx_hal_rcc.o
    0x08002bd4   0x08002bd4   0x00000040   Code   RO         1177    i.HAL_RCC_GetClockConfig  stm32f4xx_hal_rcc.o
    0x08002c14   0x08002c14   0x00000020   Code   RO         1180    i.HAL_RCC_GetPCLK1Freq  stm32f4xx_hal_rcc.o
    0x08002c34   0x08002c34   0x00000020   Code   RO         1181    i.HAL_RCC_GetPCLK2Freq  stm32f4xx_hal_rcc.o
    0x08002c54   0x08002c54   0x00000064   Code   RO         1182    i.HAL_RCC_GetSysClockFreq  stm32f4xx_hal_rcc.o
    0x08002cb8   0x08002cb8   0x0000035c   Code   RO         1185    i.HAL_RCC_OscConfig  stm32f4xx_hal_rcc.o
    0x08003014   0x08003014   0x00000002   Code   RO         2816    i.HAL_SPI_ErrorCallback  stm32f4xx_hal_spi.o
    0x08003016   0x08003016   0x00000002   PAD
    0x08003018   0x08003018   0x000000fc   Code   RO         2819    i.HAL_SPI_IRQHandler  stm32f4xx_hal_spi.o
    0x08003114   0x08003114   0x00000080   Code   RO         2820    i.HAL_SPI_Init      stm32f4xx_hal_spi.o
    0x08003194   0x08003194   0x000000a0   Code   RO          566    i.HAL_SPI_MspInit   spi.o
    0x08003234   0x08003234   0x000001e2   Code   RO         2829    i.HAL_SPI_TransmitReceive  stm32f4xx_hal_spi.o
    0x08003416   0x08003416   0x00000002   Code   RO         3808    i.HAL_TIMEx_BreakCallback  stm32f4xx_hal_tim_ex.o
    0x08003418   0x08003418   0x00000002   Code   RO         3809    i.HAL_TIMEx_CommutCallback  stm32f4xx_hal_tim_ex.o
    0x0800341a   0x0800341a   0x00000054   Code   RO         3811    i.HAL_TIMEx_ConfigBreakDeadTime  stm32f4xx_hal_tim_ex.o
    0x0800346e   0x0800346e   0x00000002   PAD
    0x08003470   0x08003470   0x00000090   Code   RO         3826    i.HAL_TIMEx_MasterConfigSynchronization  stm32f4xx_hal_tim_ex.o
    0x08003500   0x08003500   0x00000036   Code   RO         3133    i.HAL_TIM_Base_Init  stm32f4xx_hal_tim.o
    0x08003536   0x08003536   0x00000002   PAD
    0x08003538   0x08003538   0x00000044   Code   RO          608    i.HAL_TIM_Base_MspInit  tim.o
    0x0800357c   0x0800357c   0x00000024   Code   RO         3136    i.HAL_TIM_Base_Start  stm32f4xx_hal_tim.o
    0x080035a0   0x080035a0   0x00000022   Code   RO         3138    i.HAL_TIM_Base_Start_IT  stm32f4xx_hal_tim.o
    0x080035c2   0x080035c2   0x0000002c   Code   RO         3139    i.HAL_TIM_Base_Stop  stm32f4xx_hal_tim.o
    0x080035ee   0x080035ee   0x00000002   Code   RO         3162    i.HAL_TIM_IC_CaptureCallback  stm32f4xx_hal_tim.o
    0x080035f0   0x080035f0   0x00000166   Code   RO         3176    i.HAL_TIM_IRQHandler  stm32f4xx_hal_tim.o
    0x08003756   0x08003756   0x00000002   PAD
    0x08003758   0x08003758   0x000000b4   Code   RO          609    i.HAL_TIM_MspPostInit  tim.o
    0x0800380c   0x0800380c   0x00000002   Code   RO         3179    i.HAL_TIM_OC_DelayElapsedCallback  stm32f4xx_hal_tim.o
    0x0800380e   0x0800380e   0x000000d0   Code   RO         3200    i.HAL_TIM_PWM_ConfigChannel  stm32f4xx_hal_tim.o
    0x080038de   0x080038de   0x00000036   Code   RO         3203    i.HAL_TIM_PWM_Init  stm32f4xx_hal_tim.o
    0x08003914   0x08003914   0x00000044   Code   RO          611    i.HAL_TIM_PWM_MspInit  tim.o
    0x08003958   0x08003958   0x00000002   Code   RO         3206    i.HAL_TIM_PWM_PulseFinishedCallback  stm32f4xx_hal_tim.o
    0x0800395a   0x0800395a   0x00000002   PAD
    0x0800395c   0x0800395c   0x00000044   Code   RO         3208    i.HAL_TIM_PWM_Start  stm32f4xx_hal_tim.o
    0x080039a0   0x080039a0   0x0000005c   Code   RO         3211    i.HAL_TIM_PWM_Stop  stm32f4xx_hal_tim.o
    0x080039fc   0x080039fc   0x00000014   Code   RO           14    i.HAL_TIM_PeriodElapsedCallback  main.o
    0x08003a10   0x08003a10   0x00000002   Code   RO         3219    i.HAL_TIM_TriggerCallback  stm32f4xx_hal_tim.o
    0x08003a12   0x08003a12   0x00000058   Code   RO         4078    i.HAL_UART_DMAStop  stm32f4xx_hal_uart.o
    0x08003a6a   0x08003a6a   0x00000002   Code   RO         4080    i.HAL_UART_ErrorCallback  stm32f4xx_hal_uart.o
    0x08003a6c   0x08003a6c   0x00000114   Code   RO         4083    i.HAL_UART_IRQHandler  stm32f4xx_hal_uart.o
    0x08003b80   0x08003b80   0x00000062   Code   RO         4084    i.HAL_UART_Init     stm32f4xx_hal_uart.o
    0x08003be2   0x08003be2   0x00000002   PAD
    0x08003be4   0x08003be4   0x000001f0   Code   RO          686    i.HAL_UART_MspInit  usart.o
    0x08003dd4   0x08003dd4   0x00000098   Code   RO         4088    i.HAL_UART_Receive_DMA  stm32f4xx_hal_uart.o
    0x08003e6c   0x08003e6c   0x00000052   Code   RO         4089    i.HAL_UART_Receive_IT  stm32f4xx_hal_uart.o
    0x08003ebe   0x08003ebe   0x00000002   PAD
    0x08003ec0   0x08003ec0   0x00000010   Code   RO         7120    i.HAL_UART_RxCpltCallback  pc_communicate.o
    0x08003ed0   0x08003ed0   0x00000002   Code   RO         4091    i.HAL_UART_RxHalfCpltCallback  stm32f4xx_hal_uart.o
    0x08003ed2   0x08003ed2   0x00000002   Code   RO         4095    i.HAL_UART_TxCpltCallback  stm32f4xx_hal_uart.o
    0x08003ed4   0x08003ed4   0x00000002   Code   RO          748    i.HardFault_Handler  stm32f4xx_it.o
    0x08003ed6   0x08003ed6   0x00000002   PAD
    0x08003ed8   0x08003ed8   0x0000000c   Code   RO          749    i.I2C3_EV_IRQHandler  stm32f4xx_it.o
    0x08003ee4   0x08003ee4   0x000000bc   Code   RO         2413    i.I2C_DMAAbort      stm32f4xx_hal_i2c.o
    0x08003fa0   0x08003fa0   0x00000158   Code   RO         2416    i.I2C_ITError       stm32f4xx_hal_i2c.o
    0x080040f8   0x080040f8   0x000000d2   Code   RO         2418    i.I2C_MasterReceive_BTF  stm32f4xx_hal_i2c.o
    0x080041ca   0x080041ca   0x00000002   PAD
    0x080041cc   0x080041cc   0x000000e8   Code   RO         2419    i.I2C_MasterReceive_RXNE  stm32f4xx_hal_i2c.o
    0x080042b4   0x080042b4   0x00000074   Code   RO         2422    i.I2C_MasterTransmit_BTF  stm32f4xx_hal_i2c.o
    0x08004328   0x08004328   0x000000b6   Code   RO         2423    i.I2C_MasterTransmit_TXE  stm32f4xx_hal_i2c.o
    0x080043de   0x080043de   0x00000002   PAD
    0x080043e0   0x080043e0   0x00000118   Code   RO         2424    i.I2C_Master_ADDR   stm32f4xx_hal_i2c.o
    0x080044f8   0x080044f8   0x0000008c   Code   RO         2425    i.I2C_Master_SB     stm32f4xx_hal_i2c.o
    0x08004584   0x08004584   0x000000a0   Code   RO         2426    i.I2C_MemoryTransmit_TXE_BTF  stm32f4xx_hal_i2c.o
    0x08004624   0x08004624   0x0000015c   Code   RO         2430    i.I2C_Slave_STOPF   stm32f4xx_hal_i2c.o
    0x08004780   0x08004780   0x00000028   Code   RO         6929    i.IMU_Heat_Control  imu_heat.o
    0x080047a8   0x080047a8   0x0000005c   Code   RO         6930    i.IMU_Heat_init     imu_heat.o
    0x08004804   0x08004804   0x00000088   Code   RO         6734    i.IMU_init          attituderesolve.o
    0x0800488c   0x0800488c   0x0000000c   Code   RO         6963    i.Is_Error          supervise.o
    0x08004898   0x08004898   0x00000030   Code   RO         6431    i.KalmanInit        kalman.o
    0x080048c8   0x080048c8   0x000000d4   Code   RO         6432    i.Kalman_Filter     kalman.o
    0x0800499c   0x0800499c   0x00000028   Code   RO         6072    i.KeyStateChange    remote.o
    0x080049c4   0x080049c4   0x00000044   Code   RO          266    i.LedTimer          freertos.o
    0x08004a08   0x08004a08   0x00000010   Code   RO         6965    i.LostCounterFeed   supervise.o
    0x08004a18   0x08004a18   0x00000048   Code   RO          410    i.MX_CAN1_Init      can.o
    0x08004a60   0x08004a60   0x00000048   Code   RO          411    i.MX_CAN2_Init      can.o
    0x08004aa8   0x08004aa8   0x00000024   Code   RO          459    i.MX_CRC_Init       crc.o
    0x08004acc   0x08004acc   0x0000005c   Code   RO          499    i.MX_DMA_Init       dma.o
    0x08004b28   0x08004b28   0x000000c4   Code   RO          267    i.MX_FREERTOS_Init  freertos.o
    0x08004bec   0x08004bec   0x00000124   Code   RO          242    i.MX_GPIO_Init      gpio.o
    0x08004d10   0x08004d10   0x00000040   Code   RO          525    i.MX_I2C3_Init      i2c.o
    0x08004d50   0x08004d50   0x00000048   Code   RO          567    i.MX_SPI1_Init      spi.o
    0x08004d98   0x08004d98   0x00000068   Code   RO          612    i.MX_TIM10_Init     tim.o
    0x08004e00   0x08004e00   0x00000038   Code   RO          613    i.MX_TIM14_Init     tim.o
    0x08004e38   0x08004e38   0x000000a0   Code   RO          614    i.MX_TIM1_Init      tim.o
    0x08004ed8   0x08004ed8   0x00000070   Code   RO          615    i.MX_TIM4_Init      tim.o
    0x08004f48   0x08004f48   0x00000038   Code   RO          687    i.MX_USART1_UART_Init  usart.o
    0x08004f80   0x08004f80   0x00000044   Code   RO          688    i.MX_USART3_UART_Init  usart.o
    0x08004fc4   0x08004fc4   0x00000038   Code   RO          689    i.MX_USART6_UART_Init  usart.o
    0x08004ffc   0x08004ffc   0x00000002   Code   RO          750    i.MemManage_Handler  stm32f4xx_it.o
    0x08004ffe   0x08004ffe   0x0000004a   Code   RO         6178    i.MotorEncoderProcess  motor.o
    0x08005048   0x08005048   0x0000002a   Code   RO         6179    i.MotorParamInit    motor.o
    0x08005072   0x08005072   0x00000002   Code   RO          751    i.NMI_Handler       stm32f4xx_it.o
    0x08005074   0x08005074   0x0000001c   Code   RO         7121    i.PC_RxCpltCallback  pc_communicate.o
    0x08005090   0x08005090   0x00000014   Code   RO         7122    i.PC_communicate_init  pc_communicate.o
    0x080050a4   0x080050a4   0x000000e8   Code   RO         6297    i.PID_Calc          pid.o
    0x0800518c   0x0800518c   0x00000048   Code   RO         7123    i.PcDataReceiveHandle  pc_communicate.o
    0x080051d4   0x080051d4   0x00000084   Code   RO         6074    i.REMOTE_IDLE_Callback  remote.o
    0x08005258   0x08005258   0x00000070   Code   RO         7038    i.Referee_Data_Init  referee_solve.o
    0x080052c8   0x080052c8   0x00000124   Code   RO         7039    i.Referee_Data_Solve  referee_solve.o
    0x080053ec   0x080053ec   0x00000094   Code   RO         7072    i.Referee_IDLE_Callback  referee_usart.o
    0x08005480   0x08005480   0x00000104   Code   RO         7073    i.Referee_Unpack_FIFO_Data  referee_usart.o
    0x08005584   0x08005584   0x000000b4   Code   RO         6075    i.RemoteData        remote.o
    0x08005638   0x08005638   0x00000020   Code   RO         6076    i.Remote_init       remote.o
    0x08005658   0x08005658   0x00000294   Code   RO         7175    i.RobotParamInit    robot.o
    0x080058ec   0x080058ec   0x00000134   Code   RO         7176    i.RobotStateChange  robot.o
    0x08005a20   0x08005a20   0x0000000c   Code   RO          752    i.SPI1_IRQHandler   stm32f4xx_it.o
    0x08005a2c   0x08005a2c   0x00000010   Code   RO         2847    i.SPI_DMAAbortOnError  stm32f4xx_hal_spi.o
    0x08005a3c   0x08005a3c   0x00000058   Code   RO         2858    i.SPI_EndRxTxTransaction  stm32f4xx_hal_spi.o
    0x08005a94   0x08005a94   0x00000094   Code   RO         2863    i.SPI_WaitFlagStateUntilTimeout  stm32f4xx_hal_spi.o
    0x08005b28   0x08005b28   0x000000bc   Code   RO         7380    i.ShootCtrl_MouseKey  shoot_interface.o
    0x08005be4   0x08005be4   0x00000038   Code   RO         7381    i.ShootCtrl_Remote  shoot_interface.o
    0x08005c1c   0x08005c1c   0x0000009c   Code   RO         7349    i.ShootParamCalculate  shoot_calculate.o
    0x08005cb8   0x08005cb8   0x000000dc   Code   RO         7350    i.ShootParamChange  shoot_calculate.o
    0x08005d94   0x08005d94   0x0000000c   Code   RO          268    i.StartChassisTask  freertos.o
    0x08005da0   0x08005da0   0x00000018   Code   RO          269    i.StartDefaultTask  freertos.o
    0x08005db8   0x08005db8   0x0000000c   Code   RO          270    i.StartGimbalTask   freertos.o
    0x08005dc4   0x08005dc4   0x00000020   Code   RO          271    i.StartImuTask      freertos.o
    0x08005de4   0x08005de4   0x00000028   Code   RO          272    i.StartRefereeTask  freertos.o
    0x08005e0c   0x08005e0c   0x00000010   Code   RO          273    i.StartRobotCMDTask  freertos.o
    0x08005e1c   0x08005e1c   0x0000000c   Code   RO          274    i.StartShootTask    freertos.o
    0x08005e28   0x08005e28   0x0000003c   Code   RO         6966    i.SuperviseTaskHandle  supervise.o
    0x08005e64   0x08005e64   0x00000004   Code   RO          275    i.SuperviseTimer    freertos.o
    0x08005e68   0x08005e68   0x0000002c   Code   RO         5993    i.SysTick_Handler   port.o
    0x08005e94   0x08005e94   0x00000094   Code   RO           15    i.SystemClock_Config  main.o
    0x08005f28   0x08005f28   0x0000001c   Code   RO         4386    i.SystemInit        system_stm32f4xx.o
    0x08005f44   0x08005f44   0x0000000c   Code   RO          753    i.TIM7_IRQHandler   stm32f4xx_it.o
    0x08005f50   0x08005f50   0x000000c8   Code   RO         3221    i.TIM_Base_SetConfig  stm32f4xx_hal_tim.o
    0x08006018   0x08006018   0x0000001a   Code   RO         3222    i.TIM_CCxChannelCmd  stm32f4xx_hal_tim.o
    0x08006032   0x08006032   0x00000002   PAD
    0x08006034   0x08006034   0x00000060   Code   RO         3234    i.TIM_OC1_SetConfig  stm32f4xx_hal_tim.o
    0x08006094   0x08006094   0x0000006c   Code   RO         3235    i.TIM_OC2_SetConfig  stm32f4xx_hal_tim.o
    0x08006100   0x08006100   0x00000068   Code   RO         3236    i.TIM_OC3_SetConfig  stm32f4xx_hal_tim.o
    0x08006168   0x08006168   0x00000050   Code   RO         3237    i.TIM_OC4_SetConfig  stm32f4xx_hal_tim.o
    0x080061b8   0x080061b8   0x00000018   Code   RO         5512    i.TimerCallback     cmsis_os2.o
    0x080061d0   0x080061d0   0x00000010   Code   RO         4097    i.UART_DMAAbortOnError  stm32f4xx_hal_uart.o
    0x080061e0   0x080061e0   0x0000004a   Code   RO         4098    i.UART_DMAError     stm32f4xx_hal_uart.o
    0x0800622a   0x0800622a   0x0000003c   Code   RO         4099    i.UART_DMAReceiveCplt  stm32f4xx_hal_uart.o
    0x08006266   0x08006266   0x0000000a   Code   RO         4101    i.UART_DMARxHalfCplt  stm32f4xx_hal_uart.o
    0x08006270   0x08006270   0x0000001c   Code   RO         4107    i.UART_EndRxTransfer  stm32f4xx_hal_uart.o
    0x0800628c   0x0800628c   0x00000012   Code   RO         4108    i.UART_EndTxTransfer  stm32f4xx_hal_uart.o
    0x0800629e   0x0800629e   0x00000096   Code   RO         4109    i.UART_Receive_IT   stm32f4xx_hal_uart.o
    0x08006334   0x08006334   0x00000128   Code   RO         4110    i.UART_SetConfig    stm32f4xx_hal_uart.o
    0x0800645c   0x0800645c   0x00000062   Code   RO         4111    i.UART_Transmit_IT  stm32f4xx_hal_uart.o
    0x080064be   0x080064be   0x00000002   PAD
    0x080064c0   0x080064c0   0x0000000c   Code   RO          754    i.USART1_IRQHandler  stm32f4xx_it.o
    0x080064cc   0x080064cc   0x0000000c   Code   RO          755    i.USART3_IRQHandler  stm32f4xx_it.o
    0x080064d8   0x080064d8   0x00000004   Code   RO          756    i.USART6_IRQHandler  stm32f4xx_it.o
    0x080064dc   0x080064dc   0x000000c4   Code   RO         7074    i.USART6_Init       referee_usart.o
    0x080065a0   0x080065a0   0x00000002   Code   RO          757    i.UsageFault_Handler  stm32f4xx_it.o
    0x080065a2   0x080065a2   0x00000030   Code   RO         7643    i.__ARM_fpclassify  m_wm.l(fpclassify.o)
    0x080065d2   0x080065d2   0x00000026   Code   RO         7568    i.__ARM_fpclassifyf  m_wm.l(fpclassifyf.o)
    0x080065f8   0x080065f8   0x00000020   Code   RO         1929    i.__NVIC_SetPriority  stm32f4xx_hal_cortex.o
    0x08006618   0x08006618   0x0000012c   Code   RO         7412    i.__hardfp_asinf    m_wm.l(asinf.o)
    0x08006744   0x08006744   0x00000250   Code   RO         7424    i.__hardfp_atan2f   m_wm.l(atan2f.o)
    0x08006994   0x08006994   0x00000004   PAD
    0x08006998   0x08006998   0x000000c8   Code   RO         7436    i.__hardfp_cos      m_wm.l(cos.o)
    0x08006a60   0x08006a60   0x00000664   Code   RO         7448    i.__hardfp_powf     m_wm.l(powf.o)
    0x080070c4   0x080070c4   0x00000004   PAD
    0x080070c8   0x080070c8   0x000000c8   Code   RO         7462    i.__hardfp_sin      m_wm.l(sin.o)
    0x08007190   0x08007190   0x0000007a   Code   RO         7474    i.__hardfp_sqrt     m_wm.l(sqrt.o)
    0x0800720a   0x0800720a   0x0000003a   Code   RO         7486    i.__hardfp_sqrtf    m_wm.l(sqrtf.o)
    0x08007244   0x08007244   0x00000004   PAD
    0x08007248   0x08007248   0x00000438   Code   RO         7584    i.__ieee754_rem_pio2  m_wm.l(rred.o)
    0x08007680   0x08007680   0x00000170   Code   RO         7551    i.__kernel_cos      m_wm.l(cos_i.o)
    0x080077f0   0x080077f0   0x000000f8   Code   RO         7645    i.__kernel_poly     m_wm.l(poly.o)
    0x080078e8   0x080078e8   0x00000130   Code   RO         7589    i.__kernel_sin      m_wm.l(sin_i.o)
    0x08007a18   0x08007a18   0x00000014   Code   RO         7555    i.__mathlib_dbl_infnan  m_wm.l(dunder.o)
    0x08007a2c   0x08007a2c   0x00000004   PAD
    0x08007a30   0x08007a30   0x00000020   Code   RO         7557    i.__mathlib_dbl_invalid  m_wm.l(dunder.o)
    0x08007a50   0x08007a50   0x00000020   Code   RO         7560    i.__mathlib_dbl_underflow  m_wm.l(dunder.o)
    0x08007a70   0x08007a70   0x00000014   Code   RO         7570    i.__mathlib_flt_divzero  m_wm.l(funder.o)
    0x08007a84   0x08007a84   0x00000006   Code   RO         7571    i.__mathlib_flt_infnan  m_wm.l(funder.o)
    0x08007a8a   0x08007a8a   0x00000006   Code   RO         7572    i.__mathlib_flt_infnan2  m_wm.l(funder.o)
    0x08007a90   0x08007a90   0x00000010   Code   RO         7573    i.__mathlib_flt_invalid  m_wm.l(funder.o)
    0x08007aa0   0x08007aa0   0x00000010   Code   RO         7574    i.__mathlib_flt_overflow  m_wm.l(funder.o)
    0x08007ab0   0x08007ab0   0x00000010   Code   RO         7576    i.__mathlib_flt_underflow  m_wm.l(funder.o)
    0x08007ac0   0x08007ac0   0x0000000e   Code   RO         7655    i.__scatterload_copy  mc_w.l(handlers.o)
    0x08007ace   0x08007ace   0x00000002   Code   RO         7656    i.__scatterload_null  mc_w.l(handlers.o)
    0x08007ad0   0x08007ad0   0x0000000e   Code   RO         7657    i.__scatterload_zeroinit  mc_w.l(handlers.o)
    0x08007ade   0x08007ade   0x00000002   PAD
    0x08007ae0   0x08007ae0   0x0000000c   Code   RO         7619    i.__set_errno       mc_w.l(errno.o)
    0x08007aec   0x08007aec   0x00000110   Code   RO         6808    i.bmi088_accel_init  bmi088driver.o
    0x08007bfc   0x08007bfc   0x000000dc   Code   RO         6809    i.bmi088_gyro_init  bmi088driver.o
    0x08007cd8   0x08007cd8   0x00000018   Code   RO         7639    i.fabs              m_wm.l(fabs.o)
    0x08007cf0   0x08007cf0   0x0000002c   Code   RO         6538    i.fifo_s_get        fifo.o
    0x08007d1c   0x08007d1c   0x00000016   Code   RO         6541    i.fifo_s_init       fifo.o
    0x08007d32   0x08007d32   0x0000007c   Code   RO         6547    i.fifo_s_puts       fifo.o
    0x08007dae   0x08007dae   0x00000004   Code   RO         6549    i.fifo_s_used       fifo.o
    0x08007db2   0x08007db2   0x00000002   PAD
    0x08007db4   0x08007db4   0x0000002c   Code   RO         6462    i.get_CRC16_check_sum  crc8_crc16.o
    0x08007de0   0x08007de0   0x0000001c   Code   RO         6463    i.get_CRC8_check_sum  crc8_crc16.o
    0x08007dfc   0x08007dfc   0x00000120   Code   RO         6735    i.imuDataHandle     attituderesolve.o
    0x08007f1c   0x08007f1c   0x00000398   Code   RO         6736    i.imuUpdate         attituderesolve.o
    0x080082b4   0x080082b4   0x000000cc   Code   RO           16    i.main              main.o
    0x08008380   0x08008380   0x00000034   Code   RO         5513    i.osDelay           cmsis_os2.o
    0x080083b4   0x080083b4   0x00000034   Code   RO         5527    i.osKernelInitialize  cmsis_os2.o
    0x080083e8   0x080083e8   0x0000003c   Code   RO         5530    i.osKernelStart     cmsis_os2.o
    0x08008424   0x08008424   0x000000a4   Code   RO         5563    i.osThreadNew       cmsis_os2.o
    0x080084c8   0x080084c8   0x00000084   Code   RO         5572    i.osTimerNew        cmsis_os2.o
    0x0800854c   0x0800854c   0x0000004c   Code   RO         5573    i.osTimerStart      cmsis_os2.o
    0x08008598   0x08008598   0x00000084   Code   RO         6737    i.processAccScale   attituderesolve.o
    0x0800861c   0x0800861c   0x000000a8   Code   RO         6738    i.processGyroBias   attituderesolve.o
    0x080086c4   0x080086c4   0x0000005c   Code   RO         4994    i.prvAddCurrentTaskToDelayedList  tasks.o
    0x08008720   0x08008720   0x000000d0   Code   RO         4995    i.prvAddNewTaskToReadyList  tasks.o
    0x080087f0   0x080087f0   0x00000058   Code   RO         5347    i.prvCheckForValidListAndQueue  timers.o
    0x08008848   0x08008848   0x00000026   Code   RO         4591    i.prvCopyDataFromQueue  queue.o
    0x0800886e   0x0800886e   0x0000006c   Code   RO         4592    i.prvCopyDataToQueue  queue.o
    0x080088da   0x080088da   0x00000034   Code   RO         4996    i.prvDeleteTCB      tasks.o
    0x0800890e   0x0800890e   0x00000002   PAD
    0x08008910   0x08008910   0x0000004c   Code   RO         5943    i.prvHeapInit       heap_4.o
    0x0800895c   0x0800895c   0x00000060   Code   RO         4997    i.prvIdleTask       tasks.o
    0x080089bc   0x080089bc   0x00000022   Code   RO         4594    i.prvInitialiseNewQueue  queue.o
    0x080089de   0x080089de   0x00000002   PAD
    0x080089e0   0x080089e0   0x000000b0   Code   RO         4998    i.prvInitialiseNewTask  tasks.o
    0x08008a90   0x08008a90   0x0000004e   Code   RO         5348    i.prvInitialiseNewTimer  timers.o
    0x08008ade   0x08008ade   0x00000002   PAD
    0x08008ae0   0x08008ae0   0x0000004c   Code   RO         5944    i.prvInsertBlockIntoFreeList  heap_4.o
    0x08008b2c   0x08008b2c   0x00000038   Code   RO         5349    i.prvInsertTimerInActiveList  timers.o
    0x08008b64   0x08008b64   0x0000001c   Code   RO         4595    i.prvIsQueueEmpty   queue.o
    0x08008b80   0x08008b80   0x000000fc   Code   RO         5350    i.prvProcessReceivedCommands  timers.o
    0x08008c7c   0x08008c7c   0x000000c0   Code   RO         5351    i.prvProcessTimerOrBlockTask  timers.o
    0x08008d3c   0x08008d3c   0x00000020   Code   RO         5000    i.prvResetNextTaskUnblockTime  tasks.o
    0x08008d5c   0x08008d5c   0x00000028   Code   RO         5352    i.prvSampleTimeNow  timers.o
    0x08008d84   0x08008d84   0x0000006c   Code   RO         5353    i.prvSwitchTimerLists  timers.o
    0x08008df0   0x08008df0   0x00000028   Code   RO         5994    i.prvTaskExitError  port.o
    0x08008e18   0x08008e18   0x00000024   Code   RO         5354    i.prvTimerTask      timers.o
    0x08008e3c   0x08008e3c   0x0000006a   Code   RO         4596    i.prvUnlockQueue    queue.o
    0x08008ea6   0x08008ea6   0x00000002   PAD
    0x08008ea8   0x08008ea8   0x000000d8   Code   RO         5945    i.pvPortMalloc      heap_4.o
    0x08008f80   0x08008f80   0x00000024   Code   RO         5355    i.pvTimerGetTimerID  timers.o
    0x08008fa4   0x08008fa4   0x0000002c   Code   RO         5995    i.pxPortInitialiseStack  port.o
    0x08008fd0   0x08008fd0   0x000000dc   Code   RO         6739    i.sensorsCalculateVarianceAndMean  attituderesolve.o
    0x080090ac   0x080090ac   0x0000003e   Code   RO         7488    i.sqrtf             m_wm.l(sqrtf.o)
    0x080090ea   0x080090ea   0x00000026   Code   RO         4551    i.uxListRemove      list.o
    0x08009110   0x08009110   0x00000014   Code   RO         5575    i.vApplicationGetIdleTaskMemory  cmsis_os2.o
    0x08009124   0x08009124   0x00000018   Code   RO         5576    i.vApplicationGetTimerTaskMemory  cmsis_os2.o
    0x0800913c   0x0800913c   0x00000016   Code   RO         4552    i.vListInitialise   list.o
    0x08009152   0x08009152   0x00000006   Code   RO         4553    i.vListInitialiseItem  list.o
    0x08009158   0x08009158   0x00000030   Code   RO         4554    i.vListInsert       list.o
    0x08009188   0x08009188   0x00000018   Code   RO         4555    i.vListInsertEnd    list.o
    0x080091a0   0x080091a0   0x00000040   Code   RO         5997    i.vPortEnterCritical  port.o
    0x080091e0   0x080091e0   0x00000028   Code   RO         5998    i.vPortExitCritical  port.o
    0x08009208   0x08009208   0x0000005c   Code   RO         5946    i.vPortFree         heap_4.o
    0x08009264   0x08009264   0x00000024   Code   RO         5999    i.vPortSetupTimerInterrupt  port.o
    0x08009288   0x08009288   0x00000054   Code   RO         6000    i.vPortValidateInterruptPriority  port.o
    0x080092dc   0x080092dc   0x00000028   Code   RO         4602    i.vQueueAddToRegistry  queue.o
    0x08009304   0x08009304   0x00000044   Code   RO         4606    i.vQueueWaitForMessageRestricted  queue.o
    0x08009348   0x08009348   0x0000004c   Code   RO         5012    i.vTaskDelay        tasks.o
    0x08009394   0x08009394   0x00000010   Code   RO         5017    i.vTaskInternalSetTimeOutState  tasks.o
    0x080093a4   0x080093a4   0x0000000c   Code   RO         5018    i.vTaskMissedYield  tasks.o
    0x080093b0   0x080093b0   0x00000030   Code   RO         5020    i.vTaskPlaceOnEventList  tasks.o
    0x080093e0   0x080093e0   0x00000038   Code   RO         5021    i.vTaskPlaceOnEventListRestricted  tasks.o
    0x08009418   0x08009418   0x00000088   Code   RO         5029    i.vTaskStartScheduler  tasks.o
    0x080094a0   0x080094a0   0x00000010   Code   RO         5031    i.vTaskSuspendAll   tasks.o
    0x080094b0   0x080094b0   0x00000064   Code   RO         5032    i.vTaskSwitchContext  tasks.o
    0x08009514   0x08009514   0x0000003c   Code   RO         6464    i.verify_CRC16_check_sum  crc8_crc16.o
    0x08009550   0x08009550   0x00000026   Code   RO         6465    i.verify_CRC8_check_sum  crc8_crc16.o
    0x08009576   0x08009576   0x00000002   PAD
    0x08009578   0x08009578   0x000000f4   Code   RO         6001    i.xPortStartScheduler  port.o
    0x0800966c   0x0800966c   0x00000066   Code   RO         4612    i.xQueueGenericCreateStatic  queue.o
    0x080096d2   0x080096d2   0x00000002   PAD
    0x080096d4   0x080096d4   0x00000088   Code   RO         4613    i.xQueueGenericReset  queue.o
    0x0800975c   0x0800975c   0x00000160   Code   RO         4614    i.xQueueGenericSend  queue.o
    0x080098bc   0x080098bc   0x000000bc   Code   RO         4615    i.xQueueGenericSendFromISR  queue.o
    0x08009978   0x08009978   0x00000138   Code   RO         4624    i.xQueueReceive     queue.o
    0x08009ab0   0x08009ab0   0x00000074   Code   RO         5033    i.xTaskCheckForTimeOut  tasks.o
    0x08009b24   0x08009b24   0x0000005a   Code   RO         5034    i.xTaskCreate       tasks.o
    0x08009b7e   0x08009b7e   0x00000056   Code   RO         5035    i.xTaskCreateStatic  tasks.o
    0x08009bd4   0x08009bd4   0x0000001c   Code   RO         5039    i.xTaskGetSchedulerState  tasks.o
    0x08009bf0   0x08009bf0   0x0000000c   Code   RO         5040    i.xTaskGetTickCount  tasks.o
    0x08009bfc   0x08009bfc   0x000000c8   Code   RO         5042    i.xTaskIncrementTick  tasks.o
    0x08009cc4   0x08009cc4   0x00000080   Code   RO         5045    i.xTaskPriorityDisinherit  tasks.o
    0x08009d44   0x08009d44   0x00000070   Code   RO         5047    i.xTaskRemoveFromEventList  tasks.o
    0x08009db4   0x08009db4   0x000000c4   Code   RO         5048    i.xTaskResumeAll    tasks.o
    0x08009e78   0x08009e78   0x00000034   Code   RO         5360    i.xTimerCreate      timers.o
    0x08009eac   0x08009eac   0x0000002e   Code   RO         5361    i.xTimerCreateStatic  timers.o
    0x08009eda   0x08009eda   0x00000002   PAD
    0x08009edc   0x08009edc   0x00000060   Code   RO         5362    i.xTimerCreateTimerTask  timers.o
    0x08009f3c   0x08009f3c   0x00000068   Code   RO         5363    i.xTimerGenericCommand  timers.o
    0x08009fa4   0x08009fa4   0x0000011c   Data   RO          276    .constdata          freertos.o
    0x0800a0c0   0x0800a0c0   0x00000008   Data   RO         1646    .constdata          stm32f4xx_hal_dma.o
    0x0800a0c8   0x0800a0c8   0x00000010   Data   RO         4387    .constdata          system_stm32f4xx.o
    0x0800a0d8   0x0800a0d8   0x00000008   Data   RO         4388    .constdata          system_stm32f4xx.o
    0x0800a0e0   0x0800a0e0   0x00000300   Data   RO         6467    .constdata          crc8_crc16.o
    0x0800a3e0   0x0800a3e0   0x00000140   Data   RO         7451    .constdata          m_wm.l(powf.o)
    0x0800a520   0x0800a520   0x00000030   Data   RO         7552    .constdata          m_wm.l(cos_i.o)
    0x0800a550   0x0800a550   0x000000c8   Data   RO         7586    .constdata          m_wm.l(rred.o)
    0x0800a618   0x0800a618   0x00000028   Data   RO         7590    .constdata          m_wm.l(sin_i.o)
    0x0800a640   0x0800a640   0x00000070   Data   RO          277    .conststring        freertos.o
    0x0800a6b0   0x0800a6b0   0x00000020   Data   RO         7653    Region$$Table       anon$$obj.o


    Execution Region RW_IRAM2 (Exec base: 0x10000000, Load base: 0x0800a730, Size: 0x00000000, Max: 0x00010000, ABSOLUTE)

    **** No section assigned to this execution region ****


    Execution Region RW_IRAM1 (Exec base: 0x20000000, Load base: 0x0800a6d0, Size: 0x0000c3d0, Max: 0x00020000, ABSOLUTE, COMPRESSED[0x00000060])

    Exec Addr    Load Addr    Size         Type   Attr      Idx    E Section Name        Object

    0x20000000   COMPRESSED   0x00000028   Data   RW          278    .data               freertos.o
    0x20000028   COMPRESSED   0x00000004   Data   RW          413    .data               can.o
    0x2000002c   COMPRESSED   0x00000008   Data   RW          460    .data               crc.o
    0x20000034   COMPRESSED   0x0000000c   Data   RW         2073    .data               stm32f4xx_hal.o
    0x20000040   COMPRESSED   0x00000004   Data   RW         4389    .data               system_stm32f4xx.o
    0x20000044   COMPRESSED   0x0000003c   Data   RW         5051    .data               tasks.o
    0x20000080   COMPRESSED   0x00000014   Data   RW         5371    .data               timers.o
    0x20000094   COMPRESSED   0x00000004   Data   RW         5578    .data               cmsis_os2.o
    0x20000098   COMPRESSED   0x00000018   Data   RW         5951    .data               heap_4.o
    0x200000b0   COMPRESSED   0x0000000c   Data   RW         6002    .data               port.o
    0x200000bc   COMPRESSED   0x00000010   Data   RW         6128    .data               bsp_can.o
    0x200000cc   COMPRESSED   0x00000048   Data   RW         6196    .data               motor.o
    0x20000114   COMPRESSED   0x00000002   Data   RW         6468    .data               crc8_crc16.o
    0x20000116   COMPRESSED   0x00000002   PAD
    0x20000118   COMPRESSED   0x0000003c   Data   RW         6742    .data               attituderesolve.o
    0x20000154   COMPRESSED   0x00000024   Data   RW         6810    .data               bmi088driver.o
    0x20000178   COMPRESSED   0x00000004   Data   RW         6968    .data               supervise.o
    0x2000017c   COMPRESSED   0x000000a4   Data   RW         7012    .data               beep.o
    0x20000220   COMPRESSED   0x00000026   Data   RW         7041    .data               referee_solve.o
    0x20000246   COMPRESSED   0x00000002   Data   RW         7078    .data               referee_usart.o
    0x20000248   COMPRESSED   0x00000008   Data   RW         7126    .data               pc_communicate.o
    0x20000250   COMPRESSED   0x00000004   Data   RW         7319    .data               gimbal_interface.o
    0x20000254   COMPRESSED   0x00000008   Data   RW         7382    .data               shoot_interface.o
    0x2000025c   COMPRESSED   0x00000004   Data   RW         7620    .data               mc_w.l(errno.o)
    0x20000260        -       0x00000050   Zero   RW          412    .bss                can.o
    0x200002b0        -       0x00000054   Zero   RW          526    .bss                i2c.o
    0x20000304        -       0x00000058   Zero   RW          568    .bss                spi.o
    0x2000035c        -       0x00000100   Zero   RW          616    .bss                tim.o
    0x2000045c        -       0x000001e0   Zero   RW          690    .bss                usart.o
    0x2000063c        -       0x00000040   Zero   RW          902    .bss                stm32f4xx_hal_timebase_tim.o
    0x2000067c        -       0x00000040   Zero   RW         4628    .bss                queue.o
    0x200006bc        -       0x000004c4   Zero   RW         5050    .bss                tasks.o
    0x20000b80        -       0x00000118   Zero   RW         5370    .bss                timers.o
    0x20000c98        -       0x000006b8   Zero   RW         5577    .bss                cmsis_os2.o
    0x20001350        -       0x00003c00   Zero   RW         5950    .bss                heap_4.o
    0x20004f50        -       0x00000084   Zero   RW         6077    .bss                remote.o
    0x20004fd4        -       0x000000e8   Zero   RW         6180    .bss                motor.o
    0x200050bc        -       0x000000e8   Zero   RW         6181    .bss                motor.o
    0x200051a4        -       0x000000e8   Zero   RW         6182    .bss                motor.o
    0x2000528c        -       0x000000e8   Zero   RW         6183    .bss                motor.o
    0x20005374        -       0x000000e8   Zero   RW         6184    .bss                motor.o
    0x2000545c        -       0x000000e8   Zero   RW         6185    .bss                motor.o
    0x20005544        -       0x000000e8   Zero   RW         6186    .bss                motor.o
    0x2000562c        -       0x000000e8   Zero   RW         6187    .bss                motor.o
    0x20005714        -       0x000000e8   Zero   RW         6188    .bss                motor.o
    0x200057fc        -       0x000000e8   Zero   RW         6189    .bss                motor.o
    0x200058e4        -       0x000000e8   Zero   RW         6190    .bss                motor.o
    0x200059cc        -       0x000000e8   Zero   RW         6191    .bss                motor.o
    0x20005ab4        -       0x000000e8   Zero   RW         6192    .bss                motor.o
    0x20005b9c        -       0x000000e8   Zero   RW         6193    .bss                motor.o
    0x20005c84        -       0x000000e8   Zero   RW         6194    .bss                motor.o
    0x20005d6c        -       0x000000e8   Zero   RW         6195    .bss                motor.o
    0x20005e54        -       0x00000060   Zero   RW         6433    .bss                kalman.o
    0x20005eb4        -       0x00000060   Zero   RW         6434    .bss                kalman.o
    0x20005f14        -       0x00000060   Zero   RW         6435    .bss                kalman.o
    0x20005f74        -       0x00003014   Zero   RW         6740    .bss                attituderesolve.o
    0x20008f88        -       0x00000068   Zero   RW         6741    .bss                attituderesolve.o
    0x20008ff0        -       0x00000034   Zero   RW         6931    .bss                imu_heat.o
    0x20009024        -       0x00000030   Zero   RW         6967    .bss                supervise.o
    0x20009054        -       0x00000055   Zero   RW         7040    .bss                referee_solve.o
    0x200090a9   COMPRESSED   0x00000003   PAD
    0x200090ac        -       0x000004a1   Zero   RW         7076    .bss                referee_usart.o
    0x2000954d        -       0x00000400   Zero   RW         7077    .bss                referee_usart.o
    0x2000994d        -       0x00000036   Zero   RW         7125    .bss                pc_communicate.o
    0x20009983   COMPRESSED   0x00000001   PAD
    0x20009984        -       0x00000048   Zero   RW         7177    .bss                robot.o
    0x200099cc   COMPRESSED   0x00000004   PAD
    0x200099d0        -       0x00002a00   Zero   RW            1    STACK               startup_stm32f407xx.o


==============================================================================

Image component sizes


      Code (inc. data)   RO Data    RW Data    ZI Data      Debug   Object Name

      1864        112          0         60      12412       8170   attituderesolve.o
        68         12          0        164          0       1501   beep.o
       920         22          0         36          0       6927   bmi088driver.o
       168         32          0          0          0       4131   bmi088middleware.o
       656        120          0         16          0       5324   bsp_can.o
       428         42          0          4         80       2830   can.o
       584         56          0          0          0       1501   chassis_calculate.o
       284         60          0          0          0       1248   chassis_interface.o
       604         44          0          4       1720      34282   cmsis_os2.o
        76         18          0          8          0       1783   crc.o
       170         16        768          2          0       4007   crc8_crc16.o
        92          4          0          0          0        958   dma.o
         0          0          0          0          0      21164   event_groups.o
       194          0          0          0          0       8825   fifo.o
       416         74        396         40          0      17264   freertos.o
       408         48          0          0          0       1423   gimbal_calculate.o
       488         80          0          4          0       1494   gimbal_interface.o
       292         26          0          0          0       1267   gpio.o
       460         24          0         24      15360       5167   heap_4.o
       216         32          0          0         84       1993   i2c.o
       132         38          0          0         52       1455   imu_heat.o
       260         10          0          0        288       2659   kalman.o
       138          0          0          0          0       3942   list.o
       376         48          0          0          0     727971   main.o
       236          8          0         72       3712       4759   motor.o
       136         32          0          8         54       4618   pc_communicate.o
       232          0          0          0          0        967   pid.o
       786         82          0         12          0      12377   port.o
      1512         20          0          0         64      18368   queue.o
       404         20          0         38         85       3176   referee_solve.o
       604         62          0          2       2209       3447   referee_usart.o
       384         38          0          0        132       3208   remote.o
       968        150          0          0         72       1823   robot.o
       376         52          0          0          0       1429   shoot_calculate.o
       244         48          0          8          0       1699   shoot_interface.o
       232         24          0          0         88       2009   spi.o
        36          8        392          0      10752        900   startup_stm32f407xx.o
        80         14          0         12          0       8474   stm32f4xx_hal.o
      1636          6          0          0          0      14951   stm32f4xx_hal_can.o
       158         14          0          0          0      33486   stm32f4xx_hal_cortex.o
        34          0          0          0          0       1179   stm32f4xx_hal_crc.o
      1086         16          8          0          0       8597   stm32f4xx_hal_dma.o
       464         46          0          0          0       3285   stm32f4xx_hal_gpio.o
      3226         48          0          0          0      21805   stm32f4xx_hal_i2c.o
        56          4          0          0          0        998   stm32f4xx_hal_msp.o
      1396         86          0          0          0       6349   stm32f4xx_hal_rcc.o
      1116         14          0          0          0       7498   stm32f4xx_hal_spi.o
      1570         98          0          0          0      15940   stm32f4xx_hal_tim.o
       232         28          0          0          0       3609   stm32f4xx_hal_tim_ex.o
       116         16          0          0         64       1619   stm32f4xx_hal_timebase_tim.o
      1452         30          0          0          0      13431   stm32f4xx_hal_uart.o
       160         72          0          0          0      10168   stm32f4xx_it.o
         0          0          0          0          0        392   stream_buffer.o
        88         20          0          4         48       2511   supervise.o
        28          6         24          4          0       1355   system_stm32f4xx.o
      2084        170          0         60       1220      28620   tasks.o
       748         88          0          0        256       5593   tim.o
      1184         80          0         20        280      37275   timers.o
       676         74          0          0        480       3849   usart.o

    ----------------------------------------------------------------------
     33096       2392       1620        604      49520    1157050   Object Totals
         0          0         32          0          0          0   (incl. Generated)
        62          0          0          2          8          0   (incl. Padding)

    ----------------------------------------------------------------------

      Code (inc. data)   RO Data    RW Data    ZI Data      Debug   Library Member Name

       300         42          0          0          0        176   asinf.o
       592         90          0          0          0        184   atan2f.o
       200         20          0          0          0        164   cos.o
       368         46         48          0          0        200   cos_i.o
        84         16          0          0          0        372   dunder.o
        24          0          0          0          0        124   fabs.o
        48          0          0          0          0        124   fpclassify.o
        38          0          0          0          0        116   fpclassifyf.o
        80         24          0          0          0        696   funder.o
       248          0          0          0          0        152   poly.o
      1636        110        320          0          0        372   powf.o
      1080        142        200          0          0        188   rred.o
       200         20          0          0          0        164   sin.o
       304         24         40          0          0        208   sin_i.o
       122          0          0          0          0        148   sqrt.o
       120          0          0          0          0        272   sqrtf.o
        86          0          0          0          0          0   __dczerorl2.o
         0          0          0          0          0          0   entry.o
         0          0          0          0          0          0   entry10a.o
         0          0          0          0          0          0   entry11a.o
         8          4          0          0          0          0   entry2.o
         4          0          0          0          0          0   entry5.o
         0          0          0          0          0          0   entry7b.o
         0          0          0          0          0          0   entry8b.o
         8          4          0          0          0          0   entry9a.o
        12          6          0          4          0         68   errno.o
        30          0          0          0          0          0   handlers.o
        36          8          0          0          0         68   init.o
         0          0          0          0          0          0   iusefp.o
        30          0          0          0          0         68   llshl.o
        36          0          0          0          0         68   llsshr.o
        32          0          0          0          0         68   llushr.o
        36          0          0          0          0         68   memcpya.o
        36          0          0          0          0        108   memseta.o
        98          0          0          0          0         92   uldiv.o
        56          0          0          0          0         88   d2f.o
       334          0          0          0          0        148   dadd.o
       222          0          0          0          0        100   ddiv.o
       186          0          0          0          0        176   depilogue.o
        62          0          0          0          0         80   dfixi.o
        34          0          0          0          0         76   dflti.o
        26          0          0          0          0         76   dfltui.o
       228          0          0          0          0         96   dmul.o
       162          0          0          0          0        100   dsqrt.o
        38          0          0          0          0         68   f2d.o
       110          0          0          0          0        168   fepilogue.o
         4          0          0          0          0         68   fpstat.o

    ----------------------------------------------------------------------
      7380        564        608          4          0       5512   Library Totals
        22          8          0          0          0          0   (incl. Padding)

    ----------------------------------------------------------------------

      Code (inc. data)   RO Data    RW Data    ZI Data      Debug   Library Name

      5444        534        608          0          0       3660   m_wm.l
       452         22          0          4          0        608   mc_w.l
      1462          0          0          0          0       1244   mf_w.l

    ----------------------------------------------------------------------
      7380        564        608          4          0       5512   Library Totals

    ----------------------------------------------------------------------

==============================================================================


      Code (inc. data)   RO Data    RW Data    ZI Data      Debug   

     40476       2956       2228        608      49520    1129362   Grand Totals
     40476       2956       2228         96      49520    1129362   ELF Image Totals (compressed)
     40476       2956       2228         96          0          0   ROM Totals

==============================================================================

    Total RO  Size (Code + RO Data)                42704 (  41.70kB)
    Total RW  Size (RW Data + ZI Data)             50128 (  48.95kB)
    Total ROM Size (Code + RO Data + RW Data)      42800 (  41.80kB)

==============================================================================

