Component: ARM Compiler 5.06 update 6 (build 750) Tool: armlink [4d35ed]

==============================================================================

Section Cross References

    startup_stm32f407xx.o(RESET) refers to startup_stm32f407xx.o(STACK) for __initial_sp
    startup_stm32f407xx.o(RESET) refers to startup_stm32f407xx.o(.text) for Reset_Handler
    startup_stm32f407xx.o(RESET) refers to stm32f4xx_it.o(i.NMI_Handler) for NMI_Handler
    startup_stm32f407xx.o(RESET) refers to stm32f4xx_it.o(i.HardFault_Handler) for HardFault_Handler
    startup_stm32f407xx.o(RESET) refers to stm32f4xx_it.o(i.MemManage_Handler) for MemManage_Handler
    startup_stm32f407xx.o(RESET) refers to stm32f4xx_it.o(i.BusFault_Handler) for BusFault_Handler
    startup_stm32f407xx.o(RESET) refers to stm32f4xx_it.o(i.UsageFault_Handler) for UsageFault_Handler
    startup_stm32f407xx.o(RESET) refers to port.o(.emb_text) for SVC_Handler
    startup_stm32f407xx.o(RESET) refers to stm32f4xx_it.o(i.DebugMon_Handler) for DebugMon_Handler
    startup_stm32f407xx.o(RESET) refers to port.o(i.SysTick_Handler) for SysTick_Handler
    startup_stm32f407xx.o(RESET) refers to stm32f4xx_it.o(i.DMA1_Stream1_IRQHandler) for DMA1_Stream1_IRQHandler
    startup_stm32f407xx.o(RESET) refers to stm32f4xx_it.o(i.CAN1_RX0_IRQHandler) for CAN1_RX0_IRQHandler
    startup_stm32f407xx.o(RESET) refers to stm32f4xx_it.o(i.CAN1_RX1_IRQHandler) for CAN1_RX1_IRQHandler
    startup_stm32f407xx.o(RESET) refers to stm32f4xx_it.o(i.SPI1_IRQHandler) for SPI1_IRQHandler
    startup_stm32f407xx.o(RESET) refers to stm32f4xx_it.o(i.USART1_IRQHandler) for USART1_IRQHandler
    startup_stm32f407xx.o(RESET) refers to stm32f4xx_it.o(i.USART3_IRQHandler) for USART3_IRQHandler
    startup_stm32f407xx.o(RESET) refers to stm32f4xx_it.o(i.TIM6_DAC_IRQHandler) for TIM6_DAC_IRQHandler
    startup_stm32f407xx.o(RESET) refers to stm32f4xx_it.o(i.TIM7_IRQHandler) for TIM7_IRQHandler
    startup_stm32f407xx.o(RESET) refers to stm32f4xx_it.o(i.CAN2_RX0_IRQHandler) for CAN2_RX0_IRQHandler
    startup_stm32f407xx.o(RESET) refers to stm32f4xx_it.o(i.CAN2_RX1_IRQHandler) for CAN2_RX1_IRQHandler
    startup_stm32f407xx.o(RESET) refers to stm32f4xx_it.o(i.USART6_IRQHandler) for USART6_IRQHandler
    startup_stm32f407xx.o(RESET) refers to stm32f4xx_it.o(i.I2C3_EV_IRQHandler) for I2C3_EV_IRQHandler
    startup_stm32f407xx.o(.text) refers to system_stm32f4xx.o(i.SystemInit) for SystemInit
    startup_stm32f407xx.o(.text) refers to entry.o(.ARM.Collect$$$$00000000) for __main
    main.o(i.HAL_TIM_PeriodElapsedCallback) refers to stm32f4xx_hal.o(i.HAL_IncTick) for HAL_IncTick
    main.o(i.SystemClock_Config) refers to memseta.o(.text) for __aeabi_memclr4
    main.o(i.SystemClock_Config) refers to stm32f4xx_hal_rcc.o(i.HAL_RCC_OscConfig) for HAL_RCC_OscConfig
    main.o(i.SystemClock_Config) refers to stm32f4xx_hal_rcc.o(i.HAL_RCC_ClockConfig) for HAL_RCC_ClockConfig
    main.o(i.main) refers to stm32f4xx_hal.o(i.HAL_Init) for HAL_Init
    main.o(i.main) refers to main.o(i.SystemClock_Config) for SystemClock_Config
    main.o(i.main) refers to gpio.o(i.MX_GPIO_Init) for MX_GPIO_Init
    main.o(i.main) refers to dma.o(i.MX_DMA_Init) for MX_DMA_Init
    main.o(i.main) refers to can.o(i.MX_CAN1_Init) for MX_CAN1_Init
    main.o(i.main) refers to can.o(i.MX_CAN2_Init) for MX_CAN2_Init
    main.o(i.main) refers to tim.o(i.MX_TIM1_Init) for MX_TIM1_Init
    main.o(i.main) refers to tim.o(i.MX_TIM4_Init) for MX_TIM4_Init
    main.o(i.main) refers to tim.o(i.MX_TIM10_Init) for MX_TIM10_Init
    main.o(i.main) refers to i2c.o(i.MX_I2C3_Init) for MX_I2C3_Init
    main.o(i.main) refers to spi.o(i.MX_SPI1_Init) for MX_SPI1_Init
    main.o(i.main) refers to usart.o(i.MX_USART1_UART_Init) for MX_USART1_UART_Init
    main.o(i.main) refers to usart.o(i.MX_USART3_UART_Init) for MX_USART3_UART_Init
    main.o(i.main) refers to tim.o(i.MX_TIM6_Init) for MX_TIM6_Init
    main.o(i.main) refers to usart.o(i.MX_USART6_UART_Init) for MX_USART6_UART_Init
    main.o(i.main) refers to crc.o(i.MX_CRC_Init) for MX_CRC_Init
    main.o(i.main) refers to tim.o(i.MX_TIM14_Init) for MX_TIM14_Init
    main.o(i.main) refers to remote.o(i.Remote_init) for Remote_init
    main.o(i.main) refers to attituderesolve.o(i.IMU_init) for IMU_init
    main.o(i.main) refers to imu_heat.o(i.IMU_Heat_init) for IMU_Heat_init
    main.o(i.main) refers to bsp_can.o(i.CanFilterInit) for CanFilterInit
    main.o(i.main) refers to stm32f4xx_hal_tim.o(i.HAL_TIM_PWM_Start) for HAL_TIM_PWM_Start
    main.o(i.main) refers to stm32f4xx_hal_tim.o(i.HAL_TIM_Base_Start_IT) for HAL_TIM_Base_Start_IT
    main.o(i.main) refers to stm32f4xx_hal_gpio.o(i.HAL_GPIO_WritePin) for HAL_GPIO_WritePin
    main.o(i.main) refers to pc_communicate.o(i.PC_communicate_init) for PC_communicate_init
    main.o(i.main) refers to cmsis_os2.o(i.osKernelInitialize) for osKernelInitialize
    main.o(i.main) refers to freertos.o(i.MX_FREERTOS_Init) for MX_FREERTOS_Init
[...]
    CAN2_RX1_IRQHandler                      0x08000cc5   Thumb Code     6  stm32f4xx_it.o(i.CAN2_RX1_IRQHandler)
    Can1DataReceive                          0x08000cd1   Thumb Code   130  bsp_can.o(i.Can1DataReceive)
    Can2DataReceive                          0x08000d75   Thumb Code   130  bsp_can.o(i.Can2DataReceive)
    CanFilterInit                            0x08000e19   Thumb Code   172  bsp_can.o(i.CanFilterInit)
    CanTransmit_1234                         0x08000ec9   Thumb Code    52  motor.o(i.CanTransmit_1234)
    CanTransmit_9_12                         0x08000f01   Thumb Code    54  motor.o(i.CanTransmit_9_12)
    ChassisParamCalculate                    0x08000f3d   Thumb Code   110  chassis.o(i.ChassisParamCalculate)
    ChassisParamChange                       0x08000fbd   Thumb Code   642  chassis.o(i.ChassisParamChange)
    DMA1_Stream1_IRQHandler                  0x08001275   Thumb Code     6  stm32f4xx_it.o(i.DMA1_Stream1_IRQHandler)
    DebugMon_Handler                         0x08001325   Thumb Code     2  stm32f4xx_it.o(i.DebugMon_Handler)
    Error_Handler                            0x08001327   Thumb Code     4  main.o(i.Error_Handler)
    GimbalParamCalculate                     0x0800132d   Thumb Code   142  gimbal.o(i.GimbalParamCalculate)
    GimbalParamChange                        0x080013d1   Thumb Code   184  gimbal.o(i.GimbalParamChange)
    HAL_CAN_ActivateNotification             0x0800149d   Thumb Code    36  stm32f4xx_hal_can.o(i.HAL_CAN_ActivateNotification)
    HAL_CAN_AddTxMessage                     0x080014c1   Thumb Code   200  stm32f4xx_hal_can.o(i.HAL_CAN_AddTxMessage)
    HAL_CAN_ConfigFilter                     0x08001589   Thumb Code   262  stm32f4xx_hal_can.o(i.HAL_CAN_ConfigFilter)
    HAL_CAN_ErrorCallback                    0x08001695   Thumb Code     2  stm32f4xx_hal_can.o(i.HAL_CAN_ErrorCallback)
    HAL_CAN_GetRxMessage                     0x08001697   Thumb Code   232  stm32f4xx_hal_can.o(i.HAL_CAN_GetRxMessage)
    HAL_CAN_IRQHandler                       0x0800177f   Thumb Code   508  stm32f4xx_hal_can.o(i.HAL_CAN_IRQHandler)
    HAL_CAN_Init                             0x0800197b   Thumb Code   282  stm32f4xx_hal_can.o(i.HAL_CAN_Init)
    HAL_CAN_MspInit                          0x08001a95   Thumb Code   258  can.o(i.HAL_CAN_MspInit)
    HAL_CAN_RxFifo0FullCallback              0x08001bb1   Thumb Code     2  stm32f4xx_hal_can.o(i.HAL_CAN_RxFifo0FullCallback)
    HAL_CAN_RxFifo0MsgPendingCallback        0x08001bb5   Thumb Code    56  bsp_can.o(i.HAL_CAN_RxFifo0MsgPendingCallback)
    HAL_CAN_RxFifo1FullCallback              0x08001bf9   Thumb Code     2  stm32f4xx_hal_can.o(i.HAL_CAN_RxFifo1FullCallback)
    HAL_CAN_RxFifo1MsgPendingCallback        0x08001bfd   Thumb Code    56  bsp_can.o(i.HAL_CAN_RxFifo1MsgPendingCallback)
    HAL_CAN_SleepCallback                    0x08001c41   Thumb Code     2  stm32f4xx_hal_can.o(i.HAL_CAN_SleepCallback)
    HAL_CAN_Start                            0x08001c45   Thumb Code    88  stm32f4xx_hal_can.o(i.HAL_CAN_Start)
    HAL_CAN_TxMailbox0AbortCallback          0x08001c9d   Thumb Code     2  stm32f4xx_hal_can.o(i.HAL_CAN_TxMailbox0AbortCallback)
    HAL_CAN_TxMailbox0CompleteCallback       0x08001c9f   Thumb Code     2  stm32f4xx_hal_can.o(i.HAL_CAN_TxMailbox0CompleteCallback)
    HAL_CAN_TxMailbox1AbortCallback          0x08001ca1   Thumb Code     2  stm32f4xx_hal_can.o(i.HAL_CAN_TxMailbox1AbortCallback)
    HAL_CAN_TxMailbox1CompleteCallback       0x08001ca3   Thumb Code     2  stm32f4xx_hal_can.o(i.HAL_CAN_TxMailbox1CompleteCallback)
    HAL_CAN_TxMailbox2AbortCallback          0x08001ca5   Thumb Code     2  stm32f4xx_hal_can.o(i.HAL_CAN_TxMailbox2AbortCallback)
    HAL_CAN_TxMailbox2CompleteCallback       0x08001ca7   Thumb Code     2  stm32f4xx_hal_can.o(i.HAL_CAN_TxMailbox2CompleteCallback)
    HAL_CAN_WakeUpFromRxMsgCallback          0x08001ca9   Thumb Code     2  stm32f4xx_hal_can.o(i.HAL_CAN_WakeUpFromRxMsgCallback)
    HAL_CRC_Init                             0x08001cab   Thumb Code    34  stm32f4xx_hal_crc.o(i.HAL_CRC_Init)
    HAL_CRC_MspInit                          0x08001ccd   Thumb Code    30  crc.o(i.HAL_CRC_MspInit)
    HAL_DMA_Abort                            0x08001cf5   Thumb Code   142  stm32f4xx_hal_dma.o(i.HAL_DMA_Abort)
    HAL_DMA_Abort_IT                         0x08001d83   Thumb Code    36  stm32f4xx_hal_dma.o(i.HAL_DMA_Abort_IT)
    HAL_DMA_GetState                         0x08001da7   Thumb Code     6  stm32f4xx_hal_dma.o(i.HAL_DMA_GetState)
    HAL_DMA_IRQHandler                       0x08001dad   Thumb Code   412  stm32f4xx_hal_dma.o(i.HAL_DMA_IRQHandler)
    HAL_DMA_Init                             0x08001f4d   Thumb Code   206  stm32f4xx_hal_dma.o(i.HAL_DMA_Init)
    HAL_DMA_Start_IT                         0x08002021   Thumb Code   110  stm32f4xx_hal_dma.o(i.HAL_DMA_Start_IT)
    HAL_GPIO_Init                            0x08002091   Thumb Code   394  stm32f4xx_hal_gpio.o(i.HAL_GPIO_Init)
    HAL_GPIO_TogglePin                       0x08002249   Thumb Code    14  stm32f4xx_hal_gpio.o(i.HAL_GPIO_TogglePin)
    HAL_GPIO_WritePin                        0x08002257   Thumb Code    10  stm32f4xx_hal_gpio.o(i.HAL_GPIO_WritePin)
    HAL_GetTick                              0x08002261   Thumb Code     6  stm32f4xx_hal.o(i.HAL_GetTick)
    HAL_I2C_AbortCpltCallback                0x0800226d   Thumb Code     2  stm32f4xx_hal_i2c.o(i.HAL_I2C_AbortCpltCallback)
    HAL_I2C_AddrCallback                     0x0800226f   Thumb Code     2  stm32f4xx_hal_i2c.o(i.HAL_I2C_AddrCallback)
    HAL_I2C_EV_IRQHandler                    0x08002271   Thumb Code   614  stm32f4xx_hal_i2c.o(i.HAL_I2C_EV_IRQHandler)
    HAL_I2C_ErrorCallback                    0x080024d7   Thumb Code     2  stm32f4xx_hal_i2c.o(i.HAL_I2C_ErrorCallback)
    HAL_I2C_Init                             0x080024d9   Thumb Code   376  stm32f4xx_hal_i2c.o(i.HAL_I2C_Init)
    HAL_I2C_ListenCpltCallback               0x08002661   Thumb Code     2  stm32f4xx_hal_i2c.o(i.HAL_I2C_ListenCpltCallback)
    HAL_I2C_MasterRxCpltCallback             0x08002663   Thumb Code     2  stm32f4xx_hal_i2c.o(i.HAL_I2C_MasterRxCpltCallback)
    HAL_I2C_MasterTxCpltCallback             0x08002665   Thumb Code     2  stm32f4xx_hal_i2c.o(i.HAL_I2C_MasterTxCpltCallback)
    HAL_I2C_MemRxCpltCallback                0x08002667   Thumb Code     2  stm32f4xx_hal_i2c.o(i.HAL_I2C_MemRxCpltCallback)
    HAL_I2C_MemTxCpltCallback                0x08002669   Thumb Code     2  stm32f4xx_hal_i2c.o(i.HAL_I2C_MemTxCpltCallback)
    HAL_I2C_MspInit                          0x0800266d   Thumb Code   134  i2c.o(i.HAL_I2C_MspInit)
    HAL_I2C_SlaveRxCpltCallback              0x08002705   Thumb Code     2  stm32f4xx_hal_i2c.o(i.HAL_I2C_SlaveRxCpltCallback)
    HAL_I2C_SlaveTxCpltCallback              0x08002707   Thumb Code     2  stm32f4xx_hal_i2c.o(i.HAL_I2C_SlaveTxCpltCallback)
    HAL_IncTick                              0x08002709   Thumb Code    12  stm32f4xx_hal.o(i.HAL_IncTick)
    HAL_Init                                 0x08002719   Thumb Code    48  stm32f4xx_hal.o(i.HAL_Init)
    HAL_InitTick                             0x0800274d   Thumb Code   100  stm32f4xx_hal_timebase_tim.o(i.HAL_InitTick)
    HAL_MspInit                              0x080027c1   Thumb Code    52  stm32f4xx_hal_msp.o(i.HAL_MspInit)
    HAL_NVIC_EnableIRQ                       0x080027f9   Thumb Code    26  stm32f4xx_hal_cortex.o(i.HAL_NVIC_EnableIRQ)
    HAL_NVIC_SetPriority                     0x08002815   Thumb Code    60  stm32f4xx_hal_cortex.o(i.HAL_NVIC_SetPriority)
    HAL_NVIC_SetPriorityGrouping             0x08002855   Thumb Code    26  stm32f4xx_hal_cortex.o(i.HAL_NVIC_SetPriorityGrouping)
    HAL_RCC_ClockConfig                      0x08002879   Thumb Code   288  stm32f4xx_hal_rcc.o(i.HAL_RCC_ClockConfig)
    HAL_RCC_GetClockConfig                   0x080029ad   Thumb Code    54  stm32f4xx_hal_rcc.o(i.HAL_RCC_GetClockConfig)
    HAL_RCC_GetPCLK1Freq                     0x080029ed   Thumb Code    20  stm32f4xx_hal_rcc.o(i.HAL_RCC_GetPCLK1Freq)
    HAL_RCC_GetPCLK2Freq                     0x08002a0d   Thumb Code    20  stm32f4xx_hal_rcc.o(i.HAL_RCC_GetPCLK2Freq)
    HAL_RCC_GetSysClockFreq                  0x08002a2d   Thumb Code    88  stm32f4xx_hal_rcc.o(i.HAL_RCC_GetSysClockFreq)
    HAL_RCC_OscConfig                        0x08002a91   Thumb Code   840  stm32f4xx_hal_rcc.o(i.HAL_RCC_OscConfig)
    HAL_SPI_ErrorCallback                    0x08002ded   Thumb Code     2  stm32f4xx_hal_spi.o(i.HAL_SPI_ErrorCallback)
    HAL_SPI_IRQHandler                       0x08002df1   Thumb Code   246  stm32f4xx_hal_spi.o(i.HAL_SPI_IRQHandler)
    HAL_SPI_Init                             0x08002eed   Thumb Code   128  stm32f4xx_hal_spi.o(i.HAL_SPI_Init)
    HAL_SPI_MspInit                          0x08002f6d   Thumb Code   144  spi.o(i.HAL_SPI_MspInit)
    HAL_SPI_TransmitReceive                  0x0800300d   Thumb Code   482  stm32f4xx_hal_spi.o(i.HAL_SPI_TransmitReceive)
    HAL_TIMEx_BreakCallback                  0x080031ef   Thumb Code     2  stm32f4xx_hal_tim_ex.o(i.HAL_TIMEx_BreakCallback)
    HAL_TIMEx_CommutCallback                 0x080031f1   Thumb Code     2  stm32f4xx_hal_tim_ex.o(i.HAL_TIMEx_CommutCallback)
    HAL_TIMEx_ConfigBreakDeadTime            0x080031f3   Thumb Code    84  stm32f4xx_hal_tim_ex.o(i.HAL_TIMEx_ConfigBreakDeadTime)
    HAL_TIMEx_MasterConfigSynchronization    0x08003249   Thumb Code   116  stm32f4xx_hal_tim_ex.o(i.HAL_TIMEx_MasterConfigSynchronization)
    HAL_TIM_Base_Init                        0x080032d9   Thumb Code    54  stm32f4xx_hal_tim.o(i.HAL_TIM_Base_Init)
    HAL_TIM_Base_MspInit                     0x08003311   Thumb Code    98  tim.o(i.HAL_TIM_Base_MspInit)
    HAL_TIM_Base_Start                       0x08003385   Thumb Code    36  stm32f4xx_hal_tim.o(i.HAL_TIM_Base_Start)
    HAL_TIM_Base_Start_IT                    0x080033a9   Thumb Code    34  stm32f4xx_hal_tim.o(i.HAL_TIM_Base_Start_IT)
    HAL_TIM_Base_Stop                        0x080033cb   Thumb Code    44  stm32f4xx_hal_tim.o(i.HAL_TIM_Base_Stop)
    HAL_TIM_IC_CaptureCallback               0x080033f7   Thumb Code     2  stm32f4xx_hal_tim.o(i.HAL_TIM_IC_CaptureCallback)
    HAL_TIM_IRQHandler                       0x080033f9   Thumb Code   358  stm32f4xx_hal_tim.o(i.HAL_TIM_IRQHandler)
    HAL_TIM_MspPostInit                      0x08003561   Thumb Code   152  tim.o(i.HAL_TIM_MspPostInit)
    HAL_TIM_OC_DelayElapsedCallback          0x08003615   Thumb Code     2  stm32f4xx_hal_tim.o(i.HAL_TIM_OC_DelayElapsedCallback)
    HAL_TIM_PWM_ConfigChannel                0x08003617   Thumb Code   208  stm32f4xx_hal_tim.o(i.HAL_TIM_PWM_ConfigChannel)
    HAL_TIM_PWM_Init                         0x080036e7   Thumb Code    54  stm32f4xx_hal_tim.o(i.HAL_TIM_PWM_Init)
    HAL_TIM_PWM_MspInit                      0x0800371d   Thumb Code    56  tim.o(i.HAL_TIM_PWM_MspInit)
    HAL_TIM_PWM_PulseFinishedCallback        0x08003761   Thumb Code     2  stm32f4xx_hal_tim.o(i.HAL_TIM_PWM_PulseFinishedCallback)
    HAL_TIM_PWM_Start                        0x08003765   Thumb Code    58  stm32f4xx_hal_tim.o(i.HAL_TIM_PWM_Start)
    HAL_TIM_PWM_Stop                         0x080037a9   Thumb Code    84  stm32f4xx_hal_tim.o(i.HAL_TIM_PWM_Stop)
    HAL_TIM_PeriodElapsedCallback            0x08003805   Thumb Code    14  main.o(i.HAL_TIM_PeriodElapsedCallback)
    HAL_TIM_TriggerCallback                  0x08003819   Thumb Code     2  stm32f4xx_hal_tim.o(i.HAL_TIM_TriggerCallback)
    HAL_UART_DMAStop                         0x0800381b   Thumb Code    88  stm32f4xx_hal_uart.o(i.HAL_UART_DMAStop)
    HAL_UART_ErrorCallback                   0x08003873   Thumb Code     2  stm32f4xx_hal_uart.o(i.HAL_UART_ErrorCallback)
    HAL_UART_IRQHandler                      0x08003875   Thumb Code   270  stm32f4xx_hal_uart.o(i.HAL_UART_IRQHandler)
    HAL_UART_Init                            0x08003989   Thumb Code    98  stm32f4xx_hal_uart.o(i.HAL_UART_Init)
    HAL_UART_MspInit                         0x080039ed   Thumb Code   354  usart.o(i.HAL_UART_MspInit)
    HAL_UART_Receive_DMA                     0x08003b79   Thumb Code   138  stm32f4xx_hal_uart.o(i.HAL_UART_Receive_DMA)
    HAL_UART_Receive_IT                      0x08003c11   Thumb Code    82  stm32f4xx_hal_uart.o(i.HAL_UART_Receive_IT)
    HAL_UART_RxCpltCallback                  0x08003c65   Thumb Code    12  stm32f4xx_it.o(i.HAL_UART_RxCpltCallback)
    HAL_UART_RxHalfCpltCallback              0x08003c75   Thumb Code     2  stm32f4xx_hal_uart.o(i.HAL_UART_RxHalfCpltCallback)
    HAL_UART_TxCpltCallback                  0x08003c77   Thumb Code     2  stm32f4xx_hal_uart.o(i.HAL_UART_TxCpltCallback)
    HardFault_Handler                        0x08003c79   Thumb Code     2  stm32f4xx_it.o(i.HardFault_Handler)
    I2C3_EV_IRQHandler                       0x08003c7d   Thumb Code     6  stm32f4xx_it.o(i.I2C3_EV_IRQHandler)
    IMU_Heat_Control                         0x08004525   Thumb Code    32  imu_heat.o(i.IMU_Heat_Control)
    IMU_Heat_init                            0x0800454d   Thumb Code    62  imu_heat.o(i.IMU_Heat_init)
    IMU_init                                 0x080045a9   Thumb Code   102  attituderesolve.o(i.IMU_init)
    Is_Error                                 0x0800462d   Thumb Code     8  supervise.o(i.Is_Error)
    KalmanInit                               0x08004639   Thumb Code    38  kalman.o(i.KalmanInit)
    Kalman_Filter                            0x08004669   Thumb Code   212  kalman.o(i.Kalman_Filter)
    KeyStateChange                           0x0800473d   Thumb Code    34  remote.o(i.KeyStateChange)
    LedTimer                                 0x08004765   Thumb Code    58  freertos.o(i.LedTimer)
    LostCounterFeed                          0x080047a9   Thumb Code    10  supervise.o(i.LostCounterFeed)
    MX_CAN1_Init                             0x080047b9   Thumb Code    62  can.o(i.MX_CAN1_Init)
    MX_CAN2_Init                             0x08004801   Thumb Code    62  can.o(i.MX_CAN2_Init)
    MX_CRC_Init                              0x08004849   Thumb Code    28  crc.o(i.MX_CRC_Init)
    MX_DMA_Init                              0x0800486d   Thumb Code    40  dma.o(i.MX_DMA_Init)
    MX_FREERTOS_Init                         0x08004899   Thumb Code   150  freertos.o(i.MX_FREERTOS_Init)
    MX_GPIO_Init                             0x0800495d   Thumb Code   266  gpio.o(i.MX_GPIO_Init)
    MX_I2C3_Init                             0x08004a81   Thumb Code    50  i2c.o(i.MX_I2C3_Init)
    MX_SPI1_Init                             0x08004ac1   Thumb Code    64  spi.o(i.MX_SPI1_Init)
    MX_TIM10_Init                            0x08004b09   Thumb Code    94  tim.o(i.MX_TIM10_Init)
    MX_TIM14_Init                            0x08004b71   Thumb Code    46  tim.o(i.MX_TIM14_Init)
    MX_TIM1_Init                             0x08004ba9   Thumb Code   152  tim.o(i.MX_TIM1_Init)
    MX_TIM4_Init                             0x08004c49   Thumb Code   104  tim.o(i.MX_TIM4_Init)
    MX_TIM6_Init                             0x08004cb9   Thumb Code    58  tim.o(i.MX_TIM6_Init)
    MX_USART1_UART_Init                      0x08004cfd   Thumb Code    48  usart.o(i.MX_USART1_UART_Init)
    MX_USART3_UART_Init                      0x08004d35   Thumb Code    54  usart.o(i.MX_USART3_UART_Init)
    MX_USART6_UART_Init                      0x08004d79   Thumb Code    48  usart.o(i.MX_USART6_UART_Init)
    MemManage_Handler                        0x08004db1   Thumb Code     2  stm32f4xx_it.o(i.MemManage_Handler)
    MotorEncoderProcess                      0x08004db3   Thumb Code    58  motor.o(i.MotorEncoderProcess)
    MotorParamInit                           0x08004ded   Thumb Code    42  motor.o(i.MotorParamInit)
    NMI_Handler                              0x08004e17   Thumb Code     2  stm32f4xx_it.o(i.NMI_Handler)
    PC_RxCpltCallback                        0x08004e19   Thumb Code    28  pc_communicate.o(i.PC_RxCpltCallback)
    PC_communicate_init                      0x08004e3d   Thumb Code    22  pc_communicate.o(i.PC_communicate_init)
    PID_Calc                                 0x08004e5d   Thumb Code   232  pid.o(i.PID_Calc)
    PcDataReceiveHandle                      0x08004f45   Thumb Code    80  pc_communicate.o(i.PcDataReceiveHandle)
    REMOTE_IDLE_Callback                     0x08004f9d   Thumb Code   116  remote.o(i.REMOTE_IDLE_Callback)
    RemoteData                               0x08005021   Thumb Code   174  remote.o(i.RemoteData)
    Remote_init                              0x080050d5   Thumb Code    22  remote.o(i.Remote_init)
    RobotParamInit                           0x080050f5   Thumb Code   508  robot.o(i.RobotParamInit)
    RobotStateChange                         0x08005355   Thumb Code   678  robot.o(i.RobotStateChange)
    SPI1_IRQHandler                          0x08005649   Thumb Code     6  stm32f4xx_it.o(i.SPI1_IRQHandler)
    ShootParamCalculate                      0x08005751   Thumb Code    84  shoot.o(i.ShootParamCalculate)
    ShootParamChange                         0x080057b1   Thumb Code   144  shoot.o(i.ShootParamChange)
    StartChassisTask                         0x08005859   Thumb Code    12  freertos.o(i.StartChassisTask)
    StartDefaultTask                         0x08005865   Thumb Code    20  freertos.o(i.StartDefaultTask)
    StartGimbalTask                          0x0800587d   Thumb Code    12  freertos.o(i.StartGimbalTask)
    StartImuTask                             0x08005889   Thumb Code    38  freertos.o(i.StartImuTask)
    StartRefereeTask                         0x080058b5   Thumb Code     8  freertos.o(i.StartRefereeTask)
    StartRobotCMDTask                        0x080058bd   Thumb Code    16  freertos.o(i.StartRobotCMDTask)
    StartShootTask                           0x080058cd   Thumb Code    12  freertos.o(i.StartShootTask)
    SuperviseTaskHandle                      0x080058d9   Thumb Code    50  supervise.o(i.SuperviseTaskHandle)
    SuperviseTimer                           0x08005915   Thumb Code     4  freertos.o(i.SuperviseTimer)
    SysTick_Handler                          0x08005919   Thumb Code    38  port.o(i.SysTick_Handler)
    SystemClock_Config                       0x08005945   Thumb Code   140  main.o(i.SystemClock_Config)
    SystemInit                               0x080059d9   Thumb Code    22  system_stm32f4xx.o(i.SystemInit)
    TIM6_DAC_IRQHandler                      0x080059f5   Thumb Code     6  stm32f4xx_it.o(i.TIM6_DAC_IRQHandler)
    TIM7_IRQHandler                          0x08005a01   Thumb Code     6  stm32f4xx_it.o(i.TIM7_IRQHandler)
    TIM_Base_SetConfig                       0x08005a0d   Thumb Code   156  stm32f4xx_hal_tim.o(i.TIM_Base_SetConfig)
    TIM_CCxChannelCmd                        0x08005ad5   Thumb Code    26  stm32f4xx_hal_tim.o(i.TIM_CCxChannelCmd)
    TIM_OC2_SetConfig                        0x08005b51   Thumb Code    98  stm32f4xx_hal_tim.o(i.TIM_OC2_SetConfig)
    USART1_IRQHandler                        0x08005f7d   Thumb Code     6  stm32f4xx_it.o(i.USART1_IRQHandler)
    USART3_IRQHandler                        0x08005f89   Thumb Code     6  stm32f4xx_it.o(i.USART3_IRQHandler)
    USART6_IRQHandler                        0x08005f95   Thumb Code     6  stm32f4xx_it.o(i.USART6_IRQHandler)
    UsageFault_Handler                       0x08005fa1   Thumb Code     2  stm32f4xx_it.o(i.UsageFault_Handler)
    __ARM_fpclassify                         0x08005fa3   Thumb Code    48  fpclassify.o(i.__ARM_fpclassify)
    __ARM_fpclassifyf                        0x08005fd3   Thumb Code    38  fpclassifyf.o(i.__ARM_fpclassifyf)
    __hardfp_asinf                           0x08006019   Thumb Code   258  asinf.o(i.__hardfp_asinf)
    __hardfp_atan2f                          0x08006145   Thumb Code   502  atan2f.o(i.__hardfp_atan2f)
    __hardfp_cos                             0x08006399   Thumb Code   180  cos.o(i.__hardfp_cos)
    __hardfp_powf                            0x08006461   Thumb Code  1606  powf.o(i.__hardfp_powf)
    __mathlib_powf                           0x08006461   Thumb Code     0  powf.o(i.__hardfp_powf)
    __hardfp_sin                             0x08006ac9   Thumb Code   180  sin.o(i.__hardfp_sin)
    __hardfp_sqrt                            0x08006b91   Thumb Code   122  sqrt.o(i.__hardfp_sqrt)
    __hardfp_sqrtf                           0x08006c0b   Thumb Code    58  sqrtf.o(i.__hardfp_sqrtf)
    __ieee754_rem_pio2                       0x08006c49   Thumb Code   938  rred.o(i.__ieee754_rem_pio2)
    __kernel_cos                             0x08007081   Thumb Code   322  cos_i.o(i.__kernel_cos)
    __kernel_poly                            0x080071f1   Thumb Code   248  poly.o(i.__kernel_poly)
    __kernel_sin                             0x080072e9   Thumb Code   280  sin_i.o(i.__kernel_sin)
    __mathlib_dbl_infnan                     0x08007419   Thumb Code    20  dunder.o(i.__mathlib_dbl_infnan)
    __mathlib_dbl_invalid                    0x08007431   Thumb Code    24  dunder.o(i.__mathlib_dbl_invalid)
    __mathlib_dbl_underflow                  0x08007451   Thumb Code    24  dunder.o(i.__mathlib_dbl_underflow)
    __mathlib_flt_divzero                    0x08007471   Thumb Code    14  funder.o(i.__mathlib_flt_divzero)
    __mathlib_flt_infnan                     0x08007485   Thumb Code     6  funder.o(i.__mathlib_flt_infnan)
    __mathlib_flt_infnan2                    0x0800748b   Thumb Code     6  funder.o(i.__mathlib_flt_infnan2)
    __mathlib_flt_invalid                    0x08007491   Thumb Code    10  funder.o(i.__mathlib_flt_invalid)
    __mathlib_flt_overflow                   0x080074a1   Thumb Code    10  funder.o(i.__mathlib_flt_overflow)
    __mathlib_flt_underflow                  0x080074b1   Thumb Code    10  funder.o(i.__mathlib_flt_underflow)
    __scatterload_copy                       0x080074c1   Thumb Code    14  handlers.o(i.__scatterload_copy)
    __scatterload_null                       0x080074cf   Thumb Code     2  handlers.o(i.__scatterload_null)
    __scatterload_zeroinit                   0x080074d1   Thumb Code    14  handlers.o(i.__scatterload_zeroinit)
    __set_errno                              0x080074e1   Thumb Code     6  errno.o(i.__set_errno)
    bmi088_accel_init                        0x080074ed   Thumb Code   266  bmi088driver.o(i.bmi088_accel_init)
    bmi088_gyro_init                         0x080075fd   Thumb Code   214  bmi088driver.o(i.bmi088_gyro_init)
    fabs                                     0x080076d9   Thumb Code    24  fabs.o(i.fabs)
    imuDataHandle                            0x080076f1   Thumb Code   254  attituderesolve.o(i.imuDataHandle)
    imuUpdate                                0x08007809   Thumb Code   890  attituderesolve.o(i.imuUpdate)
    main                                     0x08007ba1   Thumb Code   184  main.o(i.main)
    osDelay                                  0x08007c7d   Thumb Code    46  cmsis_os2.o(i.osDelay)
    osKernelInitialize                       0x08007cb1   Thumb Code    48  cmsis_os2.o(i.osKernelInitialize)
    osKernelStart                            0x08007ce5   Thumb Code    56  cmsis_os2.o(i.osKernelStart)
    osThreadNew                              0x08007d21   Thumb Code   158  cmsis_os2.o(i.osThreadNew)
    osTimerNew                               0x08007dc5   Thumb Code   124  cmsis_os2.o(i.osTimerNew)
    osTimerStart                             0x08007e49   Thumb Code    70  cmsis_os2.o(i.osTimerStart)
    processAccScale                          0x08007e95   Thumb Code   122  attituderesolve.o(i.processAccScale)
    processGyroBias                          0x08007f19   Thumb Code   156  attituderesolve.o(i.processGyroBias)
    pvPortMalloc                             0x080087a5   Thumb Code   210  heap_4.o(i.pvPortMalloc)
    pvTimerGetTimerID                        0x0800887d   Thumb Code    36  timers.o(i.pvTimerGetTimerID)
    pxPortInitialiseStack                    0x080088a1   Thumb Code    40  port.o(i.pxPortInitialiseStack)
    sqrtf                                    0x080089a9   Thumb Code    62  sqrtf.o(i.sqrtf)
    uxListRemove                             0x080089e7   Thumb Code    38  list.o(i.uxListRemove)
    vApplicationGetIdleTaskMemory            0x08008a0d   Thumb Code    16  cmsis_os2.o(i.vApplicationGetIdleTaskMemory)
    vApplicationGetTimerTaskMemory           0x08008a21   Thumb Code    18  cmsis_os2.o(i.vApplicationGetTimerTaskMemory)
    vListInitialise                          0x08008a39   Thumb Code    22  list.o(i.vListInitialise)
    vListInitialiseItem                      0x08008a4f   Thumb Code     6  list.o(i.vListInitialiseItem)
    vListInsert                              0x08008a55   Thumb Code    48  list.o(i.vListInsert)
    vListInsertEnd                           0x08008a85   Thumb Code    24  list.o(i.vListInsertEnd)
    vPortEnterCritical                       0x08008a9d   Thumb Code    54  port.o(i.vPortEnterCritical)
    vPortExitCritical                        0x08008add   Thumb Code    34  port.o(i.vPortExitCritical)
    vPortFree                                0x08008b05   Thumb Code    88  heap_4.o(i.vPortFree)
    vPortSetupTimerInterrupt                 0x08008b61   Thumb Code    32  port.o(i.vPortSetupTimerInterrupt)
    vPortValidateInterruptPriority           0x08008b85   Thumb Code    74  port.o(i.vPortValidateInterruptPriority)
    vQueueAddToRegistry                      0x08008bd9   Thumb Code    34  queue.o(i.vQueueAddToRegistry)
    vQueueWaitForMessageRestricted           0x08008c01   Thumb Code    68  queue.o(i.vQueueWaitForMessageRestricted)
    vTaskDelay                               0x08008c45   Thumb Code    66  tasks.o(i.vTaskDelay)
    vTaskInternalSetTimeOutState             0x08008c91   Thumb Code    12  tasks.o(i.vTaskInternalSetTimeOutState)
    vTaskMissedYield                         0x08008ca1   Thumb Code     8  tasks.o(i.vTaskMissedYield)
    vTaskPlaceOnEventList                    0x08008cad   Thumb Code    44  tasks.o(i.vTaskPlaceOnEventList)
    vTaskPlaceOnEventListRestricted          0x08008cdd   Thumb Code    52  tasks.o(i.vTaskPlaceOnEventListRestricted)
    vTaskStartScheduler                      0x08008d15   Thumb Code   118  tasks.o(i.vTaskStartScheduler)
    vTaskSuspendAll                          0x08008d9d   Thumb Code    10  tasks.o(i.vTaskSuspendAll)
    vTaskSwitchContext                       0x08008dad   Thumb Code    90  tasks.o(i.vTaskSwitchContext)
    xPortStartScheduler                      0x08008e11   Thumb Code   222  port.o(i.xPortStartScheduler)
    xQueueGenericCreateStatic                0x08008f05   Thumb Code   102  queue.o(i.xQueueGenericCreateStatic)
    xQueueGenericReset                       0x08008f6d   Thumb Code   132  queue.o(i.xQueueGenericReset)
    xQueueGenericSend                        0x08008ff5   Thumb Code   346  queue.o(i.xQueueGenericSend)
    xQueueGenericSendFromISR                 0x08009155   Thumb Code   188  queue.o(i.xQueueGenericSendFromISR)
    xQueueReceive                            0x08009211   Thumb Code   308  queue.o(i.xQueueReceive)
    xTaskCheckForTimeOut                     0x08009349   Thumb Code   112  tasks.o(i.xTaskCheckForTimeOut)
    xTaskCreate                              0x080093bd   Thumb Code    90  tasks.o(i.xTaskCreate)
    xTaskCreateStatic                        0x08009417   Thumb Code    86  tasks.o(i.xTaskCreateStatic)
    xTaskGetSchedulerState                   0x0800946d   Thumb Code    22  tasks.o(i.xTaskGetSchedulerState)
    xTaskGetTickCount                        0x08009489   Thumb Code     6  tasks.o(i.xTaskGetTickCount)
    xTaskIncrementTick                       0x08009495   Thumb Code   190  tasks.o(i.xTaskIncrementTick)
    xTaskPriorityDisinherit                  0x0800955d   Thumb Code   118  tasks.o(i.xTaskPriorityDisinherit)
    xTaskRemoveFromEventList                 0x080095dd   Thumb Code    98  tasks.o(i.xTaskRemoveFromEventList)
    xTaskResumeAll                           0x0800964d   Thumb Code   182  tasks.o(i.xTaskResumeAll)
    xTimerCreate                             0x08009711   Thumb Code    52  timers.o(i.xTimerCreate)
    xTimerCreateStatic                       0x08009745   Thumb Code    46  timers.o(i.xTimerCreateStatic)
    xTimerCreateTimerTask                    0x08009775   Thumb Code    78  timers.o(i.xTimerCreateTimerTask)
    xTimerGenericCommand                     0x080097d5   Thumb Code    98  timers.o(i.xTimerGenericCommand)
    defaultTask_attributes                   0x0800983c   Data          36  freertos.o(.constdata)
    ImuTask_attributes                       0x08009860   Data          36  freertos.o(.constdata)
    ShootTask_attributes                     0x08009884   Data          36  freertos.o(.constdata)
    ChassisTask_attributes                   0x080098a8   Data          36  freertos.o(.constdata)
    GimbalTask_attributes                    0x080098cc   Data          36  freertos.o(.constdata)
    RobotCMDTask_attributes                  0x080098f0   Data          36  freertos.o(.constdata)
    RefereeTask_attributes                   0x08009914   Data          36  freertos.o(.constdata)
    LED_Timer_attributes                     0x08009938   Data          16  freertos.o(.constdata)
    Supervise_Timer_attributes               0x08009948   Data          16  freertos.o(.constdata)
    AHBPrescTable                            0x08009960   Data          16  system_stm32f4xx.o(.constdata)
    APBPrescTable                            0x08009970   Data           8  system_stm32f4xx.o(.constdata)
    Region$$Table$$Base                      0x08009c48   Number         0  anon$$obj.o(Region$$Table)
    Region$$Table$$Limit                     0x08009c68   Number         0  anon$$obj.o(Region$$Table)
    defaultTaskHandle                        0x20000004   Data           4  freertos.o(.data)
    ImuTaskHandle                            0x20000008   Data           4  freertos.o(.data)
    ShootTaskHandle                          0x2000000c   Data           4  freertos.o(.data)
    ChassisTaskHandle                        0x20000010   Data           4  freertos.o(.data)
    GimbalTaskHandle                         0x20000014   Data           4  freertos.o(.data)
    RobotCMDTaskHandle                       0x20000018   Data           4  freertos.o(.data)
    RefereeTaskHandle                        0x2000001c   Data           4  freertos.o(.data)
    LED_TimerHandle                          0x20000020   Data           4  freertos.o(.data)
    Supervise_TimerHandle                    0x20000024   Data           4  freertos.o(.data)
    hcrc                                     0x2000002c   Data           8  crc.o(.data)
    uwTickFreq                               0x20000034   Data           1  stm32f4xx_hal.o(.data)
    uwTickPrio                               0x20000038   Data           4  stm32f4xx_hal.o(.data)
    uwTick                                   0x2000003c   Data           4  stm32f4xx_hal.o(.data)
    SystemCoreClock                          0x20000040   Data           4  system_stm32f4xx.o(.data)
    pxCurrentTCB                             0x20000044   Data           4  tasks.o(.data)
    CanRecvData_FIFO0                        0x200000bc   Data           8  bsp_can.o(.data)
    CanRecvData_FIFO1                        0x200000c4   Data           8  bsp_can.o(.data)
    accScale                                 0x200000d8   Data           4  attituderesolve.o(.data)
    Kp                                       0x200000dc   Data           4  attituderesolve.o(.data)
    Ki                                       0x200000e0   Data           4  attituderesolve.o(.data)
    exInt                                    0x200000e4   Data           4  attituderesolve.o(.data)
    eyInt                                    0x200000e8   Data           4  attituderesolve.o(.data)
    ezInt                                    0x200000ec   Data           4  attituderesolve.o(.data)
    last_update                              0x20000100   Data           4  attituderesolve.o(.data)
    now_update                               0x20000104   Data           4  attituderesolve.o(.data)
    lost_err                                 0x2000012c   Data           4  supervise.o(.data)
    music_nxt                                0x20000134   Data         160  beep.o(.data)
    pc_rx_buf                                0x200001d8   Data           1  pc_communicate.o(.data)
    hcan1                                    0x200001e4   Data          40  can.o(.bss)
    hcan2                                    0x2000020c   Data          40  can.o(.bss)
    hi2c3                                    0x20000234   Data          84  i2c.o(.bss)
    hspi1                                    0x20000288   Data          88  spi.o(.bss)
    htim1                                    0x200002e0   Data          64  tim.o(.bss)
    htim4                                    0x20000320   Data          64  tim.o(.bss)
    htim6                                    0x20000360   Data          64  tim.o(.bss)
    htim10                                   0x200003a0   Data          64  tim.o(.bss)
    htim14                                   0x200003e0   Data          64  tim.o(.bss)
    huart1                                   0x20000420   Data          64  usart.o(.bss)
    huart3                                   0x20000460   Data          64  usart.o(.bss)
    huart6                                   0x200004a0   Data          64  usart.o(.bss)
    hdma_usart3_rx                           0x200004e0   Data          96  usart.o(.bss)
    htim7                                    0x20000540   Data          64  stm32f4xx_hal_timebase_tim.o(.bss)
    xQueueRegistry                           0x20000580   Data          64  queue.o(.bss)
    rc_data                                  0x20004e54   Data          18  remote.o(.bss)
    Remote                                   0x20004e68   Data         112  remote.o(.bss)
    can1_motor_1                             0x20004f38   Data         116  motor.o(.bss)
    can1_motor_2                             0x20004fac   Data         116  motor.o(.bss)
    can1_motor_3                             0x20005020   Data         116  motor.o(.bss)
    can1_motor_4                             0x20005094   Data         116  motor.o(.bss)
    can1_motor_5                             0x20005108   Data         116  motor.o(.bss)
    can1_motor_6                             0x2000517c   Data         116  motor.o(.bss)
    can1_motor_7                             0x200051f0   Data         116  motor.o(.bss)
    can1_motor_9                             0x20005264   Data         116  motor.o(.bss)
    can2_motor_1                             0x200052d8   Data         116  motor.o(.bss)
    can2_motor_2                             0x2000534c   Data         116  motor.o(.bss)
    can2_motor_3                             0x200053c0   Data         116  motor.o(.bss)
    can2_motor_4                             0x20005434   Data         116  motor.o(.bss)
    can2_motor_5                             0x200054a8   Data         116  motor.o(.bss)
    can2_motor_6                             0x2000551c   Data         116  motor.o(.bss)
    can2_motor_7                             0x20005590   Data         116  motor.o(.bss)
    can2_motor_9                             0x20005604   Data         116  motor.o(.bss)
    Kalman_yaw                               0x20005678   Data          96  kalman.o(.bss)
    Kalman_pitch                             0x200056d8   Data          96  kalman.o(.bss)
    Kalman_roll                              0x20005738   Data          96  kalman.o(.bss)
    gyroBiasRunning                          0x20005798   Data       12308  attituderesolve.o(.bss)
    bmi088                                   0x200087ac   Data         104  attituderesolve.o(.bss)
    imuHeat_pid_t                            0x20008814   Data          52  imu_heat.o(.bss)
    lost_counter                             0x20008848   Data          48  supervise.o(.bss)
    pc_rx                                    0x20008878   Data          10  pc_communicate.o(.bss)
    pc_data_tx                               0x20008884   Data          24  pc_communicate.o(.bss)
    pc_data_rx                               0x2000889c   Data          12  pc_communicate.o(.bss)
    pc_tx                                    0x200088a8   Data          22  pc_communicate.o(.bss)
    infantry                                 0x200088c0   Data          72  robot.o(.bss)
    __initial_sp                             0x2000b308   Data           0  startup_stm32f407xx.o(STACK)



==============================================================================

Memory Map of the image

  Image Entry point : 0x08000189

  Load Region LR_IROM1 (Base: 0x08000000, Size: 0x00009e4c, Max: 0x00100000, ABSOLUTE, COMPRESSED[0x00009cb8])

    Execution Region ER_IROM1 (Exec base: 0x08000000, Load base: 0x08000000, Size: 0x00009c68, Max: 0x00100000, ABSOLUTE)

    Exec Addr    Load Addr    Size         Type   Attr      Idx    E Section Name        Object

    0x08000000   0x08000000   0x00000188   Data   RO            3    RESET               startup_stm32f407xx.o
    0x08000188   0x08000188   0x00000000   Code   RO         6993  * .ARM.Collect$$$$00000000  mc_w.l(entry.o)
    0x08000188   0x08000188   0x00000004   Code   RO         7062    .ARM.Collect$$$$00000001  mc_w.l(entry2.o)
    0x0800018c   0x0800018c   0x00000004   Code   RO         7065    .ARM.Collect$$$$00000004  mc_w.l(entry5.o)
    0x08000190   0x08000190   0x00000000   Code   RO         7067    .ARM.Collect$$$$00000008  mc_w.l(entry7b.o)
    0x08000190   0x08000190   0x00000000   Code   RO         7069    .ARM.Collect$$$$0000000A  mc_w.l(entry8b.o)
    0x08000190   0x08000190   0x00000008   Code   RO         7070    .ARM.Collect$$$$0000000B  mc_w.l(entry9a.o)
    0x08000198   0x08000198   0x00000000   Code   RO         7072    .ARM.Collect$$$$0000000D  mc_w.l(entry10a.o)
    0x08000198   0x08000198   0x00000000   Code   RO         7074    .ARM.Collect$$$$0000000F  mc_w.l(entry11a.o)
    0x08000198   0x08000198   0x00000004   Code   RO         7063    .ARM.Collect$$$$00002712  mc_w.l(entry2.o)
    0x0800019c   0x0800019c   0x000000be   Code   RO         5978    .emb_text           port.o
    0x0800025a   0x0800025a   0x00000002   PAD
    0x0800025c   0x0800025c   0x00000024   Code   RO            4    .text               startup_stm32f407xx.o
    0x08000280   0x08000280   0x00000062   Code   RO         6996    .text               mc_w.l(uldiv.o)
    0x080002e2   0x080002e2   0x00000024   Code   RO         6998    .text               mc_w.l(memcpya.o)
    0x08000306   0x08000306   0x00000024   Code   RO         7002    .text               mc_w.l(memseta.o)
    0x0800032a   0x0800032a   0x0000014e   Code   RO         7006    .text               mf_w.l(dadd.o)
    0x08000478   0x08000478   0x000000e4   Code   RO         7008    .text               mf_w.l(dmul.o)
    0x0800055c   0x0800055c   0x00000022   Code   RO         7010    .text               mf_w.l(dflti.o)
    0x0800057e   0x0800057e   0x0000003e   Code   RO         7012    .text               mf_w.l(dfixi.o)
    0x080005bc   0x080005bc   0x00000026   Code   RO         7014    .text               mf_w.l(f2d.o)
    0x080005e2   0x080005e2   0x00000038   Code   RO         7016    .text               mf_w.l(d2f.o)
    0x0800061a   0x0800061a   0x0000001e   Code   RO         7076    .text               mc_w.l(llshl.o)
    0x08000638   0x08000638   0x00000020   Code   RO         7078    .text               mc_w.l(llushr.o)
    0x08000658   0x08000658   0x00000024   Code   RO         7080    .text               mc_w.l(llsshr.o)
    0x0800067c   0x0800067c   0x00000000   Code   RO         7089    .text               mc_w.l(iusefp.o)
    0x0800067c   0x0800067c   0x0000006e   Code   RO         7090    .text               mf_w.l(fepilogue.o)
    0x080006ea   0x080006ea   0x000000ba   Code   RO         7092    .text               mf_w.l(depilogue.o)
    0x080007a4   0x080007a4   0x000000a2   Code   RO         7096    .text               mf_w.l(dsqrt.o)
    0x08000846   0x08000846   0x00000004   Code   RO         7100    .text               mf_w.l(fpstat.o)
    0x0800084a   0x0800084a   0x00000002   PAD
    0x0800084c   0x0800084c   0x00000024   Code   RO         7112    .text               mc_w.l(init.o)
    0x08000870   0x08000870   0x000000de   Code   RO         7114    .text               mf_w.l(ddiv.o)
    0x0800094e   0x0800094e   0x0000001a   Code   RO         7116    .text               mf_w.l(dfltui.o)
    0x08000968   0x08000968   0x00000056   Code   RO         7126    .text               mc_w.l(__dczerorl2.o)
    0x080009be   0x080009be   0x00000040   Code   RO         6112    i.AddDatapackToTxQueue  bsp_can.o
    0x080009fe   0x080009fe   0x00000002   PAD
    0x08000a00   0x08000a00   0x00000010   Code   RO         6536    i.BMI088_ACCEL_NS_H  bmi088middleware.o
    0x08000a10   0x08000a10   0x00000010   Code   RO         6537    i.BMI088_ACCEL_NS_L  bmi088middleware.o
    0x08000a20   0x08000a20   0x00000010   Code   RO         6538    i.BMI088_GYRO_NS_H  bmi088middleware.o
    0x08000a30   0x08000a30   0x00000010   Code   RO         6539    i.BMI088_GYRO_NS_L  bmi088middleware.o
    0x08000a40   0x08000a40   0x00000018   Code   RO         6540    i.BMI088_delay_ms   bmi088middleware.o
    0x08000a58   0x08000a58   0x00000030   Code   RO         6541    i.BMI088_delay_us   bmi088middleware.o
    0x08000a88   0x08000a88   0x00000010   Code   RO         6471    i.BMI088_init       bmi088driver.o
    0x08000a98   0x08000a98   0x00000150   Code   RO         6472    i.BMI088_read       bmi088driver.o
    0x08000be8   0x08000be8   0x00000024   Code   RO         6473    i.BMI088_read_muli_reg  bmi088driver.o
    0x08000c0c   0x08000c0c   0x00000016   Code   RO         6474    i.BMI088_read_single_reg  bmi088driver.o
    0x08000c22   0x08000c22   0x00000002   PAD
    0x08000c24   0x08000c24   0x00000020   Code   RO         6542    i.BMI088_read_write_byte  bmi088middleware.o
    0x08000c44   0x08000c44   0x00000012   Code   RO         6475    i.BMI088_write_single_reg  bmi088driver.o
    0x08000c56   0x08000c56   0x00000002   PAD
    0x08000c58   0x08000c58   0x00000044   Code   RO         6673    i.Beep              beep.o
    0x08000c9c   0x08000c9c   0x00000002   Code   RO          725    i.BusFault_Handler  stm32f4xx_it.o
    0x08000c9e   0x08000c9e   0x00000002   PAD
    0x08000ca0   0x08000ca0   0x0000000c   Code   RO          726    i.CAN1_RX0_IRQHandler  stm32f4xx_it.o
    0x08000cac   0x08000cac   0x0000000c   Code   RO          727    i.CAN1_RX1_IRQHandler  stm32f4xx_it.o
    0x08000cb8   0x08000cb8   0x0000000c   Code   RO          728    i.CAN2_RX0_IRQHandler  stm32f4xx_it.o
    0x08000cc4   0x08000cc4   0x0000000c   Code   RO          729    i.CAN2_RX1_IRQHandler  stm32f4xx_it.o
    0x08000cd0   0x08000cd0   0x000000a4   Code   RO         6113    i.Can1DataReceive   bsp_can.o
    0x08000d74   0x08000d74   0x000000a4   Code   RO         6114    i.Can2DataReceive   bsp_can.o
    0x08000e18   0x08000e18   0x000000b0   Code   RO         6115    i.CanFilterInit     bsp_can.o
    0x08000ec8   0x08000ec8   0x00000038   Code   RO         6178    i.CanTransmit_1234  motor.o
    0x08000f00   0x08000f00   0x0000003c   Code   RO         6180    i.CanTransmit_9_12  motor.o
    0x08000f3c   0x08000f3c   0x00000080   Code   RO         6706    i.ChassisParamCalculate  chassis.o
    0x08000fbc   0x08000fbc   0x000002b8   Code   RO         6707    i.ChassisParamChange  chassis.o
    0x08001274   0x08001274   0x0000000c   Code   RO          730    i.DMA1_Stream1_IRQHandler  stm32f4xx_it.o
    0x08001280   0x08001280   0x00000028   Code   RO         1617    i.DMA_CalcBaseAndBitshift  stm32f4xx_hal_dma.o
    0x080012a8   0x080012a8   0x00000054   Code   RO         1618    i.DMA_CheckFifoParam  stm32f4xx_hal_dma.o
    0x080012fc   0x080012fc   0x00000028   Code   RO         1619    i.DMA_SetConfig     stm32f4xx_hal_dma.o
    0x08001324   0x08001324   0x00000002   Code   RO          731    i.DebugMon_Handler  stm32f4xx_it.o
    0x08001326   0x08001326   0x00000004   Code   RO           13    i.Error_Handler     main.o
    0x0800132a   0x0800132a   0x00000002   PAD
    0x0800132c   0x0800132c   0x000000a4   Code   RO         6749    i.GimbalParamCalculate  gimbal.o
    0x080013d0   0x080013d0   0x000000cc   Code   RO         6750    i.GimbalParamChange  gimbal.o
    0x0800149c   0x0800149c   0x00000024   Code   RO          925    i.HAL_CAN_ActivateNotification  stm32f4xx_hal_can.o
    0x080014c0   0x080014c0   0x000000c8   Code   RO          926    i.HAL_CAN_AddTxMessage  stm32f4xx_hal_can.o
    0x08001588   0x08001588   0x0000010c   Code   RO          927    i.HAL_CAN_ConfigFilter  stm32f4xx_hal_can.o
    0x08001694   0x08001694   0x00000002   Code   RO          930    i.HAL_CAN_ErrorCallback  stm32f4xx_hal_can.o
    0x08001696   0x08001696   0x000000e8   Code   RO          933    i.HAL_CAN_GetRxMessage  stm32f4xx_hal_can.o
    0x0800177e   0x0800177e   0x000001fc   Code   RO          937    i.HAL_CAN_IRQHandler  stm32f4xx_hal_can.o
    0x0800197a   0x0800197a   0x0000011a   Code   RO          938    i.HAL_CAN_Init      stm32f4xx_hal_can.o
    0x08001a94   0x08001a94   0x0000011c   Code   RO          389    i.HAL_CAN_MspInit   can.o
    0x08001bb0   0x08001bb0   0x00000002   Code   RO          945    i.HAL_CAN_RxFifo0FullCallback  stm32f4xx_hal_can.o
    0x08001bb2   0x08001bb2   0x00000002   PAD
    0x08001bb4   0x08001bb4   0x00000044   Code   RO         6117    i.HAL_CAN_RxFifo0MsgPendingCallback  bsp_can.o
    0x08001bf8   0x08001bf8   0x00000002   Code   RO          947    i.HAL_CAN_RxFifo1FullCallback  stm32f4xx_hal_can.o
    0x08001bfa   0x08001bfa   0x00000002   PAD
    0x08001bfc   0x08001bfc   0x00000044   Code   RO         6118    i.HAL_CAN_RxFifo1MsgPendingCallback  bsp_can.o
    0x08001c40   0x08001c40   0x00000002   Code   RO          949    i.HAL_CAN_SleepCallback  stm32f4xx_hal_can.o
    0x08001c42   0x08001c42   0x00000002   PAD
    0x08001c44   0x08001c44   0x00000058   Code   RO          950    i.HAL_CAN_Start     stm32f4xx_hal_can.o
    0x08001c9c   0x08001c9c   0x00000002   Code   RO          952    i.HAL_CAN_TxMailbox0AbortCallback  stm32f4xx_hal_can.o
    0x08001c9e   0x08001c9e   0x00000002   Code   RO          953    i.HAL_CAN_TxMailbox0CompleteCallback  stm32f4xx_hal_can.o
    0x08001ca0   0x08001ca0   0x00000002   Code   RO          954    i.HAL_CAN_TxMailbox1AbortCallback  stm32f4xx_hal_can.o
    0x08001ca2   0x08001ca2   0x00000002   Code   RO          955    i.HAL_CAN_TxMailbox1CompleteCallback  stm32f4xx_hal_can.o
    0x08001ca4   0x08001ca4   0x00000002   Code   RO          956    i.HAL_CAN_TxMailbox2AbortCallback  stm32f4xx_hal_can.o
    0x08001ca6   0x08001ca6   0x00000002   Code   RO          957    i.HAL_CAN_TxMailbox2CompleteCallback  stm32f4xx_hal_can.o
    0x08001ca8   0x08001ca8   0x00000002   Code   RO          959    i.HAL_CAN_WakeUpFromRxMsgCallback  stm32f4xx_hal_can.o
    0x08001caa   0x08001caa   0x00000022   Code   RO         2294    i.HAL_CRC_Init      stm32f4xx_hal_crc.o
    0x08001ccc   0x08001ccc   0x00000028   Code   RO          438    i.HAL_CRC_MspInit   crc.o
    0x08001cf4   0x08001cf4   0x0000008e   Code   RO         1620    i.HAL_DMA_Abort     stm32f4xx_hal_dma.o
    0x08001d82   0x08001d82   0x00000024   Code   RO         1621    i.HAL_DMA_Abort_IT  stm32f4xx_hal_dma.o
    0x08001da6   0x08001da6   0x00000006   Code   RO         1624    i.HAL_DMA_GetState  stm32f4xx_hal_dma.o
    0x08001dac   0x08001dac   0x000001a0   Code   RO         1625    i.HAL_DMA_IRQHandler  stm32f4xx_hal_dma.o
    0x08001f4c   0x08001f4c   0x000000d4   Code   RO         1626    i.HAL_DMA_Init      stm32f4xx_hal_dma.o
    0x08002020   0x08002020   0x0000006e   Code   RO         1630    i.HAL_DMA_Start_IT  stm32f4xx_hal_dma.o
    0x0800208e   0x0800208e   0x00000002   PAD
    0x08002090   0x08002090   0x000001b8   Code   RO         1513    i.HAL_GPIO_Init     stm32f4xx_hal_gpio.o
    0x08002248   0x08002248   0x0000000e   Code   RO         1516    i.HAL_GPIO_TogglePin  stm32f4xx_hal_gpio.o
    0x08002256   0x08002256   0x0000000a   Code   RO         1517    i.HAL_GPIO_WritePin  stm32f4xx_hal_gpio.o
    0x08002260   0x08002260   0x0000000c   Code   RO         2045    i.HAL_GetTick       stm32f4xx_hal.o
    0x0800226c   0x0800226c   0x00000002   Code   RO         2350    i.HAL_I2C_AbortCpltCallback  stm32f4xx_hal_i2c.o
    0x0800226e   0x0800226e   0x00000002   Code   RO         2351    i.HAL_I2C_AddrCallback  stm32f4xx_hal_i2c.o
    0x08002270   0x08002270   0x00000266   Code   RO         2355    i.HAL_I2C_EV_IRQHandler  stm32f4xx_hal_i2c.o
    0x080024d6   0x080024d6   0x00000002   Code   RO         2357    i.HAL_I2C_ErrorCallback  stm32f4xx_hal_i2c.o
    0x080024d8   0x080024d8   0x00000188   Code   RO         2361    i.HAL_I2C_Init      stm32f4xx_hal_i2c.o
    0x08002660   0x08002660   0x00000002   Code   RO         2363    i.HAL_I2C_ListenCpltCallback  stm32f4xx_hal_i2c.o
    0x08002662   0x08002662   0x00000002   Code   RO         2364    i.HAL_I2C_MasterRxCpltCallback  stm32f4xx_hal_i2c.o
    0x08002664   0x08002664   0x00000002   Code   RO         2365    i.HAL_I2C_MasterTxCpltCallback  stm32f4xx_hal_i2c.o
    0x08002666   0x08002666   0x00000002   Code   RO         2377    i.HAL_I2C_MemRxCpltCallback  stm32f4xx_hal_i2c.o
    0x08002668   0x08002668   0x00000002   Code   RO         2378    i.HAL_I2C_MemTxCpltCallback  stm32f4xx_hal_i2c.o
    0x0800266a   0x0800266a   0x00000002   PAD
    0x0800266c   0x0800266c   0x00000098   Code   RO          504    i.HAL_I2C_MspInit   i2c.o
    0x08002704   0x08002704   0x00000002   Code   RO         2387    i.HAL_I2C_SlaveRxCpltCallback  stm32f4xx_hal_i2c.o
    0x08002706   0x08002706   0x00000002   Code   RO         2388    i.HAL_I2C_SlaveTxCpltCallback  stm32f4xx_hal_i2c.o
    0x08002708   0x08002708   0x00000010   Code   RO         2051    i.HAL_IncTick       stm32f4xx_hal.o
    0x08002718   0x08002718   0x00000034   Code   RO         2052    i.HAL_Init          stm32f4xx_hal.o
    0x0800274c   0x0800274c   0x00000074   Code   RO          885    i.HAL_InitTick      stm32f4xx_hal_timebase_tim.o
    0x080027c0   0x080027c0   0x00000038   Code   RO          861    i.HAL_MspInit       stm32f4xx_hal_msp.o
    0x080027f8   0x080027f8   0x0000001a   Code   RO         1902    i.HAL_NVIC_EnableIRQ  stm32f4xx_hal_cortex.o
    0x08002812   0x08002812   0x00000002   PAD
    0x08002814   0x08002814   0x00000040   Code   RO         1908    i.HAL_NVIC_SetPriority  stm32f4xx_hal_cortex.o
    0x08002854   0x08002854   0x00000024   Code   RO         1909    i.HAL_NVIC_SetPriorityGrouping  stm32f4xx_hal_cortex.o
    0x08002878   0x08002878   0x00000134   Code   RO         1159    i.HAL_RCC_ClockConfig  stm32f4xx_hal_rcc.o
    0x080029ac   0x080029ac   0x00000040   Code   RO         1163    i.HAL_RCC_GetClockConfig  stm32f4xx_hal_rcc.o
    0x080029ec   0x080029ec   0x00000020   Code   RO         1166    i.HAL_RCC_GetPCLK1Freq  stm32f4xx_hal_rcc.o
    0x08002a0c   0x08002a0c   0x00000020   Code   RO         1167    i.HAL_RCC_GetPCLK2Freq  stm32f4xx_hal_rcc.o
    0x08002a2c   0x08002a2c   0x00000064   Code   RO         1168    i.HAL_RCC_GetSysClockFreq  stm32f4xx_hal_rcc.o
    0x08002a90   0x08002a90   0x0000035c   Code   RO         1171    i.HAL_RCC_OscConfig  stm32f4xx_hal_rcc.o
    0x08002dec   0x08002dec   0x00000002   Code   RO         2802    i.HAL_SPI_ErrorCallback  stm32f4xx_hal_spi.o
    0x08002dee   0x08002dee   0x00000002   PAD
    0x08002df0   0x08002df0   0x000000fc   Code   RO         2805    i.HAL_SPI_IRQHandler  stm32f4xx_hal_spi.o
    0x08002eec   0x08002eec   0x00000080   Code   RO         2806    i.HAL_SPI_Init      stm32f4xx_hal_spi.o
    0x08002f6c   0x08002f6c   0x000000a0   Code   RO          546    i.HAL_SPI_MspInit   spi.o
    0x0800300c   0x0800300c   0x000001e2   Code   RO         2815    i.HAL_SPI_TransmitReceive  stm32f4xx_hal_spi.o
    0x080031ee   0x080031ee   0x00000002   Code   RO         3794    i.HAL_TIMEx_BreakCallback  stm32f4xx_hal_tim_ex.o
    0x080031f0   0x080031f0   0x00000002   Code   RO         3795    i.HAL_TIMEx_CommutCallback  stm32f4xx_hal_tim_ex.o
    0x080031f2   0x080031f2   0x00000054   Code   RO         3797    i.HAL_TIMEx_ConfigBreakDeadTime  stm32f4xx_hal_tim_ex.o
    0x08003246   0x08003246   0x00000002   PAD
    0x08003248   0x08003248   0x00000090   Code   RO         3812    i.HAL_TIMEx_MasterConfigSynchronization  stm32f4xx_hal_tim_ex.o
    0x080032d8   0x080032d8   0x00000036   Code   RO         3119    i.HAL_TIM_Base_Init  stm32f4xx_hal_tim.o
    0x0800330e   0x0800330e   0x00000002   PAD
    0x08003310   0x08003310   0x00000074   Code   RO          588    i.HAL_TIM_Base_MspInit  tim.o
    0x08003384   0x08003384   0x00000024   Code   RO         3122    i.HAL_TIM_Base_Start  stm32f4xx_hal_tim.o
    0x080033a8   0x080033a8   0x00000022   Code   RO         3124    i.HAL_TIM_Base_Start_IT  stm32f4xx_hal_tim.o
    0x080033ca   0x080033ca   0x0000002c   Code   RO         3125    i.HAL_TIM_Base_Stop  stm32f4xx_hal_tim.o
    0x080033f6   0x080033f6   0x00000002   Code   RO         3148    i.HAL_TIM_IC_CaptureCallback  stm32f4xx_hal_tim.o
    0x080033f8   0x080033f8   0x00000166   Code   RO         3162    i.HAL_TIM_IRQHandler  stm32f4xx_hal_tim.o
    0x0800355e   0x0800355e   0x00000002   PAD
    0x08003560   0x08003560   0x000000b4   Code   RO          589    i.HAL_TIM_MspPostInit  tim.o
    0x08003614   0x08003614   0x00000002   Code   RO         3165    i.HAL_TIM_OC_DelayElapsedCallback  stm32f4xx_hal_tim.o
    0x08003616   0x08003616   0x000000d0   Code   RO         3186    i.HAL_TIM_PWM_ConfigChannel  stm32f4xx_hal_tim.o
    0x080036e6   0x080036e6   0x00000036   Code   RO         3189    i.HAL_TIM_PWM_Init  stm32f4xx_hal_tim.o
    0x0800371c   0x0800371c   0x00000044   Code   RO          591    i.HAL_TIM_PWM_MspInit  tim.o
    0x08003760   0x08003760   0x00000002   Code   RO         3192    i.HAL_TIM_PWM_PulseFinishedCallback  stm32f4xx_hal_tim.o
    0x08003762   0x08003762   0x00000002   PAD
    0x08003764   0x08003764   0x00000044   Code   RO         3194    i.HAL_TIM_PWM_Start  stm32f4xx_hal_tim.o
    0x080037a8   0x080037a8   0x0000005c   Code   RO         3197    i.HAL_TIM_PWM_Stop  stm32f4xx_hal_tim.o
    0x08003804   0x08003804   0x00000014   Code   RO           14    i.HAL_TIM_PeriodElapsedCallback  main.o
    0x08003818   0x08003818   0x00000002   Code   RO         3205    i.HAL_TIM_TriggerCallback  stm32f4xx_hal_tim.o
    0x0800381a   0x0800381a   0x00000058   Code   RO         4064    i.HAL_UART_DMAStop  stm32f4xx_hal_uart.o
    0x08003872   0x08003872   0x00000002   Code   RO         4066    i.HAL_UART_ErrorCallback  stm32f4xx_hal_uart.o
    0x08003874   0x08003874   0x00000114   Code   RO         4069    i.HAL_UART_IRQHandler  stm32f4xx_hal_uart.o
    0x08003988   0x08003988   0x00000062   Code   RO         4070    i.HAL_UART_Init     stm32f4xx_hal_uart.o
    0x080039ea   0x080039ea   0x00000002   PAD
    0x080039ec   0x080039ec   0x0000018c   Code   RO          672    i.HAL_UART_MspInit  usart.o
    0x08003b78   0x08003b78   0x00000098   Code   RO         4074    i.HAL_UART_Receive_DMA  stm32f4xx_hal_uart.o
    0x08003c10   0x08003c10   0x00000052   Code   RO         4075    i.HAL_UART_Receive_IT  stm32f4xx_hal_uart.o
    0x08003c62   0x08003c62   0x00000002   PAD
    0x08003c64   0x08003c64   0x00000010   Code   RO          732    i.HAL_UART_RxCpltCallback  stm32f4xx_it.o
    0x08003c74   0x08003c74   0x00000002   Code   RO         4077    i.HAL_UART_RxHalfCpltCallback  stm32f4xx_hal_uart.o
    0x08003c76   0x08003c76   0x00000002   Code   RO         4081    i.HAL_UART_TxCpltCallback  stm32f4xx_hal_uart.o
    0x08003c78   0x08003c78   0x00000002   Code   RO          733    i.HardFault_Handler  stm32f4xx_it.o
    0x08003c7a   0x08003c7a   0x00000002   PAD
    0x08003c7c   0x08003c7c   0x0000000c   Code   RO          734    i.I2C3_EV_IRQHandler  stm32f4xx_it.o
    0x08003c88   0x08003c88   0x000000bc   Code   RO         2399    i.I2C_DMAAbort      stm32f4xx_hal_i2c.o
    0x08003d44   0x08003d44   0x00000158   Code   RO         2402    i.I2C_ITError       stm32f4xx_hal_i2c.o
    0x08003e9c   0x08003e9c   0x000000d2   Code   RO         2404    i.I2C_MasterReceive_BTF  stm32f4xx_hal_i2c.o
    0x08003f6e   0x08003f6e   0x00000002   PAD
    0x08003f70   0x08003f70   0x000000e8   Code   RO         2405    i.I2C_MasterReceive_RXNE  stm32f4xx_hal_i2c.o
    0x08004058   0x08004058   0x00000074   Code   RO         2408    i.I2C_MasterTransmit_BTF  stm32f4xx_hal_i2c.o
    0x080040cc   0x080040cc   0x000000b6   Code   RO         2409    i.I2C_MasterTransmit_TXE  stm32f4xx_hal_i2c.o
    0x08004182   0x08004182   0x00000002   PAD
    0x08004184   0x08004184   0x00000118   Code   RO         2410    i.I2C_Master_ADDR   stm32f4xx_hal_i2c.o
    0x0800429c   0x0800429c   0x0000008c   Code   RO         2411    i.I2C_Master_SB     stm32f4xx_hal_i2c.o
    0x08004328   0x08004328   0x000000a0   Code   RO         2412    i.I2C_MemoryTransmit_TXE_BTF  stm32f4xx_hal_i2c.o
    0x080043c8   0x080043c8   0x0000015c   Code   RO         2416    i.I2C_Slave_STOPF   stm32f4xx_hal_i2c.o
    0x08004524   0x08004524   0x00000028   Code   RO         6597    i.IMU_Heat_Control  imu_heat.o
    0x0800454c   0x0800454c   0x0000005c   Code   RO         6598    i.IMU_Heat_init     imu_heat.o
    0x080045a8   0x080045a8   0x00000084   Code   RO         6405    i.IMU_init          attituderesolve.o
    0x0800462c   0x0800462c   0x0000000c   Code   RO         6631    i.Is_Error          supervise.o
    0x08004638   0x08004638   0x00000030   Code   RO         6376    i.KalmanInit        kalman.o
    0x08004668   0x08004668   0x000000d4   Code   RO         6377    i.Kalman_Filter     kalman.o
    0x0800473c   0x0800473c   0x00000028   Code   RO         6058    i.KeyStateChange    remote.o
    0x08004764   0x08004764   0x00000044   Code   RO          272    i.LedTimer          freertos.o
    0x080047a8   0x080047a8   0x00000010   Code   RO         6633    i.LostCounterFeed   supervise.o
    0x080047b8   0x080047b8   0x00000048   Code   RO          390    i.MX_CAN1_Init      can.o
    0x08004800   0x08004800   0x00000048   Code   RO          391    i.MX_CAN2_Init      can.o
    0x08004848   0x08004848   0x00000024   Code   RO          439    i.MX_CRC_Init       crc.o
    0x0800486c   0x0800486c   0x0000002c   Code   RO          479    i.MX_DMA_Init       dma.o
    0x08004898   0x08004898   0x000000c4   Code   RO          273    i.MX_FREERTOS_Init  freertos.o
    0x0800495c   0x0800495c   0x00000124   Code   RO          248    i.MX_GPIO_Init      gpio.o
    0x08004a80   0x08004a80   0x00000040   Code   RO          505    i.MX_I2C3_Init      i2c.o
    0x08004ac0   0x08004ac0   0x00000048   Code   RO          547    i.MX_SPI1_Init      spi.o
    0x08004b08   0x08004b08   0x00000068   Code   RO          592    i.MX_TIM10_Init     tim.o
    0x08004b70   0x08004b70   0x00000038   Code   RO          593    i.MX_TIM14_Init     tim.o
    0x08004ba8   0x08004ba8   0x000000a0   Code   RO          594    i.MX_TIM1_Init      tim.o
    0x08004c48   0x08004c48   0x00000070   Code   RO          595    i.MX_TIM4_Init      tim.o
    0x08004cb8   0x08004cb8   0x00000044   Code   RO          596    i.MX_TIM6_Init      tim.o
    0x08004cfc   0x08004cfc   0x00000038   Code   RO          673    i.MX_USART1_UART_Init  usart.o
    0x08004d34   0x08004d34   0x00000044   Code   RO          674    i.MX_USART3_UART_Init  usart.o
    0x08004d78   0x08004d78   0x00000038   Code   RO          675    i.MX_USART6_UART_Init  usart.o
    0x08004db0   0x08004db0   0x00000002   Code   RO          735    i.MemManage_Handler  stm32f4xx_it.o
    0x08004db2   0x08004db2   0x0000003a   Code   RO         6181    i.MotorEncoderProcess  motor.o
    0x08004dec   0x08004dec   0x0000002a   Code   RO         6182    i.MotorParamInit    motor.o
    0x08004e16   0x08004e16   0x00000002   Code   RO          736    i.NMI_Handler       stm32f4xx_it.o
    0x08004e18   0x08004e18   0x00000024   Code   RO         6784    i.PC_RxCpltCallback  pc_communicate.o
    0x08004e3c   0x08004e3c   0x00000020   Code   RO         6785    i.PC_communicate_init  pc_communicate.o
    0x08004e5c   0x08004e5c   0x000000e8   Code   RO         6242    i.PID_Calc          pid.o
    0x08004f44   0x08004f44   0x00000058   Code   RO         6787    i.PcDataReceiveHandle  pc_communicate.o
    0x08004f9c   0x08004f9c   0x00000084   Code   RO         6060    i.REMOTE_IDLE_Callback  remote.o
    0x08005020   0x08005020   0x000000b4   Code   RO         6061    i.RemoteData        remote.o
    0x080050d4   0x080050d4   0x00000020   Code   RO         6062    i.Remote_init       remote.o
    0x080050f4   0x080050f4   0x00000260   Code   RO         6846    i.RobotParamInit    robot.o
    0x08005354   0x08005354   0x000002f4   Code   RO         6847    i.RobotStateChange  robot.o
    0x08005648   0x08005648   0x0000000c   Code   RO          737    i.SPI1_IRQHandler   stm32f4xx_it.o
    0x08005654   0x08005654   0x00000010   Code   RO         2833    i.SPI_DMAAbortOnError  stm32f4xx_hal_spi.o
    0x08005664   0x08005664   0x00000058   Code   RO         2844    i.SPI_EndRxTxTransaction  stm32f4xx_hal_spi.o
    0x080056bc   0x080056bc   0x00000094   Code   RO         2849    i.SPI_WaitFlagStateUntilTimeout  stm32f4xx_hal_spi.o
    0x08005750   0x08005750   0x00000060   Code   RO         6879    i.ShootParamCalculate  shoot.o
    0x080057b0   0x080057b0   0x000000a8   Code   RO         6880    i.ShootParamChange  shoot.o
    0x08005858   0x08005858   0x0000000c   Code   RO          274    i.StartChassisTask  freertos.o
    0x08005864   0x08005864   0x00000018   Code   RO          275    i.StartDefaultTask  freertos.o
    0x0800587c   0x0800587c   0x0000000c   Code   RO          276    i.StartGimbalTask   freertos.o
    0x08005888   0x08005888   0x0000002c   Code   RO          277    i.StartImuTask      freertos.o
    0x080058b4   0x080058b4   0x00000008   Code   RO          278    i.StartRefereeTask  freertos.o
    0x080058bc   0x080058bc   0x00000010   Code   RO          279    i.StartRobotCMDTask  freertos.o
    0x080058cc   0x080058cc   0x0000000c   Code   RO          280    i.StartShootTask    freertos.o
    0x080058d8   0x080058d8   0x0000003c   Code   RO         6634    i.SuperviseTaskHandle  supervise.o
    0x08005914   0x08005914   0x00000004   Code   RO          281    i.SuperviseTimer    freertos.o
    0x08005918   0x08005918   0x0000002c   Code   RO         5979    i.SysTick_Handler   port.o
    0x08005944   0x08005944   0x00000094   Code   RO           15    i.SystemClock_Config  main.o
    0x080059d8   0x080059d8   0x0000001c   Code   RO         4372    i.SystemInit        system_stm32f4xx.o
    0x080059f4   0x080059f4   0x0000000c   Code   RO          738    i.TIM6_DAC_IRQHandler  stm32f4xx_it.o
    0x08005a00   0x08005a00   0x0000000c   Code   RO          739    i.TIM7_IRQHandler   stm32f4xx_it.o
    0x08005a0c   0x08005a0c   0x000000c8   Code   RO         3207    i.TIM_Base_SetConfig  stm32f4xx_hal_tim.o
    0x08005ad4   0x08005ad4   0x0000001a   Code   RO         3208    i.TIM_CCxChannelCmd  stm32f4xx_hal_tim.o
    0x08005aee   0x08005aee   0x00000002   PAD
    0x08005af0   0x08005af0   0x00000060   Code   RO         3220    i.TIM_OC1_SetConfig  stm32f4xx_hal_tim.o
    0x08005b50   0x08005b50   0x0000006c   Code   RO         3221    i.TIM_OC2_SetConfig  stm32f4xx_hal_tim.o
    0x08005bbc   0x08005bbc   0x00000068   Code   RO         3222    i.TIM_OC3_SetConfig  stm32f4xx_hal_tim.o
    0x08005c24   0x08005c24   0x00000050   Code   RO         3223    i.TIM_OC4_SetConfig  stm32f4xx_hal_tim.o
    0x08005c74   0x08005c74   0x00000018   Code   RO         5498    i.TimerCallback     cmsis_os2.o
    0x08005c8c   0x08005c8c   0x00000010   Code   RO         4083    i.UART_DMAAbortOnError  stm32f4xx_hal_uart.o
    0x08005c9c   0x08005c9c   0x0000004a   Code   RO         4084    i.UART_DMAError     stm32f4xx_hal_uart.o
    0x08005ce6   0x08005ce6   0x0000003c   Code   RO         4085    i.UART_DMAReceiveCplt  stm32f4xx_hal_uart.o
    0x08005d22   0x08005d22   0x0000000a   Code   RO         4087    i.UART_DMARxHalfCplt  stm32f4xx_hal_uart.o
    0x08005d2c   0x08005d2c   0x0000001c   Code   RO         4093    i.UART_EndRxTransfer  stm32f4xx_hal_uart.o
    0x08005d48   0x08005d48   0x00000012   Code   RO         4094    i.UART_EndTxTransfer  stm32f4xx_hal_uart.o
    0x08005d5a   0x08005d5a   0x00000096   Code   RO         4095    i.UART_Receive_IT   stm32f4xx_hal_uart.o
    0x08005df0   0x08005df0   0x00000128   Code   RO         4096    i.UART_SetConfig    stm32f4xx_hal_uart.o
    0x08005f18   0x08005f18   0x00000062   Code   RO         4097    i.UART_Transmit_IT  stm32f4xx_hal_uart.o
    0x08005f7a   0x08005f7a   0x00000002   PAD
    0x08005f7c   0x08005f7c   0x0000000c   Code   RO          740    i.USART1_IRQHandler  stm32f4xx_it.o
    0x08005f88   0x08005f88   0x0000000c   Code   RO          741    i.USART3_IRQHandler  stm32f4xx_it.o
    0x08005f94   0x08005f94   0x0000000c   Code   RO          742    i.USART6_IRQHandler  stm32f4xx_it.o
    0x08005fa0   0x08005fa0   0x00000002   Code   RO          743    i.UsageFault_Handler  stm32f4xx_it.o
    0x08005fa2   0x08005fa2   0x00000030   Code   RO         7108    i.__ARM_fpclassify  m_wm.l(fpclassify.o)
    0x08005fd2   0x08005fd2   0x00000026   Code   RO         7035    i.__ARM_fpclassifyf  m_wm.l(fpclassifyf.o)
    0x08005ff8   0x08005ff8   0x00000020   Code   RO         1915    i.__NVIC_SetPriority  stm32f4xx_hal_cortex.o
    0x08006018   0x08006018   0x0000012c   Code   RO         6907    i.__hardfp_asinf    m_wm.l(asinf.o)
    0x08006144   0x08006144   0x00000250   Code   RO         6919    i.__hardfp_atan2f   m_wm.l(atan2f.o)
    0x08006394   0x08006394   0x00000004   PAD
    0x08006398   0x08006398   0x000000c8   Code   RO         6931    i.__hardfp_cos      m_wm.l(cos.o)
    0x08006460   0x08006460   0x00000664   Code   RO         6943    i.__hardfp_powf     m_wm.l(powf.o)
    0x08006ac4   0x08006ac4   0x00000004   PAD
    0x08006ac8   0x08006ac8   0x000000c8   Code   RO         6957    i.__hardfp_sin      m_wm.l(sin.o)
    0x08006b90   0x08006b90   0x0000007a   Code   RO         6969    i.__hardfp_sqrt     m_wm.l(sqrt.o)
    0x08006c0a   0x08006c0a   0x0000003a   Code   RO         6981    i.__hardfp_sqrtf    m_wm.l(sqrtf.o)
    0x08006c44   0x08006c44   0x00000004   PAD
    0x08006c48   0x08006c48   0x00000438   Code   RO         7051    i.__ieee754_rem_pio2  m_wm.l(rred.o)
    0x08007080   0x08007080   0x00000170   Code   RO         7018    i.__kernel_cos      m_wm.l(cos_i.o)
    0x080071f0   0x080071f0   0x000000f8   Code   RO         7110    i.__kernel_poly     m_wm.l(poly.o)
    0x080072e8   0x080072e8   0x00000130   Code   RO         7056    i.__kernel_sin      m_wm.l(sin_i.o)
    0x08007418   0x08007418   0x00000014   Code   RO         7022    i.__mathlib_dbl_infnan  m_wm.l(dunder.o)
    0x0800742c   0x0800742c   0x00000004   PAD
    0x08007430   0x08007430   0x00000020   Code   RO         7024    i.__mathlib_dbl_invalid  m_wm.l(dunder.o)
    0x08007450   0x08007450   0x00000020   Code   RO         7027    i.__mathlib_dbl_underflow  m_wm.l(dunder.o)
    0x08007470   0x08007470   0x00000014   Code   RO         7037    i.__mathlib_flt_divzero  m_wm.l(funder.o)
    0x08007484   0x08007484   0x00000006   Code   RO         7038    i.__mathlib_flt_infnan  m_wm.l(funder.o)
    0x0800748a   0x0800748a   0x00000006   Code   RO         7039    i.__mathlib_flt_infnan2  m_wm.l(funder.o)
    0x08007490   0x08007490   0x00000010   Code   RO         7040    i.__mathlib_flt_invalid  m_wm.l(funder.o)
    0x080074a0   0x080074a0   0x00000010   Code   RO         7041    i.__mathlib_flt_overflow  m_wm.l(funder.o)
    0x080074b0   0x080074b0   0x00000010   Code   RO         7043    i.__mathlib_flt_underflow  m_wm.l(funder.o)
    0x080074c0   0x080074c0   0x0000000e   Code   RO         7120    i.__scatterload_copy  mc_w.l(handlers.o)
    0x080074ce   0x080074ce   0x00000002   Code   RO         7121    i.__scatterload_null  mc_w.l(handlers.o)
    0x080074d0   0x080074d0   0x0000000e   Code   RO         7122    i.__scatterload_zeroinit  mc_w.l(handlers.o)
    0x080074de   0x080074de   0x00000002   PAD
    0x080074e0   0x080074e0   0x0000000c   Code   RO         7084    i.__set_errno       mc_w.l(errno.o)
    0x080074ec   0x080074ec   0x00000110   Code   RO         6476    i.bmi088_accel_init  bmi088driver.o
    0x080075fc   0x080075fc   0x000000dc   Code   RO         6477    i.bmi088_gyro_init  bmi088driver.o
    0x080076d8   0x080076d8   0x00000018   Code   RO         7104    i.fabs              m_wm.l(fabs.o)
    0x080076f0   0x080076f0   0x00000118   Code   RO         6406    i.imuDataHandle     attituderesolve.o
    0x08007808   0x08007808   0x00000398   Code   RO         6407    i.imuUpdate         attituderesolve.o
    0x08007ba0   0x08007ba0   0x000000dc   Code   RO           16    i.main              main.o
    0x08007c7c   0x08007c7c   0x00000034   Code   RO         5499    i.osDelay           cmsis_os2.o
    0x08007cb0   0x08007cb0   0x00000034   Code   RO         5513    i.osKernelInitialize  cmsis_os2.o
    0x08007ce4   0x08007ce4   0x0000003c   Code   RO         5516    i.osKernelStart     cmsis_os2.o
    0x08007d20   0x08007d20   0x000000a4   Code   RO         5549    i.osThreadNew       cmsis_os2.o
    0x08007dc4   0x08007dc4   0x00000084   Code   RO         5558    i.osTimerNew        cmsis_os2.o
    0x08007e48   0x08007e48   0x0000004c   Code   RO         5559    i.osTimerStart      cmsis_os2.o
    0x08007e94   0x08007e94   0x00000084   Code   RO         6408    i.processAccScale   attituderesolve.o
    0x08007f18   0x08007f18   0x000000a8   Code   RO         6409    i.processGyroBias   attituderesolve.o
    0x08007fc0   0x08007fc0   0x0000005c   Code   RO         4980    i.prvAddCurrentTaskToDelayedList  tasks.o
    0x0800801c   0x0800801c   0x000000d0   Code   RO         4981    i.prvAddNewTaskToReadyList  tasks.o
    0x080080ec   0x080080ec   0x00000058   Code   RO         5333    i.prvCheckForValidListAndQueue  timers.o
    0x08008144   0x08008144   0x00000026   Code   RO         4577    i.prvCopyDataFromQueue  queue.o
    0x0800816a   0x0800816a   0x0000006c   Code   RO         4578    i.prvCopyDataToQueue  queue.o
    0x080081d6   0x080081d6   0x00000034   Code   RO         4982    i.prvDeleteTCB      tasks.o
    0x0800820a   0x0800820a   0x00000002   PAD
    0x0800820c   0x0800820c   0x0000004c   Code   RO         5929    i.prvHeapInit       heap_4.o
    0x08008258   0x08008258   0x00000060   Code   RO         4983    i.prvIdleTask       tasks.o
    0x080082b8   0x080082b8   0x00000022   Code   RO         4580    i.prvInitialiseNewQueue  queue.o
    0x080082da   0x080082da   0x00000002   PAD
    0x080082dc   0x080082dc   0x000000b0   Code   RO         4984    i.prvInitialiseNewTask  tasks.o
    0x0800838c   0x0800838c   0x0000004e   Code   RO         5334    i.prvInitialiseNewTimer  timers.o
    0x080083da   0x080083da   0x00000002   PAD
    0x080083dc   0x080083dc   0x0000004c   Code   RO         5930    i.prvInsertBlockIntoFreeList  heap_4.o
    0x08008428   0x08008428   0x00000038   Code   RO         5335    i.prvInsertTimerInActiveList  timers.o
    0x08008460   0x08008460   0x0000001c   Code   RO         4581    i.prvIsQueueEmpty   queue.o
    0x0800847c   0x0800847c   0x000000fc   Code   RO         5336    i.prvProcessReceivedCommands  timers.o
    0x08008578   0x08008578   0x000000c0   Code   RO         5337    i.prvProcessTimerOrBlockTask  timers.o
    0x08008638   0x08008638   0x00000020   Code   RO         4986    i.prvResetNextTaskUnblockTime  tasks.o
    0x08008658   0x08008658   0x00000028   Code   RO         5338    i.prvSampleTimeNow  timers.o
    0x08008680   0x08008680   0x0000006c   Code   RO         5339    i.prvSwitchTimerLists  timers.o
    0x080086ec   0x080086ec   0x00000028   Code   RO         5980    i.prvTaskExitError  port.o
    0x08008714   0x08008714   0x00000024   Code   RO         5340    i.prvTimerTask      timers.o
    0x08008738   0x08008738   0x0000006a   Code   RO         4582    i.prvUnlockQueue    queue.o
    0x080087a2   0x080087a2   0x00000002   PAD
    0x080087a4   0x080087a4   0x000000d8   Code   RO         5931    i.pvPortMalloc      heap_4.o
    0x0800887c   0x0800887c   0x00000024   Code   RO         5341    i.pvTimerGetTimerID  timers.o
    0x080088a0   0x080088a0   0x0000002c   Code   RO         5981    i.pxPortInitialiseStack  port.o
    0x080088cc   0x080088cc   0x000000dc   Code   RO         6410    i.sensorsCalculateVarianceAndMean  attituderesolve.o
    0x080089a8   0x080089a8   0x0000003e   Code   RO         6983    i.sqrtf             m_wm.l(sqrtf.o)
    0x080089e6   0x080089e6   0x00000026   Code   RO         4537    i.uxListRemove      list.o
    0x08008a0c   0x08008a0c   0x00000014   Code   RO         5561    i.vApplicationGetIdleTaskMemory  cmsis_os2.o
    0x08008a20   0x08008a20   0x00000018   Code   RO         5562    i.vApplicationGetTimerTaskMemory  cmsis_os2.o
    0x08008a38   0x08008a38   0x00000016   Code   RO         4538    i.vListInitialise   list.o
    0x08008a4e   0x08008a4e   0x00000006   Code   RO         4539    i.vListInitialiseItem  list.o
    0x08008a54   0x08008a54   0x00000030   Code   RO         4540    i.vListInsert       list.o
    0x08008a84   0x08008a84   0x00000018   Code   RO         4541    i.vListInsertEnd    list.o
    0x08008a9c   0x08008a9c   0x00000040   Code   RO         5983    i.vPortEnterCritical  port.o
    0x08008adc   0x08008adc   0x00000028   Code   RO         5984    i.vPortExitCritical  port.o
    0x08008b04   0x08008b04   0x0000005c   Code   RO         5932    i.vPortFree         heap_4.o
    0x08008b60   0x08008b60   0x00000024   Code   RO         5985    i.vPortSetupTimerInterrupt  port.o
    0x08008b84   0x08008b84   0x00000054   Code   RO         5986    i.vPortValidateInterruptPriority  port.o
    0x08008bd8   0x08008bd8   0x00000028   Code   RO         4588    i.vQueueAddToRegistry  queue.o
    0x08008c00   0x08008c00   0x00000044   Code   RO         4592    i.vQueueWaitForMessageRestricted  queue.o
    0x08008c44   0x08008c44   0x0000004c   Code   RO         4998    i.vTaskDelay        tasks.o
    0x08008c90   0x08008c90   0x00000010   Code   RO         5003    i.vTaskInternalSetTimeOutState  tasks.o
    0x08008ca0   0x08008ca0   0x0000000c   Code   RO         5004    i.vTaskMissedYield  tasks.o
    0x08008cac   0x08008cac   0x00000030   Code   RO         5006    i.vTaskPlaceOnEventList  tasks.o
    0x08008cdc   0x08008cdc   0x00000038   Code   RO         5007    i.vTaskPlaceOnEventListRestricted  tasks.o
    0x08008d14   0x08008d14   0x00000088   Code   RO         5015    i.vTaskStartScheduler  tasks.o
    0x08008d9c   0x08008d9c   0x00000010   Code   RO         5017    i.vTaskSuspendAll   tasks.o
    0x08008dac   0x08008dac   0x00000064   Code   RO         5018    i.vTaskSwitchContext  tasks.o
    0x08008e10   0x08008e10   0x000000f4   Code   RO         5987    i.xPortStartScheduler  port.o
    0x08008f04   0x08008f04   0x00000066   Code   RO         4598    i.xQueueGenericCreateStatic  queue.o
    0x08008f6a   0x08008f6a   0x00000002   PAD
    0x08008f6c   0x08008f6c   0x00000088   Code   RO         4599    i.xQueueGenericReset  queue.o
    0x08008ff4   0x08008ff4   0x00000160   Code   RO         4600    i.xQueueGenericSend  queue.o
    0x08009154   0x08009154   0x000000bc   Code   RO         4601    i.xQueueGenericSendFromISR  queue.o
    0x08009210   0x08009210   0x00000138   Code   RO         4610    i.xQueueReceive     queue.o
    0x08009348   0x08009348   0x00000074   Code   RO         5019    i.xTaskCheckForTimeOut  tasks.o
    0x080093bc   0x080093bc   0x0000005a   Code   RO         5020    i.xTaskCreate       tasks.o
    0x08009416   0x08009416   0x00000056   Code   RO         5021    i.xTaskCreateStatic  tasks.o
    0x0800946c   0x0800946c   0x0000001c   Code   RO         5025    i.xTaskGetSchedulerState  tasks.o
    0x08009488   0x08009488   0x0000000c   Code   RO         5026    i.xTaskGetTickCount  tasks.o
    0x08009494   0x08009494   0x000000c8   Code   RO         5028    i.xTaskIncrementTick  tasks.o
    0x0800955c   0x0800955c   0x00000080   Code   RO         5031    i.xTaskPriorityDisinherit  tasks.o
    0x080095dc   0x080095dc   0x00000070   Code   RO         5033    i.xTaskRemoveFromEventList  tasks.o
    0x0800964c   0x0800964c   0x000000c4   Code   RO         5034    i.xTaskResumeAll    tasks.o
    0x08009710   0x08009710   0x00000034   Code   RO         5346    i.xTimerCreate      timers.o
    0x08009744   0x08009744   0x0000002e   Code   RO         5347    i.xTimerCreateStatic  timers.o
    0x08009772   0x08009772   0x00000002   PAD
    0x08009774   0x08009774   0x00000060   Code   RO         5348    i.xTimerCreateTimerTask  timers.o
    0x080097d4   0x080097d4   0x00000068   Code   RO         5349    i.xTimerGenericCommand  timers.o
    0x0800983c   0x0800983c   0x0000011c   Data   RO          282    .constdata          freertos.o
    0x08009958   0x08009958   0x00000008   Data   RO         1632    .constdata          stm32f4xx_hal_dma.o
    0x08009960   0x08009960   0x00000010   Data   RO         4373    .constdata          system_stm32f4xx.o
    0x08009970   0x08009970   0x00000008   Data   RO         4374    .constdata          system_stm32f4xx.o
    0x08009978   0x08009978   0x00000140   Data   RO         6946    .constdata          m_wm.l(powf.o)
    0x08009ab8   0x08009ab8   0x00000030   Data   RO         7019    .constdata          m_wm.l(cos_i.o)
    0x08009ae8   0x08009ae8   0x000000c8   Data   RO         7053    .constdata          m_wm.l(rred.o)
    0x08009bb0   0x08009bb0   0x00000028   Data   RO         7057    .constdata          m_wm.l(sin_i.o)
    0x08009bd8   0x08009bd8   0x00000070   Data   RO          283    .conststring        freertos.o
    0x08009c48   0x08009c48   0x00000020   Data   RO         7118    Region$$Table       anon$$obj.o


    Execution Region RW_IRAM2 (Exec base: 0x10000000, Load base: 0x08009cb8, Size: 0x00000000, Max: 0x00010000, ABSOLUTE)

    **** No section assigned to this execution region ****


    Execution Region RW_IRAM1 (Exec base: 0x20000000, Load base: 0x08009c68, Size: 0x0000b308, Max: 0x00020000, ABSOLUTE, COMPRESSED[0x00000050])

    Exec Addr    Load Addr    Size         Type   Attr      Idx    E Section Name        Object

    0x20000000   COMPRESSED   0x00000028   Data   RW          284    .data               freertos.o
    0x20000028   COMPRESSED   0x00000004   Data   RW          393    .data               can.o
    0x2000002c   COMPRESSED   0x00000008   Data   RW          440    .data               crc.o
    0x20000034   COMPRESSED   0x0000000c   Data   RW         2059    .data               stm32f4xx_hal.o
    0x20000040   COMPRESSED   0x00000004   Data   RW         4375    .data               system_stm32f4xx.o
    0x20000044   COMPRESSED   0x0000003c   Data   RW         5037    .data               tasks.o
    0x20000080   COMPRESSED   0x00000014   Data   RW         5357    .data               timers.o
    0x20000094   COMPRESSED   0x00000004   Data   RW         5564    .data               cmsis_os2.o
    0x20000098   COMPRESSED   0x00000018   Data   RW         5937    .data               heap_4.o
    0x200000b0   COMPRESSED   0x0000000c   Data   RW         5988    .data               port.o
    0x200000bc   COMPRESSED   0x00000010   Data   RW         6121    .data               bsp_can.o
    0x200000cc   COMPRESSED   0x0000003c   Data   RW         6413    .data               attituderesolve.o
    0x20000108   COMPRESSED   0x00000024   Data   RW         6478    .data               bmi088driver.o
    0x2000012c   COMPRESSED   0x00000004   Data   RW         6636    .data               supervise.o
    0x20000130   COMPRESSED   0x000000a4   Data   RW         6680    .data               beep.o
    0x200001d4   COMPRESSED   0x00000004   Data   RW         6710    .data               chassis.o
    0x200001d8   COMPRESSED   0x00000008   Data   RW         6791    .data               pc_communicate.o
    0x200001e0   COMPRESSED   0x00000004   Data   RW         7085    .data               mc_w.l(errno.o)
    0x200001e4        -       0x00000050   Zero   RW          392    .bss                can.o
    0x20000234        -       0x00000054   Zero   RW          506    .bss                i2c.o
    0x20000288        -       0x00000058   Zero   RW          548    .bss                spi.o
    0x200002e0        -       0x00000140   Zero   RW          597    .bss                tim.o
    0x20000420        -       0x00000120   Zero   RW          676    .bss                usart.o
    0x20000540        -       0x00000040   Zero   RW          888    .bss                stm32f4xx_hal_timebase_tim.o
    0x20000580        -       0x00000040   Zero   RW         4614    .bss                queue.o
    0x200005c0        -       0x000004c4   Zero   RW         5036    .bss                tasks.o
    0x20000a84        -       0x00000118   Zero   RW         5356    .bss                timers.o
    0x20000b9c        -       0x000006b8   Zero   RW         5563    .bss                cmsis_os2.o
    0x20001254        -       0x00003c00   Zero   RW         5936    .bss                heap_4.o
    0x20004e54        -       0x00000084   Zero   RW         6063    .bss                remote.o
    0x20004ed8        -       0x00000060   Zero   RW         6183    .bss                motor.o
    0x20004f38        -       0x00000074   Zero   RW         6184    .bss                motor.o
    0x20004fac        -       0x00000074   Zero   RW         6185    .bss                motor.o
    0x20005020        -       0x00000074   Zero   RW         6186    .bss                motor.o
    0x20005094        -       0x00000074   Zero   RW         6187    .bss                motor.o
    0x20005108        -       0x00000074   Zero   RW         6188    .bss                motor.o
    0x2000517c        -       0x00000074   Zero   RW         6189    .bss                motor.o
    0x200051f0        -       0x00000074   Zero   RW         6190    .bss                motor.o
    0x20005264        -       0x00000074   Zero   RW         6191    .bss                motor.o
    0x200052d8        -       0x00000074   Zero   RW         6192    .bss                motor.o
    0x2000534c        -       0x00000074   Zero   RW         6193    .bss                motor.o
    0x200053c0        -       0x00000074   Zero   RW         6194    .bss                motor.o
    0x20005434        -       0x00000074   Zero   RW         6195    .bss                motor.o
    0x200054a8        -       0x00000074   Zero   RW         6196    .bss                motor.o
    0x2000551c        -       0x00000074   Zero   RW         6197    .bss                motor.o
    0x20005590        -       0x00000074   Zero   RW         6198    .bss                motor.o
    0x20005604        -       0x00000074   Zero   RW         6199    .bss                motor.o
    0x20005678        -       0x00000060   Zero   RW         6378    .bss                kalman.o
    0x200056d8        -       0x00000060   Zero   RW         6379    .bss                kalman.o
    0x20005738        -       0x00000060   Zero   RW         6380    .bss                kalman.o
    0x20005798        -       0x00003014   Zero   RW         6411    .bss                attituderesolve.o
    0x200087ac        -       0x00000068   Zero   RW         6412    .bss                attituderesolve.o
    0x20008814        -       0x00000034   Zero   RW         6599    .bss                imu_heat.o
    0x20008848        -       0x00000030   Zero   RW         6635    .bss                supervise.o
    0x20008878        -       0x00000046   Zero   RW         6790    .bss                pc_communicate.o
    0x200088be   COMPRESSED   0x00000002   PAD
    0x200088c0        -       0x00000048   Zero   RW         6848    .bss                robot.o
    0x20008908        -       0x00002a00   Zero   RW            1    STACK               startup_stm32f407xx.o


==============================================================================

Image component sizes


      Code (inc. data)   RO Data    RW Data    ZI Data      Debug   Object Name

      1852        112          0         60      12412       7746   attituderesolve.o
        68         12          0        164          0       1369   beep.o
       920         22          0         36          0       6531   bmi088driver.o
       168         32          0          0          0       3823   bmi088middleware.o
       704        116          0         16          0       5763   bsp_can.o
       428         46          0          4         80       2602   can.o
       824         72          0          4          0       1489   chassis.o
       604         44          0          4       1720      33578   cmsis_os2.o
        76         18          0          8          0       1607   crc.o
        44          4          0          0          0        818   dma.o
         0          0          0          0          0      20944   event_groups.o
       396         66        396         40          0       9712   freertos.o
       368         42          0          0          0       1215   gimbal.o
       292         26          0          0          0       1179   gpio.o
       460         24          0         24      15360       4903   heap_4.o
       216         32          0          0         84       1817   i2c.o
       132         38          0          0         52       1331   imu_heat.o
       260         10          0          0        288       2439   kalman.o
       138          0          0          0          0       3678   list.o
       392         50          0          0          0     728651   main.o
       216         10          0          0       1952       4850   motor.o
       156         26          0          8         70       2618   pc_communicate.o
       232          0          0          0          0        879   pid.o
       786         82          0         12          0      11849   port.o
      1512         20          0          0         64      17708   queue.o
       384         38          0          0        132       2944   remote.o
      1364        178          0          0         72       1883   robot.o
       264         36          0          0          0       1137   shoot.o
       232         24          0          0         88       1833   spi.o
        36          8        392          0      10752        856   startup_stm32f407xx.o
        80         14          0         12          0       8210   stm32f4xx_hal.o
      1636          6          0          0          0      14115   stm32f4xx_hal_can.o
       158         14          0          0          0      33266   stm32f4xx_hal_cortex.o
        34          0          0          0          0       1091   stm32f4xx_hal_crc.o
      1086         16          8          0          0       8157   stm32f4xx_hal_dma.o
       464         46          0          0          0       3109   stm32f4xx_hal_gpio.o
      3226         48          0          0          0      20793   stm32f4xx_hal_i2c.o
        56          4          0          0          0        910   stm32f4xx_hal_msp.o
      1396         86          0          0          0       6041   stm32f4xx_hal_rcc.o
      1116         14          0          0          0       7146   stm32f4xx_hal_spi.o
      1570         98          0          0          0      15060   stm32f4xx_hal_tim.o
       232         28          0          0          0       3389   stm32f4xx_hal_tim_ex.o
       116         16          0          0         64       1487   stm32f4xx_hal_timebase_tim.o
      1452         30          0          0          0      12639   stm32f4xx_hal_uart.o
       172         76          0          0          0       9965   stm32f4xx_it.o
         0          0          0          0          0        392   stream_buffer.o
        88         20          0          4         48       2291   supervise.o
        28          6         24          4          0       1223   system_stm32f4xx.o
      2084        170          0         60       1220      27476   tasks.o
       864        104          0          0        320       5870   tim.o
      1184         80          0         20        280      36351   timers.o
       576         72          0          0        288       3415   usart.o

    ----------------------------------------------------------------------
     31202       2136        852        480      45348    1110148   Object Totals
         0          0         32          0          0          0   (incl. Generated)
        60          0          0          0          2          0   (incl. Padding)

    ----------------------------------------------------------------------

      Code (inc. data)   RO Data    RW Data    ZI Data      Debug   Library Member Name

       300         42          0          0          0        176   asinf.o
       592         90          0          0          0        184   atan2f.o
       200         20          0          0          0        164   cos.o
       368         46         48          0          0        200   cos_i.o
        84         16          0          0          0        372   dunder.o
        24          0          0          0          0        124   fabs.o
        48          0          0          0          0        124   fpclassify.o
        38          0          0          0          0        116   fpclassifyf.o
        80         24          0          0          0        696   funder.o
       248          0          0          0          0        152   poly.o
      1636        110        320          0          0        372   powf.o
      1080        142        200          0          0        188   rred.o
       200         20          0          0          0        164   sin.o
       304         24         40          0          0        208   sin_i.o
       122          0          0          0          0        148   sqrt.o
       120          0          0          0          0        272   sqrtf.o
        86          0          0          0          0          0   __dczerorl2.o
         0          0          0          0          0          0   entry.o
         0          0          0          0          0          0   entry10a.o
         0          0          0          0          0          0   entry11a.o
         8          4          0          0          0          0   entry2.o
         4          0          0          0          0          0   entry5.o
         0          0          0          0          0          0   entry7b.o
         0          0          0          0          0          0   entry8b.o
         8          4          0          0          0          0   entry9a.o
        12          6          0          4          0         68   errno.o
        30          0          0          0          0          0   handlers.o
        36          8          0          0          0         68   init.o
         0          0          0          0          0          0   iusefp.o
        30          0          0          0          0         68   llshl.o
        36          0          0          0          0         68   llsshr.o
        32          0          0          0          0         68   llushr.o
        36          0          0          0          0         68   memcpya.o
        36          0          0          0          0        108   memseta.o
        98          0          0          0          0         92   uldiv.o
        56          0          0          0          0         88   d2f.o
       334          0          0          0          0        148   dadd.o
       222          0          0          0          0        100   ddiv.o
       186          0          0          0          0        176   depilogue.o
        62          0          0          0          0         80   dfixi.o
        34          0          0          0          0         76   dflti.o
        26          0          0          0          0         76   dfltui.o
       228          0          0          0          0         96   dmul.o
       162          0          0          0          0        100   dsqrt.o
        38          0          0          0          0         68   f2d.o
       110          0          0          0          0        168   fepilogue.o
         4          0          0          0          0         68   fpstat.o

    ----------------------------------------------------------------------
      7378        564        608          4          0       5512   Library Totals
        20          8          0          0          0          0   (incl. Padding)

    ----------------------------------------------------------------------

      Code (inc. data)   RO Data    RW Data    ZI Data      Debug   Library Name

      5444        534        608          0          0       3660   m_wm.l
       452         22          0          4          0        608   mc_w.l
      1462          0          0          0          0       1244   mf_w.l

    ----------------------------------------------------------------------
      7378        564        608          4          0       5512   Library Totals

    ----------------------------------------------------------------------

==============================================================================


      Code (inc. data)   RO Data    RW Data    ZI Data      Debug   

     38580       2700       1460        484      45348    1083760   Grand Totals
     38580       2700       1460         80      45348    1083760   ELF Image Totals (compressed)
     38580       2700       1460         80          0          0   ROM Totals

==============================================================================

    Total RO  Size (Code + RO Data)                40040 (  39.10kB)
    Total RW  Size (RW Data + ZI Data)             45832 (  44.76kB)
    Total ROM Size (Code + RO Data + RW Data)      40120 (  39.18kB)

==============================================================================

